Archive member included to satisfy reference by file (symbol)

C:/Users/vivek/.pico-sdk/toolchain/13_2_Rel1/bin/../lib/gcc/arm-none-eabi/13.2.1/thumb/v8-m.main+fp/softfp\libm.a(libm_a-wf_sqrt.o)
                              CMakeFiles/SW_RP2350.dir/C_/Users/vivek/.pico-sdk/sdk/2.0.0/src/rp2_common/pico_float/float_math.c.obj (sqrtf)
C:/Users/vivek/.pico-sdk/toolchain/13_2_Rel1/bin/../lib/gcc/arm-none-eabi/13.2.1/thumb/v8-m.main+fp/softfp\libm.a(libm_a-ef_sqrt.o)
                              C:/Users/vivek/.pico-sdk/toolchain/13_2_Rel1/bin/../lib/gcc/arm-none-eabi/13.2.1/thumb/v8-m.main+fp/softfp\libm.a(libm_a-wf_sqrt.o) (__ieee754_sqrtf)
C:/Users/vivek/.pico-sdk/toolchain/13_2_Rel1/bin/../lib/gcc/arm-none-eabi/13.2.1/thumb/v8-m.main+fp/softfp\libgcc.a(_arm_addsubdf3.o)
                              CMakeFiles/SW_RP2350.dir/C_/Users/vivek/.pico-sdk/sdk/2.0.0/src/rp2_common/pico_float/float_math.c.obj (__aeabi_f2d)
C:/Users/vivek/.pico-sdk/toolchain/13_2_Rel1/bin/../lib/gcc/arm-none-eabi/13.2.1/thumb/v8-m.main+fp/softfp\libgcc.a(_aeabi_ldivmod.o)
                              CMakeFiles/SW_RP2350.dir/C_/Users/vivek/.pico-sdk/sdk/2.0.0/src/common/pico_time/time.c.obj (__aeabi_ldivmod)
C:/Users/vivek/.pico-sdk/toolchain/13_2_Rel1/bin/../lib/gcc/arm-none-eabi/13.2.1/thumb/v8-m.main+fp/softfp\libgcc.a(_aeabi_uldivmod.o)
                              CMakeFiles/SW_RP2350.dir/C_/Users/vivek/.pico-sdk/sdk/2.0.0/src/rp2_common/hardware_clocks/clocks.c.obj (__aeabi_uldivmod)
C:/Users/vivek/.pico-sdk/toolchain/13_2_Rel1/bin/../lib/gcc/arm-none-eabi/13.2.1/thumb/v8-m.main+fp/softfp\libgcc.a(_udivmoddi4.o)
                              C:/Users/vivek/.pico-sdk/toolchain/13_2_Rel1/bin/../lib/gcc/arm-none-eabi/13.2.1/thumb/v8-m.main+fp/softfp\libgcc.a(_aeabi_ldivmod.o) (__udivmoddi4)
C:/Users/vivek/.pico-sdk/toolchain/13_2_Rel1/bin/../lib/gcc/arm-none-eabi/13.2.1/thumb/v8-m.main+fp/softfp\libgcc.a(_dvmd_tls.o)
                              C:/Users/vivek/.pico-sdk/toolchain/13_2_Rel1/bin/../lib/gcc/arm-none-eabi/13.2.1/thumb/v8-m.main+fp/softfp\libgcc.a(_aeabi_ldivmod.o) (__aeabi_ldiv0)
C:/Users/vivek/.pico-sdk/toolchain/13_2_Rel1/bin/../lib/gcc/arm-none-eabi/13.2.1/thumb/v8-m.main+fp/softfp\libg.a(libc_a-calloc.o)
                              CMakeFiles/SW_RP2350.dir/C_/Users/vivek/.pico-sdk/sdk/2.0.0/src/rp2_common/pico_malloc/malloc.c.obj (calloc)
C:/Users/vivek/.pico-sdk/toolchain/13_2_Rel1/bin/../lib/gcc/arm-none-eabi/13.2.1/thumb/v8-m.main+fp/softfp\libg.a(libc_a-callocr.o)
                              C:/Users/vivek/.pico-sdk/toolchain/13_2_Rel1/bin/../lib/gcc/arm-none-eabi/13.2.1/thumb/v8-m.main+fp/softfp\libg.a(libc_a-calloc.o) (_calloc_r)
C:/Users/vivek/.pico-sdk/toolchain/13_2_Rel1/bin/../lib/gcc/arm-none-eabi/13.2.1/thumb/v8-m.main+fp/softfp\libg.a(libc_a-malloc.o)
                              CMakeFiles/SW_RP2350.dir/C_/Users/vivek/.pico-sdk/sdk/2.0.0/src/rp2_common/pico_malloc/malloc.c.obj (malloc)
C:/Users/vivek/.pico-sdk/toolchain/13_2_Rel1/bin/../lib/gcc/arm-none-eabi/13.2.1/thumb/v8-m.main+fp/softfp\libg.a(libc_a-mallocr.o)
                              C:/Users/vivek/.pico-sdk/toolchain/13_2_Rel1/bin/../lib/gcc/arm-none-eabi/13.2.1/thumb/v8-m.main+fp/softfp\libg.a(libc_a-callocr.o) (_malloc_r)
C:/Users/vivek/.pico-sdk/toolchain/13_2_Rel1/bin/../lib/gcc/arm-none-eabi/13.2.1/thumb/v8-m.main+fp/softfp\libg.a(libc_a-mlock.o)
                              C:/Users/vivek/.pico-sdk/toolchain/13_2_Rel1/bin/../lib/gcc/arm-none-eabi/13.2.1/thumb/v8-m.main+fp/softfp\libg.a(libc_a-mallocr.o) (__malloc_lock)
C:/Users/vivek/.pico-sdk/toolchain/13_2_Rel1/bin/../lib/gcc/arm-none-eabi/13.2.1/thumb/v8-m.main+fp/softfp\libg.a(libc_a-realloc.o)
                              CMakeFiles/SW_RP2350.dir/C_/Users/vivek/.pico-sdk/sdk/2.0.0/src/rp2_common/pico_malloc/malloc.c.obj (realloc)
C:/Users/vivek/.pico-sdk/toolchain/13_2_Rel1/bin/../lib/gcc/arm-none-eabi/13.2.1/thumb/v8-m.main+fp/softfp\libg.a(libc_a-reallocr.o)
                              C:/Users/vivek/.pico-sdk/toolchain/13_2_Rel1/bin/../lib/gcc/arm-none-eabi/13.2.1/thumb/v8-m.main+fp/softfp\libg.a(libc_a-realloc.o) (_realloc_r)
C:/Users/vivek/.pico-sdk/toolchain/13_2_Rel1/bin/../lib/gcc/arm-none-eabi/13.2.1/thumb/v8-m.main+fp/softfp\libg.a(libc_a-ctype_.o)
                              CMakeFiles/SW_RP2350.dir/C_/Users/vivek/.pico-sdk/sdk/2.0.0/lib/tinyusb/src/tusb.c.obj (_ctype_)
C:/Users/vivek/.pico-sdk/toolchain/13_2_Rel1/bin/../lib/gcc/arm-none-eabi/13.2.1/thumb/v8-m.main+fp/softfp\libg.a(libc_a-memcmp.o)
                              CMakeFiles/SW_RP2350.dir/C_/Users/vivek/.pico-sdk/sdk/2.0.0/src/rp2_common/pico_atomic/atomic.c.obj (memcmp)
C:/Users/vivek/.pico-sdk/toolchain/13_2_Rel1/bin/../lib/gcc/arm-none-eabi/13.2.1/thumb/v8-m.main+fp/softfp\libg.a(libc_a-memmove.o)
                              C:/Users/vivek/.pico-sdk/toolchain/13_2_Rel1/bin/../lib/gcc/arm-none-eabi/13.2.1/thumb/v8-m.main+fp/softfp\libg.a(libc_a-reallocr.o) (memmove)
[...]
Memory Configuration

Name             Origin             Length             Attributes
FLASH            0x10000000         0x00400000         xr
RAM              0x20000000         0x00080000         xrw
SCRATCH_X        0x20080000         0x00001000         xrw
SCRATCH_Y        0x20081000         0x00001000         xrw
*default*        0x00000000         0xffffffff

Linker script and memory map

LOAD C:/Users/vivek/.pico-sdk/toolchain/13_2_Rel1/bin/../lib/gcc/arm-none-eabi/13.2.1/thumb/v8-m.main+fp/softfp/crti.o
LOAD C:/Users/vivek/.pico-sdk/toolchain/13_2_Rel1/bin/../lib/gcc/arm-none-eabi/13.2.1/thumb/v8-m.main+fp/softfp/crtbegin.o
LOAD C:/Users/vivek/.pico-sdk/toolchain/13_2_Rel1/bin/../lib/gcc/arm-none-eabi/13.2.1/thumb/v8-m.main+fp/softfp/crt0.o

.flash_begin    0x10000000        0x0
                0x10000000                        __flash_binary_start = .

.text           0x10000000     0x6e58
                0x10000000                        __logical_binary_start = .
 *(.vectors)
 .vectors       0x10000000      0x124 CMakeFiles/SW_RP2350.dir/C_/Users/vivek/.pico-sdk/sdk/2.0.0/src/rp2_common/pico_crt0/crt0.S.obj
                0x10000000                __VECTOR_TABLE
                0x10000000                __vectors
                0x10000110                __default_isrs_start
                0x10000110                isr_invalid
                0x10000112                isr_nmi
                0x10000114                isr_hardfault
                0x10000116                isr_svcall
                0x10000118                isr_pendsv
                0x1000011a                isr_systick
                0x1000011c                isr_irq31
                0x1000011c                isr_irq5
                0x1000011c                isr_irq11
                0x1000011c                isr_irq32
                0x1000011c                isr_irq23
                0x1000011c                isr_irq48
                0x1000011c                isr_irq35
                0x1000011c                isr_irq18
                0x1000011c                isr_irq50
                0x1000011c                isr_irq27
                0x1000011c                isr_irq40
                0x1000011c                isr_irq28
                0x1000011c                isr_irq19
                0x1000011c                isr_irq36
                0x1000011c                isr_irq41
                0x1000011c                isr_irq0
                0x1000011c                isr_irq6
                0x1000011c                isr_irq45
                0x1000011c                isr_irq12
                0x1000011c                isr_irq37
                0x1000011c                isr_irq42
                0x1000011c                isr_irq22
                0x1000011c                isr_irq43
                0x1000011c                isr_irq17
                0x1000011c                isr_irq38
                0x1000011c                isr_irq14
                0x1000011c                isr_irq13
                0x1000011c                isr_irq2
                0x1000011c                isr_irq10
                0x1000011c                isr_irq8
                0x1000011c                isr_irq24
                0x1000011c                isr_irq46
                0x1000011c                isr_irq1
                0x1000011c                isr_irq47
                0x1000011c                isr_irq51
                0x1000011c                isr_irq7
                0x1000011c                isr_irq21
                0x1000011c                isr_irq39
                0x1000011c                isr_irq20
                0x1000011c                isr_irq15
                0x1000011c                isr_irq25
                0x1000011c                isr_irq34
                0x1000011c                isr_irq49
                0x1000011c                __unhandled_user_irq
                0x1000011c                isr_irq4
                0x1000011c                isr_irq16
                0x1000011c                isr_irq44
                0x1000011c                isr_irq29
                0x1000011c                isr_irq26
                0x1000011c                __default_isrs_end
                0x1000011c                isr_irq33
                0x1000011c                isr_irq3
                0x1000011c                isr_irq30
                0x1000011c                isr_irq9
                0x10000122                unhandled_user_irq_num_in_r0
 *(.binary_info_header)
 .binary_info_header
                0x10000124       0x14 CMakeFiles/SW_RP2350.dir/C_/Users/vivek/.pico-sdk/sdk/2.0.0/src/rp2_common/pico_crt0/crt0.S.obj
                0x10000138                        __binary_info_header_end = .
 *(.embedded_block)
 .embedded_block
                0x10000138       0x14 CMakeFiles/SW_RP2350.dir/C_/Users/vivek/.pico-sdk/sdk/2.0.0/src/rp2_common/pico_crt0/crt0.S.obj
                0x1000014c                        __embedded_block_end = .
 *(.reset)
 .reset         0x1000014c       0xa0 CMakeFiles/SW_RP2350.dir/C_/Users/vivek/.pico-sdk/sdk/2.0.0/src/rp2_common/pico_crt0/crt0.S.obj
                0x1000014c                _entry_point
 *(.init)
 .init          0x100001ec        0x4 C:/Users/vivek/.pico-sdk/toolchain/13_2_Rel1/bin/../lib/gcc/arm-none-eabi/13.2.1/thumb/v8-m.main+fp/softfp/crti.o
                0x100001ec                _init
 *libgcc.a:cmse_nonsecure_call.o()
 *(EXCLUDE_FILE(*libm.a: *libc.a:*lib_a-mem*.o *libgcc.a:) .text*)
 .text.register_tm_clones
                0x100001f0       0x28 C:/Users/vivek/.pico-sdk/toolchain/13_2_Rel1/bin/../lib/gcc/arm-none-eabi/13.2.1/thumb/v8-m.main+fp/softfp/crtbegin.o
 .text.frame_dummy
                0x10000218       0x24 C:/Users/vivek/.pico-sdk/toolchain/13_2_Rel1/bin/../lib/gcc/arm-none-eabi/13.2.1/thumb/v8-m.main+fp/softfp/crtbegin.o
 .text.sm_config_set_clkdiv
                0x1000023c       0x50 CMakeFiles/SW_RP2350.dir/SW_RP2350.cpp.obj
 .text._ZL34residue_program_get_default_configj
                0x1000028c       0x3a CMakeFiles/SW_RP2350.dir/SW_RP2350.cpp.obj
 *fill*         0x100002c6        0x2 
 .text.set_sys_clock_khz
                0x100002c8       0x38 CMakeFiles/SW_RP2350.dir/SW_RP2350.cpp.obj
 .text._Z15ms_program_initP8pio_hw_tjjjjfj
                0x10000300       0xf8 CMakeFiles/SW_RP2350.dir/SW_RP2350.cpp.obj
                0x10000300                ms_program_init(pio_hw_t*, unsigned int, unsigned int, unsigned int, unsigned int, float, unsigned int)
 .text._Z20residue_program_initP8pio_hw_tjjjf
                0x100003f8       0xc0 CMakeFiles/SW_RP2350.dir/SW_RP2350.cpp.obj
                0x100003f8                residue_program_init(pio_hw_t*, unsigned int, unsigned int, unsigned int, float)
 .text._Z24calibration_program_initP8pio_hw_tjjjjfj
                0x100004b8      0x102 CMakeFiles/SW_RP2350.dir/SW_RP2350.cpp.obj
                0x100004b8                calibration_program_init(pio_hw_t*, unsigned int, unsigned int, unsigned int, unsigned int, float, unsigned int)
 .text._Z11setRegisterPV11registerMaphhh
                0x100005ba        0xa CMakeFiles/SW_RP2350.dir/SW_RP2350.cpp.obj
                0x100005ba                setRegister(registerMap volatile*, unsigned char, unsigned char, unsigned char)
 .text._Z11getRegisterPV11registerMaphh
                0x100005c4        0xe CMakeFiles/SW_RP2350.dir/SW_RP2350.cpp.obj
                0x100005c4                getRegister(registerMap volatile*, unsigned char, unsigned char)
 *fill*         0x100005d2        0x2 
 .text._Z16i2c0_irq_handlerv
                0x100005d4       0xf4 CMakeFiles/SW_RP2350.dir/SW_RP2350.cpp.obj
                0x100005d4                i2c0_irq_handler()
 .text._Z8i2c_initv
                0x100006c8       0x60 CMakeFiles/SW_RP2350.dir/SW_RP2350.cpp.obj
                0x100006c8                i2c_init()
 .text._Z11setMuxState8muxState
                0x10000728       0x44 CMakeFiles/SW_RP2350.dir/SW_RP2350.cpp.obj
                0x10000728                setMuxState(muxState)
 .text._Z10get_countsm
                0x1000076c      0x170 CMakeFiles/SW_RP2350.dir/SW_RP2350.cpp.obj
                0x1000076c                get_counts(unsigned long)
 .text._Z7get_calv
                0x100008dc       0xdc CMakeFiles/SW_RP2350.dir/SW_RP2350.cpp.obj
                0x100008dc                get_cal()
 .text._Z10get_resultv
                0x100009b8       0x90 CMakeFiles/SW_RP2350.dir/SW_RP2350.cpp.obj
                0x100009b8                get_result()
 .text.main     0x10000a48      0x294 CMakeFiles/SW_RP2350.dir/SW_RP2350.cpp.obj
                0x10000a48                main
 .text.gpio_set_function
                0x10000cdc       0x38 CMakeFiles/SW_RP2350.dir/C_/Users/vivek/.pico-sdk/sdk/2.0.0/src/rp2_common/hardware_gpio/gpio.c.obj
                0x10000cdc                gpio_set_function
 .text.gpio_set_pulls
                0x10000d14       0x38 CMakeFiles/SW_RP2350.dir/C_/Users/vivek/.pico-sdk/sdk/2.0.0/src/rp2_common/hardware_gpio/gpio.c.obj
                0x10000d14                gpio_set_pulls
 .text.gpio_init
                0x10000d4c       0x16 CMakeFiles/SW_RP2350.dir/C_/Users/vivek/.pico-sdk/sdk/2.0.0/src/rp2_common/hardware_gpio/gpio.c.obj
                0x10000d4c                gpio_init
 *fill*         0x10000d62        0x2 
 .text.panic    0x10000d64       0x30 CMakeFiles/SW_RP2350.dir/C_/Users/vivek/.pico-sdk/sdk/2.0.0/src/rp2_common/pico_platform_panic/panic.c.obj
                0x10000d64                panic
 .text.hw_claim_lock
                0x10000d94       0x24 CMakeFiles/SW_RP2350.dir/C_/Users/vivek/.pico-sdk/sdk/2.0.0/src/common/hardware_claim/claim.c.obj
                0x10000d94                hw_claim_lock
 .text.hw_claim_unlock
                0x10000db8       0x14 CMakeFiles/SW_RP2350.dir/C_/Users/vivek/.pico-sdk/sdk/2.0.0/src/common/hardware_claim/claim.c.obj
                0x10000db8                hw_claim_unlock
 .text.hw_claim_or_assert
                0x10000dcc       0x32 CMakeFiles/SW_RP2350.dir/C_/Users/vivek/.pico-sdk/sdk/2.0.0/src/common/hardware_claim/claim.c.obj
                0x10000dcc                hw_claim_or_assert
 .text.hw_claim_unused_from_range
                0x10000dfe       0x4e CMakeFiles/SW_RP2350.dir/C_/Users/vivek/.pico-sdk/sdk/2.0.0/src/common/hardware_claim/claim.c.obj
                0x10000dfe                hw_claim_unused_from_range
 .text.next_striped_spin_lock_num
                0x10000e4c       0x1c CMakeFiles/SW_RP2350.dir/C_/Users/vivek/.pico-sdk/sdk/2.0.0/src/rp2_common/hardware_sync/sync.c.obj
                0x10000e4c                next_striped_spin_lock_num
 .text.spin_lock_claim_unused
                0x10000e68       0x24 CMakeFiles/SW_RP2350.dir/C_/Users/vivek/.pico-sdk/sdk/2.0.0/src/rp2_common/hardware_sync/sync.c.obj
                0x10000e68                spin_lock_claim_unused
 .text.spinlock_set_extexclall
                0x10000e8c        0xe CMakeFiles/SW_RP2350.dir/C_/Users/vivek/.pico-sdk/sdk/2.0.0/src/rp2_common/hardware_sync_spin_lock/sync_spin_lock.c.obj
 *fill*         0x10000e9a        0x2 
 .text.spin_locks_reset
                0x10000e9c       0x1c CMakeFiles/SW_RP2350.dir/C_/Users/vivek/.pico-sdk/sdk/2.0.0/src/rp2_common/hardware_sync_spin_lock/sync_spin_lock.c.obj
                0x10000e9c                spin_locks_reset
 .text.set_raw_irq_handler_and_unlock
                0x10000eb8       0x24 CMakeFiles/SW_RP2350.dir/C_/Users/vivek/.pico-sdk/sdk/2.0.0/src/rp2_common/hardware_irq/irq.c.obj
 .text.nvic_ipr0
                0x10000edc        0x8 CMakeFiles/SW_RP2350.dir/C_/Users/vivek/.pico-sdk/sdk/2.0.0/src/rp2_common/hardware_irq/irq.c.obj
 .text.runtime_init_per_core_irq_priorities
                0x10000ee4       0x1a CMakeFiles/SW_RP2350.dir/C_/Users/vivek/.pico-sdk/sdk/2.0.0/src/rp2_common/hardware_irq/irq.c.obj
                0x10000ee4                runtime_init_per_core_irq_priorities
 *fill*         0x10000efe        0x2 
 .text.resolve_j_16
                0x10000f00       0x40 CMakeFiles/SW_RP2350.dir/C_/Users/vivek/.pico-sdk/sdk/2.0.0/src/rp2_common/hardware_irq/irq.c.obj
 .text.make_j_16
                0x10000f40       0x3c CMakeFiles/SW_RP2350.dir/C_/Users/vivek/.pico-sdk/sdk/2.0.0/src/rp2_common/hardware_irq/irq.c.obj
 .text.irq_is_enabled
                0x10000f7c       0x20 CMakeFiles/SW_RP2350.dir/C_/Users/vivek/.pico-sdk/sdk/2.0.0/src/rp2_common/hardware_irq/irq.c.obj
                0x10000f7c                irq_is_enabled
 .text.irq_set_mask_n_enabled
                0x10000f9c       0x20 CMakeFiles/SW_RP2350.dir/C_/Users/vivek/.pico-sdk/sdk/2.0.0/src/rp2_common/hardware_irq/irq.c.obj
                0x10000f9c                irq_set_mask_n_enabled
 .text.irq_set_enabled
                0x10000fbc       0x14 CMakeFiles/SW_RP2350.dir/C_/Users/vivek/.pico-sdk/sdk/2.0.0/src/rp2_common/hardware_irq/irq.c.obj
                0x10000fbc                irq_set_enabled
 .text.irq_set_pending
                0x10000fd0       0x18 CMakeFiles/SW_RP2350.dir/C_/Users/vivek/.pico-sdk/sdk/2.0.0/src/rp2_common/hardware_irq/irq.c.obj
                0x10000fd0                irq_set_pending
 .text.irq_get_vtable_handler
                0x10000fe8       0x10 CMakeFiles/SW_RP2350.dir/C_/Users/vivek/.pico-sdk/sdk/2.0.0/src/rp2_common/hardware_irq/irq.c.obj
                0x10000fe8                irq_get_vtable_handler
 .text.irq_has_shared_handler
                0x10000ff8       0x20 CMakeFiles/SW_RP2350.dir/C_/Users/vivek/.pico-sdk/sdk/2.0.0/src/rp2_common/hardware_irq/irq.c.obj
                0x10000ff8                irq_has_shared_handler
 .text.irq_set_exclusive_handler
                0x10001018       0x60 CMakeFiles/SW_RP2350.dir/C_/Users/vivek/.pico-sdk/sdk/2.0.0/src/rp2_common/hardware_irq/irq.c.obj
                0x10001018                irq_set_exclusive_handler
 .text.irq_add_shared_handler
                0x10001078      0x234 CMakeFiles/SW_RP2350.dir/C_/Users/vivek/.pico-sdk/sdk/2.0.0/src/rp2_common/hardware_irq/irq.c.obj
                0x10001078                irq_add_shared_handler
 .text.irq_add_tail_to_free_list
                0x100012ac       0xf8 CMakeFiles/SW_RP2350.dir/C_/Users/vivek/.pico-sdk/sdk/2.0.0/src/rp2_common/hardware_irq/irq.c.obj
                0x100012ac                irq_add_tail_to_free_list
 .text.user_irq_claim_unused
                0x100013a4       0x2c CMakeFiles/SW_RP2350.dir/C_/Users/vivek/.pico-sdk/sdk/2.0.0/src/rp2_common/hardware_irq/irq.c.obj
                0x100013a4                user_irq_claim_unused
 .text.lock_init
                0x100013d0        0xc CMakeFiles/SW_RP2350.dir/C_/Users/vivek/.pico-sdk/sdk/2.0.0/src/common/pico_sync/lock_core.c.obj
                0x100013d0                lock_init
 .text.mutex_init
                0x100013dc       0x1a CMakeFiles/SW_RP2350.dir/C_/Users/vivek/.pico-sdk/sdk/2.0.0/src/common/pico_sync/mutex.c.obj
                0x100013dc                mutex_init
 .text.recursive_mutex_init
                0x100013f6       0x1e CMakeFiles/SW_RP2350.dir/C_/Users/vivek/.pico-sdk/sdk/2.0.0/src/common/pico_sync/mutex.c.obj
                0x100013f6                recursive_mutex_init
 .text.runtime_init_mutex
                0x10001414       0x4c CMakeFiles/SW_RP2350.dir/C_/Users/vivek/.pico-sdk/sdk/2.0.0/src/common/pico_sync/mutex.c.obj
                0x10001414                runtime_init_mutex
 .text.critical_section_init_with_lock_num
                0x10001460       0x10 CMakeFiles/SW_RP2350.dir/C_/Users/vivek/.pico-sdk/sdk/2.0.0/src/common/pico_sync/critical_section.c.obj
                0x10001460                critical_section_init_with_lock_num
 .text.critical_section_init
                0x10001470       0x14 CMakeFiles/SW_RP2350.dir/C_/Users/vivek/.pico-sdk/sdk/2.0.0/src/common/pico_sync/critical_section.c.obj
                0x10001470                critical_section_init
 .text.ta_from_current_irq
                0x10001484       0x24 CMakeFiles/SW_RP2350.dir/C_/Users/vivek/.pico-sdk/sdk/2.0.0/src/common/pico_time/time.c.obj
 .text.make_alarm_id
                0x100014a8        0x6 CMakeFiles/SW_RP2350.dir/C_/Users/vivek/.pico-sdk/sdk/2.0.0/src/common/pico_time/time.c.obj
 *fill*         0x100014ae        0x2 
 .text.sleep_until_callback
                0x100014b0       0x3c CMakeFiles/SW_RP2350.dir/C_/Users/vivek/.pico-sdk/sdk/2.0.0/src/common/pico_time/time.c.obj
 .text.alarm_pool_irq_handler
                0x100014ec      0x2c0 CMakeFiles/SW_RP2350.dir/C_/Users/vivek/.pico-sdk/sdk/2.0.0/src/common/pico_time/time.c.obj
 .text.ta_enable_irq_handler
                0x100017ac       0x38 CMakeFiles/SW_RP2350.dir/C_/Users/vivek/.pico-sdk/sdk/2.0.0/src/common/pico_time/time.c.obj
 .text.alarm_pool_post_alloc_init
                0x100017e4       0x7c CMakeFiles/SW_RP2350.dir/C_/Users/vivek/.pico-sdk/sdk/2.0.0/src/common/pico_time/time.c.obj
 .text.alarm_pool_get_default
                0x10001860       0x28 CMakeFiles/SW_RP2350.dir/C_/Users/vivek/.pico-sdk/sdk/2.0.0/src/common/pico_time/time.c.obj
                0x10001860                alarm_pool_get_default
 .text.alarm_pool_add_alarm_at_force_in_context
                0x10001888       0xc0 CMakeFiles/SW_RP2350.dir/C_/Users/vivek/.pico-sdk/sdk/2.0.0/src/common/pico_time/time.c.obj
                0x10001888                alarm_pool_add_alarm_at_force_in_context
 .text.alarm_pool_add_alarm_at
                0x10001948       0x38 CMakeFiles/SW_RP2350.dir/C_/Users/vivek/.pico-sdk/sdk/2.0.0/src/common/pico_time/time.c.obj
                0x10001948                alarm_pool_add_alarm_at
 .text.add_alarm_at
                0x10001980       0x26 CMakeFiles/SW_RP2350.dir/C_/Users/vivek/.pico-sdk/sdk/2.0.0/src/common/pico_time/time.c.obj
 .text.alarm_pool_cancel_alarm
                0x100019a6       0x72 CMakeFiles/SW_RP2350.dir/C_/Users/vivek/.pico-sdk/sdk/2.0.0/src/common/pico_time/time.c.obj
                0x100019a6                alarm_pool_cancel_alarm
 .text.cancel_alarm
                0x10001a18       0x10 CMakeFiles/SW_RP2350.dir/C_/Users/vivek/.pico-sdk/sdk/2.0.0/src/common/pico_time/time.c.obj
 .text.alarm_pool_core_num
                0x10001a28        0x4 CMakeFiles/SW_RP2350.dir/C_/Users/vivek/.pico-sdk/sdk/2.0.0/src/common/pico_time/time.c.obj
                0x10001a28                alarm_pool_core_num
 .text.sleep_until
                0x10001a2c       0xc4 CMakeFiles/SW_RP2350.dir/C_/Users/vivek/.pico-sdk/sdk/2.0.0/src/common/pico_time/time.c.obj
                0x10001a2c                sleep_until
 .text.sleep_us
                0x10001af0       0x24 CMakeFiles/SW_RP2350.dir/C_/Users/vivek/.pico-sdk/sdk/2.0.0/src/common/pico_time/time.c.obj
                0x10001af0                sleep_us
 .text.sleep_ms
                0x10001b14       0x28 CMakeFiles/SW_RP2350.dir/C_/Users/vivek/.pico-sdk/sdk/2.0.0/src/common/pico_time/time.c.obj
                0x10001b14                sleep_ms
 .text.best_effort_wfe_or_timeout
                0x10001b3c       0xc4 CMakeFiles/SW_RP2350.dir/C_/Users/vivek/.pico-sdk/sdk/2.0.0/src/common/pico_time/time.c.obj
                0x10001b3c                best_effort_wfe_or_timeout
 .text.alarm_pool_get_default_timer
                0x10001c00        0x8 CMakeFiles/SW_RP2350.dir/C_/Users/vivek/.pico-sdk/sdk/2.0.0/src/common/pico_time/time.c.obj
                0x10001c00                alarm_pool_get_default_timer
 .text.runtime_init_default_alarm_pool
                0x10001c08       0x34 CMakeFiles/SW_RP2350.dir/C_/Users/vivek/.pico-sdk/sdk/2.0.0/src/common/pico_time/time.c.obj
                0x10001c08                runtime_init_default_alarm_pool
 .text.timer_hardware_alarm_claim
                0x10001c3c       0x24 CMakeFiles/SW_RP2350.dir/C_/Users/vivek/.pico-sdk/sdk/2.0.0/src/rp2_common/hardware_timer/timer.c.obj
                0x10001c3c                timer_hardware_alarm_claim
 .text.timer_time_us_64
                0x10001c60       0x10 CMakeFiles/SW_RP2350.dir/C_/Users/vivek/.pico-sdk/sdk/2.0.0/src/rp2_common/hardware_timer/timer.c.obj
                0x10001c60                timer_time_us_64
 .text.timer_busy_wait_until
                0x10001c70       0x1a CMakeFiles/SW_RP2350.dir/C_/Users/vivek/.pico-sdk/sdk/2.0.0/src/rp2_common/hardware_timer/timer.c.obj
                0x10001c70                timer_busy_wait_until
 *fill*         0x10001c8a        0x2 
 .text.time_us_64
                0x10001c8c       0x10 CMakeFiles/SW_RP2350.dir/C_/Users/vivek/.pico-sdk/sdk/2.0.0/src/rp2_common/hardware_timer/timer.c.obj
                0x10001c8c                time_us_64
 .text.busy_wait_until
                0x10001c9c       0x14 CMakeFiles/SW_RP2350.dir/C_/Users/vivek/.pico-sdk/sdk/2.0.0/src/rp2_common/hardware_timer/timer.c.obj
                0x10001c9c                busy_wait_until
 .text.clock_configure_internal
                0x10001cb0       0xb8 CMakeFiles/SW_RP2350.dir/C_/Users/vivek/.pico-sdk/sdk/2.0.0/src/rp2_common/hardware_clocks/clocks.c.obj
 .text.clock_configure_undivided
                0x10001d68       0x12 CMakeFiles/SW_RP2350.dir/C_/Users/vivek/.pico-sdk/sdk/2.0.0/src/rp2_common/hardware_clocks/clocks.c.obj
                0x10001d68                clock_configure_undivided
 *fill*         0x10001d7a        0x2 
 .text.clock_get_hz
                0x10001d7c        0xc CMakeFiles/SW_RP2350.dir/C_/Users/vivek/.pico-sdk/sdk/2.0.0/src/rp2_common/hardware_clocks/clocks.c.obj
                0x10001d7c                clock_get_hz
 .text.set_sys_clock_pll
                0x10001d88       0x64 CMakeFiles/SW_RP2350.dir/C_/Users/vivek/.pico-sdk/sdk/2.0.0/src/rp2_common/hardware_clocks/clocks.c.obj
                0x10001d88                set_sys_clock_pll
 .text.check_sys_clock_khz
                0x10001dec       0x74 CMakeFiles/SW_RP2350.dir/C_/Users/vivek/.pico-sdk/sdk/2.0.0/src/rp2_common/hardware_clocks/clocks.c.obj
                0x10001dec                check_sys_clock_khz
 .text.pll_init
                0x10001e60      0x108 CMakeFiles/SW_RP2350.dir/C_/Users/vivek/.pico-sdk/sdk/2.0.0/src/rp2_common/hardware_pll/pll.c.obj
                0x10001e60                pll_init
 .text.watchdog_update
                0x10001f68       0x14 CMakeFiles/SW_RP2350.dir/C_/Users/vivek/.pico-sdk/sdk/2.0.0/src/rp2_common/hardware_watchdog/watchdog.c.obj
                0x10001f68                watchdog_update
 .text._watchdog_enable
                0x10001f7c       0x6c CMakeFiles/SW_RP2350.dir/C_/Users/vivek/.pico-sdk/sdk/2.0.0/src/rp2_common/hardware_watchdog/watchdog.c.obj
                0x10001f7c                _watchdog_enable
 .text.watchdog_reboot
                0x10001fe8       0x44 CMakeFiles/SW_RP2350.dir/C_/Users/vivek/.pico-sdk/sdk/2.0.0/src/rp2_common/hardware_watchdog/watchdog.c.obj
                0x10001fe8                watchdog_reboot
 .text.tick_start
                0x1000202c       0x1c CMakeFiles/SW_RP2350.dir/C_/Users/vivek/.pico-sdk/sdk/2.0.0/src/rp2_common/hardware_ticks/ticks.c.obj
                0x1000202c                tick_start
 .text.xosc_init
                0x10002048       0x28 CMakeFiles/SW_RP2350.dir/C_/Users/vivek/.pico-sdk/sdk/2.0.0/src/rp2_common/hardware_xosc/xosc.c.obj
                0x10002048                xosc_init
 .text.runtime_run_initializers_from
                0x10002070       0x18 CMakeFiles/SW_RP2350.dir/C_/Users/vivek/.pico-sdk/sdk/2.0.0/src/rp2_common/pico_runtime/runtime.c.obj
 .text.first_per_core_initializer
                0x10002088        0x2 CMakeFiles/SW_RP2350.dir/C_/Users/vivek/.pico-sdk/sdk/2.0.0/src/rp2_common/pico_runtime/runtime.c.obj
 *fill*         0x1000208a        0x2 
 .text.runtime_run_initializers
                0x1000208c       0x10 CMakeFiles/SW_RP2350.dir/C_/Users/vivek/.pico-sdk/sdk/2.0.0/src/rp2_common/pico_runtime/runtime.c.obj
                0x1000208c                runtime_run_initializers
 .text.runtime_init_early_resets
                0x1000209c       0x2c CMakeFiles/SW_RP2350.dir/C_/Users/vivek/.pico-sdk/sdk/2.0.0/src/rp2_common/pico_runtime_init/runtime_init.c.obj
                0x1000209c                runtime_init_early_resets
 .text.runtime_init_usb_power_down
                0x100020c8       0x20 CMakeFiles/SW_RP2350.dir/C_/Users/vivek/.pico-sdk/sdk/2.0.0/src/rp2_common/pico_runtime_init/runtime_init.c.obj
                0x100020c8                runtime_init_usb_power_down
 .text.runtime_init_per_core_enable_coprocessors
                0x100020e8       0x1c CMakeFiles/SW_RP2350.dir/C_/Users/vivek/.pico-sdk/sdk/2.0.0/src/rp2_common/pico_runtime_init/runtime_init.c.obj
                0x100020e8                runtime_init_per_core_enable_coprocessors
 .text.runtime_init_post_clock_resets
                0x10002104       0x20 CMakeFiles/SW_RP2350.dir/C_/Users/vivek/.pico-sdk/sdk/2.0.0/src/rp2_common/pico_runtime_init/runtime_init.c.obj
                0x10002104                runtime_init_post_clock_resets
 .text.runtime_init_bootrom_reset
                0x10002124       0x12 CMakeFiles/SW_RP2350.dir/C_/Users/vivek/.pico-sdk/sdk/2.0.0/src/rp2_common/pico_runtime_init/runtime_init.c.obj
                0x10002124                runtime_init_bootrom_reset
 .text.runtime_init_per_core_bootrom_reset
                0x10002136       0x12 CMakeFiles/SW_RP2350.dir/C_/Users/vivek/.pico-sdk/sdk/2.0.0/src/rp2_common/pico_runtime_init/runtime_init.c.obj
                0x10002136                runtime_init_per_core_bootrom_reset
 .text.runtime_init_spin_locks_reset
                0x10002148        0x8 CMakeFiles/SW_RP2350.dir/C_/Users/vivek/.pico-sdk/sdk/2.0.0/src/rp2_common/pico_runtime_init/runtime_init.c.obj
                0x10002148                runtime_init_spin_locks_reset
 .text.runtime_init_install_ram_vector_table
                0x10002150       0x20 CMakeFiles/SW_RP2350.dir/C_/Users/vivek/.pico-sdk/sdk/2.0.0/src/rp2_common/pico_runtime_init/runtime_init.c.obj
                0x10002150                runtime_init_install_ram_vector_table
 .text.start_all_ticks
                0x10002170       0x28 CMakeFiles/SW_RP2350.dir/C_/Users/vivek/.pico-sdk/sdk/2.0.0/src/rp2_common/pico_runtime_init/runtime_init_clocks.c.obj
 .text.runtime_init_clocks
                0x10002198       0xc4 CMakeFiles/SW_RP2350.dir/C_/Users/vivek/.pico-sdk/sdk/2.0.0/src/rp2_common/pico_runtime_init/runtime_init_clocks.c.obj
                0x10002198                runtime_init_clocks
 .text.rom_reboot
                0x1000225c       0x4e CMakeFiles/SW_RP2350.dir/C_/Users/vivek/.pico-sdk/sdk/2.0.0/src/rp2_common/pico_bootrom/bootrom.c.obj
 .text.rom_func_lookup
                0x100022aa       0x2c CMakeFiles/SW_RP2350.dir/C_/Users/vivek/.pico-sdk/sdk/2.0.0/src/rp2_common/pico_bootrom/bootrom.c.obj
                0x100022aa                rom_func_lookup
 .text.rom_reset_usb_boot
                0x100022d6       0x1e CMakeFiles/SW_RP2350.dir/C_/Users/vivek/.pico-sdk/sdk/2.0.0/src/rp2_common/pico_bootrom/bootrom.c.obj
                0x100022d6                rom_reset_usb_boot
 .text.runtime_init_bootrom_locking_enable
                0x100022f4       0x14 CMakeFiles/SW_RP2350.dir/C_/Users/vivek/.pico-sdk/sdk/2.0.0/src/rp2_common/pico_bootrom/bootrom_lock.c.obj
                0x100022f4                runtime_init_bootrom_locking_enable
 .text.boot_locks_reset
                0x10002308       0x20 CMakeFiles/SW_RP2350.dir/C_/Users/vivek/.pico-sdk/sdk/2.0.0/src/rp2_common/hardware_boot_lock/boot_lock.c.obj
                0x10002308                boot_locks_reset
 .text.runtime_init_boot_locks_reset
                0x10002328        0x8 CMakeFiles/SW_RP2350.dir/C_/Users/vivek/.pico-sdk/sdk/2.0.0/src/rp2_common/hardware_boot_lock/boot_lock.c.obj
                0x10002328                runtime_init_boot_locks_reset
 .text.__rp2350_dcp_engaged_state_save_restore
                0x10002330       0x3a CMakeFiles/SW_RP2350.dir/C_/Users/vivek/.pico-sdk/sdk/2.0.0/src/rp2_common/pico_double/double_aeabi_dcp.S.obj
 *fill*         0x1000236a        0x2 
 .text.__wrap___aeabi_dadd
                0x1000236c       0x28 CMakeFiles/SW_RP2350.dir/C_/Users/vivek/.pico-sdk/sdk/2.0.0/src/rp2_common/pico_double/double_aeabi_dcp.S.obj
                0x10002374                __wrap___aeabi_dadd
 .text.__wrap___aeabi_dsub
                0x10002394       0x28 CMakeFiles/SW_RP2350.dir/C_/Users/vivek/.pico-sdk/sdk/2.0.0/src/rp2_common/pico_double/double_aeabi_dcp.S.obj
                0x1000239c                __wrap___aeabi_dsub
 .text.__wrap___aeabi_dmul
                0x100023bc       0x4c CMakeFiles/SW_RP2350.dir/C_/Users/vivek/.pico-sdk/sdk/2.0.0/src/rp2_common/pico_double/double_aeabi_dcp.S.obj
                0x100023c4                __wrap___aeabi_dmul
 .text.__wrap___aeabi_ddiv
                0x10002408       0x9c CMakeFiles/SW_RP2350.dir/C_/Users/vivek/.pico-sdk/sdk/2.0.0/src/rp2_common/pico_double/double_aeabi_dcp.S.obj
                0x10002410                __wrap___aeabi_ddiv
 .text.__wrap___aeabi_i2d
                0x100024a4       0x24 CMakeFiles/SW_RP2350.dir/C_/Users/vivek/.pico-sdk/sdk/2.0.0/src/rp2_common/pico_double/double_aeabi_dcp.S.obj
                0x100024ac                __wrap___aeabi_i2d
 .text.__wrap___aeabi_ui2d
                0x100024c8       0x24 CMakeFiles/SW_RP2350.dir/C_/Users/vivek/.pico-sdk/sdk/2.0.0/src/rp2_common/pico_double/double_aeabi_dcp.S.obj
                0x100024d0                __wrap___aeabi_ui2d
 .text.__wrap___aeabi_d2iz
                0x100024ec       0x24 CMakeFiles/SW_RP2350.dir/C_/Users/vivek/.pico-sdk/sdk/2.0.0/src/rp2_common/pico_double/double_aeabi_dcp.S.obj
                0x100024f4                __wrap___aeabi_d2iz
 .text.__wrap___aeabi_d2uiz
                0x10002510       0x24 CMakeFiles/SW_RP2350.dir/C_/Users/vivek/.pico-sdk/sdk/2.0.0/src/rp2_common/pico_double/double_aeabi_dcp.S.obj
                0x10002518                __wrap___aeabi_d2uiz
 .text.__wrap___aeabi_dcmpun
                0x10002534       0x24 CMakeFiles/SW_RP2350.dir/C_/Users/vivek/.pico-sdk/sdk/2.0.0/src/rp2_common/pico_double/double_aeabi_dcp.S.obj
                0x1000253c                __wrap___aeabi_dcmpun
 .text.__wrap___aeabi_dcmplt
                0x10002558       0x28 CMakeFiles/SW_RP2350.dir/C_/Users/vivek/.pico-sdk/sdk/2.0.0/src/rp2_common/pico_double/double_aeabi_dcp.S.obj
                0x10002560                __wrap___aeabi_dcmplt
 .text.__wrap___aeabi_dcmple
                0x10002580       0x28 CMakeFiles/SW_RP2350.dir/C_/Users/vivek/.pico-sdk/sdk/2.0.0/src/rp2_common/pico_double/double_aeabi_dcp.S.obj
                0x10002588                __wrap___aeabi_dcmple
 .text.__wrap___aeabi_dcmpge
                0x100025a8       0x28 CMakeFiles/SW_RP2350.dir/C_/Users/vivek/.pico-sdk/sdk/2.0.0/src/rp2_common/pico_double/double_aeabi_dcp.S.obj
                0x100025b0                __wrap___aeabi_dcmpge
 .text.__wrap___aeabi_dcmpgt
                0x100025d0       0x28 CMakeFiles/SW_RP2350.dir/C_/Users/vivek/.pico-sdk/sdk/2.0.0/src/rp2_common/pico_double/double_aeabi_dcp.S.obj
                0x100025d8                __wrap___aeabi_dcmpgt
 .text._out_null
                0x100025f8        0x2 CMakeFiles/SW_RP2350.dir/C_/Users/vivek/.pico-sdk/sdk/2.0.0/src/rp2_common/pico_printf/printf.c.obj
 .text._out_fct
                0x100025fa        0xe CMakeFiles/SW_RP2350.dir/C_/Users/vivek/.pico-sdk/sdk/2.0.0/src/rp2_common/pico_printf/printf.c.obj
 .text._atoi    0x10002608       0x26 CMakeFiles/SW_RP2350.dir/C_/Users/vivek/.pico-sdk/sdk/2.0.0/src/rp2_common/pico_printf/printf.c.obj
 .text._out_rev
                0x1000262e       0x7e CMakeFiles/SW_RP2350.dir/C_/Users/vivek/.pico-sdk/sdk/2.0.0/src/rp2_common/pico_printf/printf.c.obj
 .text._ntoa_format
                0x100026ac      0x136 CMakeFiles/SW_RP2350.dir/C_/Users/vivek/.pico-sdk/sdk/2.0.0/src/rp2_common/pico_printf/printf.c.obj
 .text._ntoa_long
                0x100027e2       0x94 CMakeFiles/SW_RP2350.dir/C_/Users/vivek/.pico-sdk/sdk/2.0.0/src/rp2_common/pico_printf/printf.c.obj
 .text._ntoa_long_long
                0x10002876       0xc2 CMakeFiles/SW_RP2350.dir/C_/Users/vivek/.pico-sdk/sdk/2.0.0/src/rp2_common/pico_printf/printf.c.obj
 .text._etoa    0x10002938      0x41c CMakeFiles/SW_RP2350.dir/C_/Users/vivek/.pico-sdk/sdk/2.0.0/src/rp2_common/pico_printf/printf.c.obj
 *fill*         0x10002d54        0x4 
 .text._ftoa    0x10002d58      0x398 CMakeFiles/SW_RP2350.dir/C_/Users/vivek/.pico-sdk/sdk/2.0.0/src/rp2_common/pico_printf/printf.c.obj
 .text._vsnprintf
                0x100030f0      0x6d0 CMakeFiles/SW_RP2350.dir/C_/Users/vivek/.pico-sdk/sdk/2.0.0/src/rp2_common/pico_printf/printf.c.obj
 .text.vfctprintf
                0x100037c0       0x24 CMakeFiles/SW_RP2350.dir/C_/Users/vivek/.pico-sdk/sdk/2.0.0/src/rp2_common/pico_printf/printf.c.obj
                0x100037c0                vfctprintf
 .text._exit    0x100037e4        0x4 CMakeFiles/SW_RP2350.dir/C_/Users/vivek/.pico-sdk/sdk/2.0.0/src/rp2_common/pico_clib_interface/newlib_interface.c.obj
                0x100037e4                _exit
 .text.exit     0x100037e8        0x6 CMakeFiles/SW_RP2350.dir/C_/Users/vivek/.pico-sdk/sdk/2.0.0/src/rp2_common/pico_clib_interface/newlib_interface.c.obj
                0x100037e8                exit
 *fill*         0x100037ee        0x2 
 .text.__assert_func
                0x100037f0       0x34 CMakeFiles/SW_RP2350.dir/C_/Users/vivek/.pico-sdk/sdk/2.0.0/src/rp2_common/pico_clib_interface/newlib_interface.c.obj
                0x100037f0                __assert_func
 .text.runtime_init
                0x10003824       0x2c CMakeFiles/SW_RP2350.dir/C_/Users/vivek/.pico-sdk/sdk/2.0.0/src/rp2_common/pico_clib_interface/newlib_interface.c.obj
                0x10003824                runtime_init
 .text.stdio_out_chars_no_crlf
                0x10003850        0xe CMakeFiles/SW_RP2350.dir/C_/Users/vivek/.pico-sdk/sdk/2.0.0/src/rp2_common/pico_stdio/stdio.c.obj
 *fill*         0x1000385e        0x2 
 .text.stdio_out_chars_crlf
                0x10003860       0x80 CMakeFiles/SW_RP2350.dir/C_/Users/vivek/.pico-sdk/sdk/2.0.0/src/rp2_common/pico_stdio/stdio.c.obj
 .text.stdio_stack_buffer_flush
                0x100038e0       0x40 CMakeFiles/SW_RP2350.dir/C_/Users/vivek/.pico-sdk/sdk/2.0.0/src/rp2_common/pico_stdio/stdio.c.obj
 .text.stdio_buffered_printer
                0x10003920       0x20 CMakeFiles/SW_RP2350.dir/C_/Users/vivek/.pico-sdk/sdk/2.0.0/src/rp2_common/pico_stdio/stdio.c.obj
 .text.stdout_serialize_begin
                0x10003940       0x2c CMakeFiles/SW_RP2350.dir/C_/Users/vivek/.pico-sdk/sdk/2.0.0/src/rp2_common/pico_stdio/stdio.c.obj
                0x10003940                stdout_serialize_begin
 .text.stdout_serialize_end
                0x1000396c       0x10 CMakeFiles/SW_RP2350.dir/C_/Users/vivek/.pico-sdk/sdk/2.0.0/src/rp2_common/pico_stdio/stdio.c.obj
                0x1000396c                stdout_serialize_end
 .text.stdio_put_string
                0x1000397c       0x8c CMakeFiles/SW_RP2350.dir/C_/Users/vivek/.pico-sdk/sdk/2.0.0/src/rp2_common/pico_stdio/stdio.c.obj
                0x1000397c                stdio_put_string
 .text.stdio_set_driver_enabled
                0x10003a08       0x28 CMakeFiles/SW_RP2350.dir/C_/Users/vivek/.pico-sdk/sdk/2.0.0/src/rp2_common/pico_stdio/stdio.c.obj
                0x10003a08                stdio_set_driver_enabled
 .text.stdio_flush
                0x10003a30       0x1c CMakeFiles/SW_RP2350.dir/C_/Users/vivek/.pico-sdk/sdk/2.0.0/src/rp2_common/pico_stdio/stdio.c.obj
                0x10003a30                stdio_flush
 .text.stdio_init_all
                0x10003a4c        0x8 CMakeFiles/SW_RP2350.dir/C_/Users/vivek/.pico-sdk/sdk/2.0.0/src/rp2_common/pico_stdio/stdio.c.obj
                0x10003a4c                stdio_init_all
 .text.__wrap_puts
                0x10003a54       0x1e CMakeFiles/SW_RP2350.dir/C_/Users/vivek/.pico-sdk/sdk/2.0.0/src/rp2_common/pico_stdio/stdio.c.obj
                0x10003a54                stdio_puts
                0x10003a54                __wrap_puts
 *fill*         0x10003a72        0x2 
 .text.__wrap_vprintf
                0x10003a74       0x3c CMakeFiles/SW_RP2350.dir/C_/Users/vivek/.pico-sdk/sdk/2.0.0/src/rp2_common/pico_stdio/stdio.c.obj
                0x10003a74                stdio_vprintf
                0x10003a74                __wrap_vprintf
 .text.__wrap_printf
                0x10003ab0       0x1c CMakeFiles/SW_RP2350.dir/C_/Users/vivek/.pico-sdk/sdk/2.0.0/src/rp2_common/pico_stdio/stdio.c.obj
                0x10003ab0                __wrap_printf
                0x10003ab0                stdio_printf
 .text.resetd_init
                0x10003acc        0x2 CMakeFiles/SW_RP2350.dir/C_/Users/vivek/.pico-sdk/sdk/2.0.0/src/rp2_common/pico_stdio_usb/reset_interface.c.obj
 *fill*         0x10003ace        0x2 
 .text.resetd_reset
                0x10003ad0        0xc CMakeFiles/SW_RP2350.dir/C_/Users/vivek/.pico-sdk/sdk/2.0.0/src/rp2_common/pico_stdio_usb/reset_interface.c.obj
 .text.resetd_open
                0x10003adc       0x34 CMakeFiles/SW_RP2350.dir/C_/Users/vivek/.pico-sdk/sdk/2.0.0/src/rp2_common/pico_stdio_usb/reset_interface.c.obj
 .text.resetd_xfer_cb
                0x10003b10        0x4 CMakeFiles/SW_RP2350.dir/C_/Users/vivek/.pico-sdk/sdk/2.0.0/src/rp2_common/pico_stdio_usb/reset_interface.c.obj
 .text.resetd_control_xfer_cb
                0x10003b14       0x54 CMakeFiles/SW_RP2350.dir/C_/Users/vivek/.pico-sdk/sdk/2.0.0/src/rp2_common/pico_stdio_usb/reset_interface.c.obj
 .text.tud_descriptor_bos_cb
                0x10003b68        0x8 CMakeFiles/SW_RP2350.dir/C_/Users/vivek/.pico-sdk/sdk/2.0.0/src/rp2_common/pico_stdio_usb/reset_interface.c.obj
                0x10003b68                tud_descriptor_bos_cb
 .text.tud_vendor_control_xfer_cb
                0x10003b70       0x30 CMakeFiles/SW_RP2350.dir/C_/Users/vivek/.pico-sdk/sdk/2.0.0/src/rp2_common/pico_stdio_usb/reset_interface.c.obj
                0x10003b70                tud_vendor_control_xfer_cb
 .text.usbd_app_driver_get_cb
                0x10003ba0        0xc CMakeFiles/SW_RP2350.dir/C_/Users/vivek/.pico-sdk/sdk/2.0.0/src/rp2_common/pico_stdio_usb/reset_interface.c.obj
                0x10003ba0                usbd_app_driver_get_cb
 .text.tud_cdc_line_coding_cb
                0x10003bac       0x14 CMakeFiles/SW_RP2350.dir/C_/Users/vivek/.pico-sdk/sdk/2.0.0/src/rp2_common/pico_stdio_usb/reset_interface.c.obj
                0x10003bac                tud_cdc_line_coding_cb
 .text.critical_section_enter_blocking
                0x10003bc0       0x26 CMakeFiles/SW_RP2350.dir/C_/Users/vivek/.pico-sdk/sdk/2.0.0/src/rp2_common/pico_stdio_usb/stdio_usb.c.obj
 *fill*         0x10003be6        0x2 
 .text.stdio_usb_set_chars_available_callback
                0x10003be8       0x14 CMakeFiles/SW_RP2350.dir/C_/Users/vivek/.pico-sdk/sdk/2.0.0/src/rp2_common/pico_stdio_usb/stdio_usb.c.obj
                0x10003be8                stdio_usb_set_chars_available_callback
 .text.stdio_usb_out_flush
                0x10003bfc       0x48 CMakeFiles/SW_RP2350.dir/C_/Users/vivek/.pico-sdk/sdk/2.0.0/src/rp2_common/pico_stdio_usb/stdio_usb.c.obj
 .text.timer_task
                0x10003c44       0x58 CMakeFiles/SW_RP2350.dir/C_/Users/vivek/.pico-sdk/sdk/2.0.0/src/rp2_common/pico_stdio_usb/stdio_usb.c.obj
 .text.usb_irq  0x10003c9c       0x10 CMakeFiles/SW_RP2350.dir/C_/Users/vivek/.pico-sdk/sdk/2.0.0/src/rp2_common/pico_stdio_usb/stdio_usb.c.obj
 .text.alarm_pool_add_alarm_in_us
                0x10003cac       0x3a CMakeFiles/SW_RP2350.dir/C_/Users/vivek/.pico-sdk/sdk/2.0.0/src/rp2_common/pico_stdio_usb/stdio_usb.c.obj
 .text.add_alarm_in_us
                0x10003ce6       0x26 CMakeFiles/SW_RP2350.dir/C_/Users/vivek/.pico-sdk/sdk/2.0.0/src/rp2_common/pico_stdio_usb/stdio_usb.c.obj
 .text.low_priority_worker_irq
                0x10003d0c       0x94 CMakeFiles/SW_RP2350.dir/C_/Users/vivek/.pico-sdk/sdk/2.0.0/src/rp2_common/pico_stdio_usb/stdio_usb.c.obj
 .text.stdio_usb_init
                0x10003da0       0xd0 CMakeFiles/SW_RP2350.dir/C_/Users/vivek/.pico-sdk/sdk/2.0.0/src/rp2_common/pico_stdio_usb/stdio_usb.c.obj
                0x10003da0                stdio_usb_init
 .text.stdio_usb_connected
                0x10003e70        0xa CMakeFiles/SW_RP2350.dir/C_/Users/vivek/.pico-sdk/sdk/2.0.0/src/rp2_common/pico_stdio_usb/stdio_usb.c.obj
                0x10003e70                stdio_usb_connected
 *fill*         0x10003e7a        0x2 
 .text.stdio_usb_in_chars
                0x10003e7c       0x8c CMakeFiles/SW_RP2350.dir/C_/Users/vivek/.pico-sdk/sdk/2.0.0/src/rp2_common/pico_stdio_usb/stdio_usb.c.obj
                0x10003e7c                stdio_usb_in_chars
 .text.stdio_usb_out_chars
                0x10003f08       0xd4 CMakeFiles/SW_RP2350.dir/C_/Users/vivek/.pico-sdk/sdk/2.0.0/src/rp2_common/pico_stdio_usb/stdio_usb.c.obj
 .text.tud_descriptor_device_cb
                0x10003fdc        0x8 CMakeFiles/SW_RP2350.dir/C_/Users/vivek/.pico-sdk/sdk/2.0.0/src/rp2_common/pico_stdio_usb/stdio_usb_descriptors.c.obj
                0x10003fdc                tud_descriptor_device_cb
 .text.tud_descriptor_configuration_cb
                0x10003fe4        0x8 CMakeFiles/SW_RP2350.dir/C_/Users/vivek/.pico-sdk/sdk/2.0.0/src/rp2_common/pico_stdio_usb/stdio_usb_descriptors.c.obj
                0x10003fe4                tud_descriptor_configuration_cb
 .text.tud_descriptor_string_cb
                0x10003fec       0x64 CMakeFiles/SW_RP2350.dir/C_/Users/vivek/.pico-sdk/sdk/2.0.0/src/rp2_common/pico_stdio_usb/stdio_usb_descriptors.c.obj
                0x10003fec                tud_descriptor_string_cb
 .text._retrieve_unique_id_on_boot
                0x10004050       0x58 CMakeFiles/SW_RP2350.dir/C_/Users/vivek/.pico-sdk/sdk/2.0.0/src/rp2_common/pico_unique_id/unique_id.c.obj
 .text.pico_get_unique_board_id_string
                0x100040a8       0x60 CMakeFiles/SW_RP2350.dir/C_/Users/vivek/.pico-sdk/sdk/2.0.0/src/rp2_common/pico_unique_id/unique_id.c.obj
                0x100040a8                pico_get_unique_board_id_string
 .text._hw_endpoint_alloc
                0x10004108       0x74 CMakeFiles/SW_RP2350.dir/C_/Users/vivek/.pico-sdk/sdk/2.0.0/lib/tinyusb/src/portable/raspberrypi/rp2040/dcd_rp2040.c.obj
 .text.hw_endpoint_init
                0x1000417c       0xb4 CMakeFiles/SW_RP2350.dir/C_/Users/vivek/.pico-sdk/sdk/2.0.0/lib/tinyusb/src/portable/raspberrypi/rp2040/dcd_rp2040.c.obj
 .text.hw_endpoint_xfer
                0x10004230       0x1c CMakeFiles/SW_RP2350.dir/C_/Users/vivek/.pico-sdk/sdk/2.0.0/lib/tinyusb/src/portable/raspberrypi/rp2040/dcd_rp2040.c.obj
 .text.dcd_int_enable
                0x1000424c       0x28 CMakeFiles/SW_RP2350.dir/C_/Users/vivek/.pico-sdk/sdk/2.0.0/lib/tinyusb/src/portable/raspberrypi/rp2040/dcd_rp2040.c.obj
                0x1000424c                dcd_int_enable
 .text.dcd_set_address
                0x10004274       0x2c CMakeFiles/SW_RP2350.dir/C_/Users/vivek/.pico-sdk/sdk/2.0.0/lib/tinyusb/src/portable/raspberrypi/rp2040/dcd_rp2040.c.obj
                0x10004274                dcd_set_address
 .text.dcd_connect
                0x100042a0       0x10 CMakeFiles/SW_RP2350.dir/C_/Users/vivek/.pico-sdk/sdk/2.0.0/lib/tinyusb/src/portable/raspberrypi/rp2040/dcd_rp2040.c.obj
                0x100042a0                dcd_connect
 .text.dcd_init
                0x100042b0       0x80 CMakeFiles/SW_RP2350.dir/C_/Users/vivek/.pico-sdk/sdk/2.0.0/lib/tinyusb/src/portable/raspberrypi/rp2040/dcd_rp2040.c.obj
                0x100042b0                dcd_init
 .text.dcd_sof_enable
                0x10004330       0x1c CMakeFiles/SW_RP2350.dir/C_/Users/vivek/.pico-sdk/sdk/2.0.0/lib/tinyusb/src/portable/raspberrypi/rp2040/dcd_rp2040.c.obj
                0x10004330                dcd_sof_enable
 .text.dcd_edpt0_status_complete
                0x1000434c       0x20 CMakeFiles/SW_RP2350.dir/C_/Users/vivek/.pico-sdk/sdk/2.0.0/lib/tinyusb/src/portable/raspberrypi/rp2040/dcd_rp2040.c.obj
                0x1000434c                dcd_edpt0_status_complete
 .text.dcd_edpt_open
                0x1000436c       0x38 CMakeFiles/SW_RP2350.dir/C_/Users/vivek/.pico-sdk/sdk/2.0.0/lib/tinyusb/src/portable/raspberrypi/rp2040/dcd_rp2040.c.obj
                0x1000436c                dcd_edpt_open
 .text.dcd_edpt_close_all
                0x100043a4        0x8 CMakeFiles/SW_RP2350.dir/C_/Users/vivek/.pico-sdk/sdk/2.0.0/lib/tinyusb/src/portable/raspberrypi/rp2040/dcd_rp2040.c.obj
                0x100043a4                dcd_edpt_close_all
 .text.dcd_edpt_xfer
                0x100043ac       0x2c CMakeFiles/SW_RP2350.dir/C_/Users/vivek/.pico-sdk/sdk/2.0.0/lib/tinyusb/src/portable/raspberrypi/rp2040/dcd_rp2040.c.obj
                0x100043ac                dcd_edpt_xfer
 .text.dcd_edpt_stall
                0x100043d8       0x38 CMakeFiles/SW_RP2350.dir/C_/Users/vivek/.pico-sdk/sdk/2.0.0/lib/tinyusb/src/portable/raspberrypi/rp2040/dcd_rp2040.c.obj
                0x100043d8                dcd_edpt_stall
 .text.dcd_edpt_clear_stall
                0x10004410       0x28 CMakeFiles/SW_RP2350.dir/C_/Users/vivek/.pico-sdk/sdk/2.0.0/lib/tinyusb/src/portable/raspberrypi/rp2040/dcd_rp2040.c.obj
                0x10004410                dcd_edpt_clear_stall
 .text.unaligned_memcpy
                0x10004438       0x14 CMakeFiles/SW_RP2350.dir/C_/Users/vivek/.pico-sdk/sdk/2.0.0/lib/tinyusb/src/portable/raspberrypi/rp2040/rp2040_usb.c.obj
 .text.rp2040_usb_init
                0x1000444c       0x40 CMakeFiles/SW_RP2350.dir/C_/Users/vivek/.pico-sdk/sdk/2.0.0/lib/tinyusb/src/portable/raspberrypi/rp2040/rp2040_usb.c.obj
                0x1000444c                rp2040_usb_init
 .text.hw_endpoint_xfer_start
                0x1000448c       0x58 CMakeFiles/SW_RP2350.dir/C_/Users/vivek/.pico-sdk/sdk/2.0.0/lib/tinyusb/src/portable/raspberrypi/rp2040/rp2040_usb.c.obj
                0x1000448c                hw_endpoint_xfer_start
 .text.critical_section_enter_blocking
                0x100044e4       0x26 CMakeFiles/SW_RP2350.dir/C_/Users/vivek/.pico-sdk/sdk/2.0.0/lib/tinyusb/src/device/usbd.c.obj
 *fill*         0x1000450a        0x2 
 .text.configuration_reset
                0x1000450c       0x90 CMakeFiles/SW_RP2350.dir/C_/Users/vivek/.pico-sdk/sdk/2.0.0/lib/tinyusb/src/device/usbd.c.obj
 .text.usbd_reset
                0x1000459c        0xc CMakeFiles/SW_RP2350.dir/C_/Users/vivek/.pico-sdk/sdk/2.0.0/lib/tinyusb/src/device/usbd.c.obj
 .text.invoke_class_control
                0x100045a8       0x1a CMakeFiles/SW_RP2350.dir/C_/Users/vivek/.pico-sdk/sdk/2.0.0/lib/tinyusb/src/device/usbd.c.obj
 *fill*         0x100045c2        0x2 
 .text.process_set_config
                0x100045c4      0x1cc CMakeFiles/SW_RP2350.dir/C_/Users/vivek/.pico-sdk/sdk/2.0.0/lib/tinyusb/src/device/usbd.c.obj
 .text.tud_event_hook_cb
                0x10004790        0x2 CMakeFiles/SW_RP2350.dir/C_/Users/vivek/.pico-sdk/sdk/2.0.0/lib/tinyusb/src/device/usbd.c.obj
                0x10004790                tud_event_hook_cb
 .text.tud_sof_cb
                0x10004792        0x2 CMakeFiles/SW_RP2350.dir/C_/Users/vivek/.pico-sdk/sdk/2.0.0/lib/tinyusb/src/device/usbd.c.obj
                0x10004792                tud_sof_cb
 .text.tud_descriptor_device_qualifier_cb
                0x10004794        0x4 CMakeFiles/SW_RP2350.dir/C_/Users/vivek/.pico-sdk/sdk/2.0.0/lib/tinyusb/src/device/usbd.c.obj
                0x10004794                tud_descriptor_device_qualifier_cb
 .text.tud_descriptor_other_speed_configuration_cb
                0x10004798        0x4 CMakeFiles/SW_RP2350.dir/C_/Users/vivek/.pico-sdk/sdk/2.0.0/lib/tinyusb/src/device/usbd.c.obj
                0x10004798                tud_descriptor_other_speed_configuration_cb
 .text.process_get_descriptor
                0x1000479c       0xf8 CMakeFiles/SW_RP2350.dir/C_/Users/vivek/.pico-sdk/sdk/2.0.0/lib/tinyusb/src/device/usbd.c.obj
 .text.tud_mount_cb
                0x10004894        0x2 CMakeFiles/SW_RP2350.dir/C_/Users/vivek/.pico-sdk/sdk/2.0.0/lib/tinyusb/src/device/usbd.c.obj
                0x10004894                tud_mount_cb
 .text.tud_umount_cb
                0x10004896        0x2 CMakeFiles/SW_RP2350.dir/C_/Users/vivek/.pico-sdk/sdk/2.0.0/lib/tinyusb/src/device/usbd.c.obj
                0x10004896                tud_umount_cb
 .text.tud_suspend_cb
                0x10004898        0x2 CMakeFiles/SW_RP2350.dir/C_/Users/vivek/.pico-sdk/sdk/2.0.0/lib/tinyusb/src/device/usbd.c.obj
                0x10004898                tud_suspend_cb
 .text.tud_resume_cb
                0x1000489a        0x2 CMakeFiles/SW_RP2350.dir/C_/Users/vivek/.pico-sdk/sdk/2.0.0/lib/tinyusb/src/device/usbd.c.obj
                0x1000489a                tud_resume_cb
 .text.tud_mounted
                0x1000489c       0x10 CMakeFiles/SW_RP2350.dir/C_/Users/vivek/.pico-sdk/sdk/2.0.0/lib/tinyusb/src/device/usbd.c.obj
                0x1000489c                tud_mounted
 .text.tud_suspended
                0x100048ac       0x10 CMakeFiles/SW_RP2350.dir/C_/Users/vivek/.pico-sdk/sdk/2.0.0/lib/tinyusb/src/device/usbd.c.obj
                0x100048ac                tud_suspended
 .text.tud_inited
                0x100048bc       0x10 CMakeFiles/SW_RP2350.dir/C_/Users/vivek/.pico-sdk/sdk/2.0.0/lib/tinyusb/src/device/usbd.c.obj
                0x100048bc                tud_inited
 .text.tud_init
                0x100048cc       0xe4 CMakeFiles/SW_RP2350.dir/C_/Users/vivek/.pico-sdk/sdk/2.0.0/lib/tinyusb/src/device/usbd.c.obj
                0x100048cc                tud_init
 .text.usbd_edpt_open
                0x100049b0       0x7c CMakeFiles/SW_RP2350.dir/C_/Users/vivek/.pico-sdk/sdk/2.0.0/lib/tinyusb/src/device/usbd.c.obj
                0x100049b0                usbd_edpt_open
 .text.usbd_open_edpt_pair
                0x10004a2c       0xa4 CMakeFiles/SW_RP2350.dir/C_/Users/vivek/.pico-sdk/sdk/2.0.0/lib/tinyusb/src/device/usbd.c.obj
                0x10004a2c                usbd_open_edpt_pair
 .text.usbd_edpt_claim
                0x10004ad0       0x28 CMakeFiles/SW_RP2350.dir/C_/Users/vivek/.pico-sdk/sdk/2.0.0/lib/tinyusb/src/device/usbd.c.obj
                0x10004ad0                usbd_edpt_claim
 .text.usbd_edpt_release
                0x10004af8       0x28 CMakeFiles/SW_RP2350.dir/C_/Users/vivek/.pico-sdk/sdk/2.0.0/lib/tinyusb/src/device/usbd.c.obj
                0x10004af8                usbd_edpt_release
 .text.usbd_edpt_xfer
                0x10004b20       0x90 CMakeFiles/SW_RP2350.dir/C_/Users/vivek/.pico-sdk/sdk/2.0.0/lib/tinyusb/src/device/usbd.c.obj
                0x10004b20                usbd_edpt_xfer
 .text.usbd_edpt_stall
                0x10004bb0       0x3c CMakeFiles/SW_RP2350.dir/C_/Users/vivek/.pico-sdk/sdk/2.0.0/lib/tinyusb/src/device/usbd.c.obj
                0x10004bb0                usbd_edpt_stall
 .text.usbd_edpt_clear_stall
                0x10004bec       0x3c CMakeFiles/SW_RP2350.dir/C_/Users/vivek/.pico-sdk/sdk/2.0.0/lib/tinyusb/src/device/usbd.c.obj
                0x10004bec                usbd_edpt_clear_stall
 .text.usbd_edpt_stalled
                0x10004c28       0x1c CMakeFiles/SW_RP2350.dir/C_/Users/vivek/.pico-sdk/sdk/2.0.0/lib/tinyusb/src/device/usbd.c.obj
                0x10004c28                usbd_edpt_stalled
 .text.process_control_request
                0x10004c44      0x404 CMakeFiles/SW_RP2350.dir/C_/Users/vivek/.pico-sdk/sdk/2.0.0/lib/tinyusb/src/device/usbd.c.obj
 .text.tud_task_ext
                0x10005048      0x238 CMakeFiles/SW_RP2350.dir/C_/Users/vivek/.pico-sdk/sdk/2.0.0/lib/tinyusb/src/device/usbd.c.obj
                0x10005048                tud_task_ext
 .text._status_stage_xact
                0x10005280       0x1a CMakeFiles/SW_RP2350.dir/C_/Users/vivek/.pico-sdk/sdk/2.0.0/lib/tinyusb/src/device/usbd_control.c.obj
 *fill*         0x1000529a        0x2 
 .text._data_stage_xact
                0x1000529c       0x5c CMakeFiles/SW_RP2350.dir/C_/Users/vivek/.pico-sdk/sdk/2.0.0/lib/tinyusb/src/device/usbd_control.c.obj
 .text.tud_control_status
                0x100052f8       0x28 CMakeFiles/SW_RP2350.dir/C_/Users/vivek/.pico-sdk/sdk/2.0.0/lib/tinyusb/src/device/usbd_control.c.obj
                0x100052f8                tud_control_status
 .text.tud_control_xfer
                0x10005320       0xac CMakeFiles/SW_RP2350.dir/C_/Users/vivek/.pico-sdk/sdk/2.0.0/lib/tinyusb/src/device/usbd_control.c.obj
                0x10005320                tud_control_xfer
 .text.usbd_control_reset
                0x100053cc       0x14 CMakeFiles/SW_RP2350.dir/C_/Users/vivek/.pico-sdk/sdk/2.0.0/lib/tinyusb/src/device/usbd_control.c.obj
                0x100053cc                usbd_control_reset
 .text.usbd_control_set_complete_callback
                0x100053e0        0xc CMakeFiles/SW_RP2350.dir/C_/Users/vivek/.pico-sdk/sdk/2.0.0/lib/tinyusb/src/device/usbd_control.c.obj
                0x100053e0                usbd_control_set_complete_callback
 .text.usbd_control_set_request
                0x100053ec       0x1c CMakeFiles/SW_RP2350.dir/C_/Users/vivek/.pico-sdk/sdk/2.0.0/lib/tinyusb/src/device/usbd_control.c.obj
                0x100053ec                usbd_control_set_request
 .text.usbd_control_xfer_cb
                0x10005408      0x10c CMakeFiles/SW_RP2350.dir/C_/Users/vivek/.pico-sdk/sdk/2.0.0/lib/tinyusb/src/device/usbd_control.c.obj
                0x10005408                usbd_control_xfer_cb
 .text._prep_out_transaction
                0x10005514       0x6a CMakeFiles/SW_RP2350.dir/C_/Users/vivek/.pico-sdk/sdk/2.0.0/lib/tinyusb/src/class/cdc/cdc_device.c.obj
 *fill*         0x1000557e        0x2 
 .text.tud_cdc_n_connected
                0x10005580       0x38 CMakeFiles/SW_RP2350.dir/C_/Users/vivek/.pico-sdk/sdk/2.0.0/lib/tinyusb/src/class/cdc/cdc_device.c.obj
                0x10005580                tud_cdc_n_connected
 .text.tud_cdc_n_available
                0x100055b8       0x1c CMakeFiles/SW_RP2350.dir/C_/Users/vivek/.pico-sdk/sdk/2.0.0/lib/tinyusb/src/class/cdc/cdc_device.c.obj
                0x100055b8                tud_cdc_n_available
 .text.tud_cdc_n_read
                0x100055d4       0x38 CMakeFiles/SW_RP2350.dir/C_/Users/vivek/.pico-sdk/sdk/2.0.0/lib/tinyusb/src/class/cdc/cdc_device.c.obj
                0x100055d4                tud_cdc_n_read
 .text.tud_cdc_n_write_flush
                0x1000560c       0xd0 CMakeFiles/SW_RP2350.dir/C_/Users/vivek/.pico-sdk/sdk/2.0.0/lib/tinyusb/src/class/cdc/cdc_device.c.obj
                0x1000560c                tud_cdc_n_write_flush
 .text.tud_cdc_n_write
                0x100056dc       0x48 CMakeFiles/SW_RP2350.dir/C_/Users/vivek/.pico-sdk/sdk/2.0.0/lib/tinyusb/src/class/cdc/cdc_device.c.obj
                0x100056dc                tud_cdc_n_write
 .text.tud_cdc_n_write_available
                0x10005724       0x1c CMakeFiles/SW_RP2350.dir/C_/Users/vivek/.pico-sdk/sdk/2.0.0/lib/tinyusb/src/class/cdc/cdc_device.c.obj
                0x10005724                tud_cdc_n_write_available
 .text.cdcd_init
                0x10005740       0xb0 CMakeFiles/SW_RP2350.dir/C_/Users/vivek/.pico-sdk/sdk/2.0.0/lib/tinyusb/src/class/cdc/cdc_device.c.obj
                0x10005740                cdcd_init
 .text.cdcd_deinit
                0x100057f0       0x48 CMakeFiles/SW_RP2350.dir/C_/Users/vivek/.pico-sdk/sdk/2.0.0/lib/tinyusb/src/class/cdc/cdc_device.c.obj
                0x100057f0                cdcd_deinit
 .text.cdcd_reset
                0x10005838       0x80 CMakeFiles/SW_RP2350.dir/C_/Users/vivek/.pico-sdk/sdk/2.0.0/lib/tinyusb/src/class/cdc/cdc_device.c.obj
                0x10005838                cdcd_reset
 .text.cdcd_open
                0x100058b8      0x11c CMakeFiles/SW_RP2350.dir/C_/Users/vivek/.pico-sdk/sdk/2.0.0/lib/tinyusb/src/class/cdc/cdc_device.c.obj
                0x100058b8                cdcd_open
 .text.cdcd_control_xfer_cb
                0x100059d4      0x118 CMakeFiles/SW_RP2350.dir/C_/Users/vivek/.pico-sdk/sdk/2.0.0/lib/tinyusb/src/class/cdc/cdc_device.c.obj
                0x100059d4                cdcd_control_xfer_cb
 .text.cdcd_xfer_cb
                0x10005aec      0x138 CMakeFiles/SW_RP2350.dir/C_/Users/vivek/.pico-sdk/sdk/2.0.0/lib/tinyusb/src/class/cdc/cdc_device.c.obj
                0x10005aec                cdcd_xfer_cb
 .text._prep_out_transaction
                0x10005c24       0x34 CMakeFiles/SW_RP2350.dir/C_/Users/vivek/.pico-sdk/sdk/2.0.0/lib/tinyusb/src/class/vendor/vendor_device.c.obj
 .text.tud_vendor_n_write_flush
                0x10005c58       0xd0 CMakeFiles/SW_RP2350.dir/C_/Users/vivek/.pico-sdk/sdk/2.0.0/lib/tinyusb/src/class/vendor/vendor_device.c.obj
                0x10005c58                tud_vendor_n_write_flush
 .text.vendord_init
                0x10005d28       0x98 CMakeFiles/SW_RP2350.dir/C_/Users/vivek/.pico-sdk/sdk/2.0.0/lib/tinyusb/src/class/vendor/vendor_device.c.obj
                0x10005d28                vendord_init
 .text.vendord_deinit
                0x10005dc0       0x48 CMakeFiles/SW_RP2350.dir/C_/Users/vivek/.pico-sdk/sdk/2.0.0/lib/tinyusb/src/class/vendor/vendor_device.c.obj
                0x10005dc0                vendord_deinit
 .text.vendord_reset
                0x10005e08       0x34 CMakeFiles/SW_RP2350.dir/C_/Users/vivek/.pico-sdk/sdk/2.0.0/lib/tinyusb/src/class/vendor/vendor_device.c.obj
                0x10005e08                vendord_reset
 .text.vendord_open
                0x10005e3c       0xdc CMakeFiles/SW_RP2350.dir/C_/Users/vivek/.pico-sdk/sdk/2.0.0/lib/tinyusb/src/class/vendor/vendor_device.c.obj
                0x10005e3c                vendord_open
 .text.vendord_xfer_cb
                0x10005f18       0xb8 CMakeFiles/SW_RP2350.dir/C_/Users/vivek/.pico-sdk/sdk/2.0.0/lib/tinyusb/src/class/vendor/vendor_device.c.obj
                0x10005f18                vendord_xfer_cb
 .text.tusb_init
                0x10005fd0       0x34 CMakeFiles/SW_RP2350.dir/C_/Users/vivek/.pico-sdk/sdk/2.0.0/lib/tinyusb/src/tusb.c.obj
                0x10005fd0                tusb_init
 .text.tu_edpt_claim
                0x10006004       0x50 CMakeFiles/SW_RP2350.dir/C_/Users/vivek/.pico-sdk/sdk/2.0.0/lib/tinyusb/src/tusb.c.obj
                0x10006004                tu_edpt_claim
 .text.tu_edpt_release
                0x10006054       0x3c CMakeFiles/SW_RP2350.dir/C_/Users/vivek/.pico-sdk/sdk/2.0.0/lib/tinyusb/src/tusb.c.obj
                0x10006054                tu_edpt_release
 .text.tu_edpt_validate
                0x10006090       0xe0 CMakeFiles/SW_RP2350.dir/C_/Users/vivek/.pico-sdk/sdk/2.0.0/lib/tinyusb/src/tusb.c.obj
                0x10006090                tu_edpt_validate
 .text.tu_edpt_bind_driver
                0x10006170       0x4a CMakeFiles/SW_RP2350.dir/C_/Users/vivek/.pico-sdk/sdk/2.0.0/lib/tinyusb/src/tusb.c.obj
                0x10006170                tu_edpt_bind_driver
 .text.advance_index
                0x100061ba       0x1a CMakeFiles/SW_RP2350.dir/C_/Users/vivek/.pico-sdk/sdk/2.0.0/lib/tinyusb/src/common/tusb_fifo.c.obj
 .text._tu_fifo_peek
                0x100061d4       0x62 CMakeFiles/SW_RP2350.dir/C_/Users/vivek/.pico-sdk/sdk/2.0.0/lib/tinyusb/src/common/tusb_fifo.c.obj
 .text._ff_pull_n
                0x10006236       0x68 CMakeFiles/SW_RP2350.dir/C_/Users/vivek/.pico-sdk/sdk/2.0.0/lib/tinyusb/src/common/tusb_fifo.c.obj
 .text._tu_fifo_peek_n
                0x1000629e       0x6a CMakeFiles/SW_RP2350.dir/C_/Users/vivek/.pico-sdk/sdk/2.0.0/lib/tinyusb/src/common/tusb_fifo.c.obj
 .text._tu_fifo_read_n
                0x10006308       0x4c CMakeFiles/SW_RP2350.dir/C_/Users/vivek/.pico-sdk/sdk/2.0.0/lib/tinyusb/src/common/tusb_fifo.c.obj
 .text._ff_push_n
                0x10006354       0x66 CMakeFiles/SW_RP2350.dir/C_/Users/vivek/.pico-sdk/sdk/2.0.0/lib/tinyusb/src/common/tusb_fifo.c.obj
 .text._tu_fifo_write_n
                0x100063ba       0xe2 CMakeFiles/SW_RP2350.dir/C_/Users/vivek/.pico-sdk/sdk/2.0.0/lib/tinyusb/src/common/tusb_fifo.c.obj
 .text.tu_fifo_config
                0x1000649c       0x62 CMakeFiles/SW_RP2350.dir/C_/Users/vivek/.pico-sdk/sdk/2.0.0/lib/tinyusb/src/common/tusb_fifo.c.obj
                0x1000649c                tu_fifo_config
 .text.tu_fifo_count
                0x100064fe       0x28 CMakeFiles/SW_RP2350.dir/C_/Users/vivek/.pico-sdk/sdk/2.0.0/lib/tinyusb/src/common/tusb_fifo.c.obj
                0x100064fe                tu_fifo_count
 .text.tu_fifo_empty
                0x10006526       0x12 CMakeFiles/SW_RP2350.dir/C_/Users/vivek/.pico-sdk/sdk/2.0.0/lib/tinyusb/src/common/tusb_fifo.c.obj
                0x10006526                tu_fifo_empty
 .text.tu_fifo_full
                0x10006538       0x28 CMakeFiles/SW_RP2350.dir/C_/Users/vivek/.pico-sdk/sdk/2.0.0/lib/tinyusb/src/common/tusb_fifo.c.obj
                0x10006538                tu_fifo_full
 .text.tu_fifo_remaining
                0x10006560       0x2c CMakeFiles/SW_RP2350.dir/C_/Users/vivek/.pico-sdk/sdk/2.0.0/lib/tinyusb/src/common/tusb_fifo.c.obj
                0x10006560                tu_fifo_remaining
 .text.tu_fifo_read
                0x1000658c       0x3e CMakeFiles/SW_RP2350.dir/C_/Users/vivek/.pico-sdk/sdk/2.0.0/lib/tinyusb/src/common/tusb_fifo.c.obj
                0x1000658c                tu_fifo_read
 .text.tu_fifo_read_n
                0x100065ca        0xa CMakeFiles/SW_RP2350.dir/C_/Users/vivek/.pico-sdk/sdk/2.0.0/lib/tinyusb/src/common/tusb_fifo.c.obj
                0x100065ca                tu_fifo_read_n
 .text.tu_fifo_write
                0x100065d4       0x5e CMakeFiles/SW_RP2350.dir/C_/Users/vivek/.pico-sdk/sdk/2.0.0/lib/tinyusb/src/common/tusb_fifo.c.obj
                0x100065d4                tu_fifo_write
 .text.tu_fifo_write_n
                0x10006632        0xa CMakeFiles/SW_RP2350.dir/C_/Users/vivek/.pico-sdk/sdk/2.0.0/lib/tinyusb/src/common/tusb_fifo.c.obj
                0x10006632                tu_fifo_write_n
 .text.tu_fifo_clear
                0x1000663c       0x36 CMakeFiles/SW_RP2350.dir/C_/Users/vivek/.pico-sdk/sdk/2.0.0/lib/tinyusb/src/common/tusb_fifo.c.obj
                0x1000663c                tu_fifo_clear
 .text.tu_fifo_set_overwritable
                0x10006672       0x3a CMakeFiles/SW_RP2350.dir/C_/Users/vivek/.pico-sdk/sdk/2.0.0/lib/tinyusb/src/common/tusb_fifo.c.obj
                0x10006672                tu_fifo_set_overwritable
 .text.pio_get_default_sm_config
                0x100066ac       0x24 CMakeFiles/SW_RP2350.dir/C_/Users/vivek/.pico-sdk/sdk/2.0.0/src/rp2_common/hardware_pio/pio.c.obj
 .text.is_gpio_compatible
                0x100066d0       0x24 CMakeFiles/SW_RP2350.dir/C_/Users/vivek/.pico-sdk/sdk/2.0.0/src/rp2_common/hardware_pio/pio.c.obj
 .text.is_program_gpio_compatible
                0x100066f4        0xa CMakeFiles/SW_RP2350.dir/C_/Users/vivek/.pico-sdk/sdk/2.0.0/src/rp2_common/hardware_pio/pio.c.obj
 *fill*         0x100066fe        0x2 
 .text.add_program_at_offset_check
                0x10006700       0x54 CMakeFiles/SW_RP2350.dir/C_/Users/vivek/.pico-sdk/sdk/2.0.0/src/rp2_common/hardware_pio/pio.c.obj
 .text.add_program_at_offset
                0x10006754       0x60 CMakeFiles/SW_RP2350.dir/C_/Users/vivek/.pico-sdk/sdk/2.0.0/src/rp2_common/hardware_pio/pio.c.obj
 .text.find_offset_for_program
                0x100067b4       0x78 CMakeFiles/SW_RP2350.dir/C_/Users/vivek/.pico-sdk/sdk/2.0.0/src/rp2_common/hardware_pio/pio.c.obj
 .text.pio_claim_unused_sm
                0x1000682c       0x38 CMakeFiles/SW_RP2350.dir/C_/Users/vivek/.pico-sdk/sdk/2.0.0/src/rp2_common/hardware_pio/pio.c.obj
                0x1000682c                pio_claim_unused_sm
 .text.pio_add_program
                0x10006864       0x30 CMakeFiles/SW_RP2350.dir/C_/Users/vivek/.pico-sdk/sdk/2.0.0/src/rp2_common/hardware_pio/pio.c.obj
                0x10006864                pio_add_program
 .text.pio_remove_program
                0x10006894       0x54 CMakeFiles/SW_RP2350.dir/C_/Users/vivek/.pico-sdk/sdk/2.0.0/src/rp2_common/hardware_pio/pio.c.obj
                0x10006894                pio_remove_program
 .text.pio_sm_set_consecutive_pindirs
                0x100068e8       0x9e CMakeFiles/SW_RP2350.dir/C_/Users/vivek/.pico-sdk/sdk/2.0.0/src/rp2_common/hardware_pio/pio.c.obj
                0x100068e8                pio_sm_set_consecutive_pindirs
 .text.pio_sm_init
                0x10006986       0xac CMakeFiles/SW_RP2350.dir/C_/Users/vivek/.pico-sdk/sdk/2.0.0/src/rp2_common/hardware_pio/pio.c.obj
                0x10006986                pio_sm_init
 *fill*         0x10006a32        0x2 
 .text.i2c_unreset
                0x10006a34       0x2c CMakeFiles/SW_RP2350.dir/C_/Users/vivek/.pico-sdk/sdk/2.0.0/src/rp2_common/hardware_i2c/i2c.c.obj
 .text.i2c_set_baudrate
                0x10006a60       0xc8 CMakeFiles/SW_RP2350.dir/C_/Users/vivek/.pico-sdk/sdk/2.0.0/src/rp2_common/hardware_i2c/i2c.c.obj
                0x10006a60                i2c_set_baudrate
 .text.i2c_init
                0x10006b28       0x54 CMakeFiles/SW_RP2350.dir/C_/Users/vivek/.pico-sdk/sdk/2.0.0/src/rp2_common/hardware_i2c/i2c.c.obj
                0x10006b28                i2c_init
 .text.i2c_set_slave_mode
                0x10006b7c       0x48 CMakeFiles/SW_RP2350.dir/C_/Users/vivek/.pico-sdk/sdk/2.0.0/src/rp2_common/hardware_i2c/i2c.c.obj
                0x10006b7c                i2c_set_slave_mode
 .text.memset   0x10006bc4       0xa4 C:/Users/vivek/.pico-sdk/toolchain/13_2_Rel1/bin/../lib/gcc/arm-none-eabi/13.2.1/thumb/v8-m.main+fp/softfp\libg.a(libc_a-memset.o)
                0x10006bc4                memset
 .text          0x10006c68       0xec C:/Users/vivek/.pico-sdk/toolchain/13_2_Rel1/bin/../lib/gcc/arm-none-eabi/13.2.1/thumb/v8-m.main+fp/softfp\libg.a(libc_a-memcpy.o)
                0x10006c68                memcpy
 .text.strlen   0x10006d54       0x5c C:/Users/vivek/.pico-sdk/toolchain/13_2_Rel1/bin/../lib/gcc/arm-none-eabi/13.2.1/thumb/v8-m.main+fp/softfp\libg.a(libc_a-strlen-stub.o)
                0x10006d54                strlen
 *(.fini)
 .fini          0x10006db0        0x4 C:/Users/vivek/.pico-sdk/toolchain/13_2_Rel1/bin/../lib/gcc/arm-none-eabi/13.2.1/thumb/v8-m.main+fp/softfp/crti.o
                0x10006db0                _fini
 *fill*         0x10006db4        0x4 
 .fini.__stub   0x10006db8       0x58 linker stubs
 *crtbegin.o(.ctors)
 *crtbegin?.o(.ctors)
 *(EXCLUDE_FILE(*crtend.o *crtend?.o) .ctors)
 *(SORT_BY_NAME(.ctors.*))
 *(.ctors)
 *crtbegin.o(.dtors)
 *crtbegin?.o(.dtors)
 *(EXCLUDE_FILE(*crtend.o *crtend?.o) .dtors)
 *(SORT_BY_NAME(.dtors.*))
 *(.dtors)
                0x10006e10                        . = ALIGN (0x4)
                0x10006e10                        PROVIDE (__preinit_array_start = .)
 *(SORT_BY_NAME(.preinit_array.*))
 .preinit_array.00050
                0x10006e10        0x4 CMakeFiles/SW_RP2350.dir/C_/Users/vivek/.pico-sdk/sdk/2.0.0/src/rp2_common/pico_runtime_init/runtime_init.c.obj
                0x10006e10                __pre_init_runtime_init_bootrom_reset
 .preinit_array.00100
                0x10006e14        0x4 CMakeFiles/SW_RP2350.dir/C_/Users/vivek/.pico-sdk/sdk/2.0.0/src/rp2_common/pico_runtime_init/runtime_init.c.obj
                0x10006e14                __pre_init_runtime_init_early_resets
 .preinit_array.00101
                0x10006e18        0x4 CMakeFiles/SW_RP2350.dir/C_/Users/vivek/.pico-sdk/sdk/2.0.0/src/rp2_common/pico_runtime_init/runtime_init.c.obj
                0x10006e18                __pre_init_runtime_init_usb_power_down
 .preinit_array.00500
                0x10006e1c        0x4 CMakeFiles/SW_RP2350.dir/C_/Users/vivek/.pico-sdk/sdk/2.0.0/src/rp2_common/pico_runtime_init/runtime_init.c.obj
                0x10006e1c                __pre_init_runtime_init_clocks
 .preinit_array.00600
                0x10006e20        0x4 CMakeFiles/SW_RP2350.dir/C_/Users/vivek/.pico-sdk/sdk/2.0.0/src/rp2_common/pico_runtime_init/runtime_init.c.obj
                0x10006e20                __pre_init_runtime_init_post_clock_resets
 .preinit_array.01000
                0x10006e24        0x4 CMakeFiles/SW_RP2350.dir/C_/Users/vivek/.pico-sdk/sdk/2.0.0/src/rp2_common/pico_runtime_init/runtime_init.c.obj
                0x10006e24                __pre_init_runtime_init_spin_locks_reset
 .preinit_array.01000
                0x10006e28        0x4 CMakeFiles/SW_RP2350.dir/C_/Users/vivek/.pico-sdk/sdk/2.0.0/src/rp2_common/hardware_boot_lock/boot_lock.c.obj
                0x10006e28                __pre_init_runtime_init_boot_locks_reset
 .preinit_array.01010
                0x10006e2c        0x4 CMakeFiles/SW_RP2350.dir/C_/Users/vivek/.pico-sdk/sdk/2.0.0/src/rp2_common/pico_bootrom/bootrom_lock.c.obj
                0x10006e2c                __pre_init_runtime_init_bootrom_locking_enable
 .preinit_array.01100
                0x10006e30        0x4 CMakeFiles/SW_RP2350.dir/C_/Users/vivek/.pico-sdk/sdk/2.0.0/src/common/pico_sync/mutex.c.obj
                0x10006e30                __pre_init_runtime_init_mutex
 .preinit_array.10080
                0x10006e34        0x4 CMakeFiles/SW_RP2350.dir/C_/Users/vivek/.pico-sdk/sdk/2.0.0/src/rp2_common/pico_runtime_init/runtime_init.c.obj
                0x10006e34                __pre_init_runtime_init_install_ram_vector_table
 .preinit_array.11000
                0x10006e38        0x4 CMakeFiles/SW_RP2350.dir/C_/Users/vivek/.pico-sdk/sdk/2.0.0/src/common/pico_time/time.c.obj
                0x10006e38                __pre_init_runtime_init_default_alarm_pool
 .preinit_array.YYYYY
                0x10006e3c        0x4 CMakeFiles/SW_RP2350.dir/C_/Users/vivek/.pico-sdk/sdk/2.0.0/src/rp2_common/pico_runtime/runtime.c.obj
                0x10006e3c                __pre_init_first_per_core_initializer
 .preinit_array.ZZZZZ.00051
                0x10006e40        0x4 CMakeFiles/SW_RP2350.dir/C_/Users/vivek/.pico-sdk/sdk/2.0.0/src/rp2_common/pico_runtime_init/runtime_init.c.obj
                0x10006e40                __pre_init_runtime_init_per_core_bootrom_reset
 .preinit_array.ZZZZZ.00200
                0x10006e44        0x4 CMakeFiles/SW_RP2350.dir/C_/Users/vivek/.pico-sdk/sdk/2.0.0/src/rp2_common/pico_runtime_init/runtime_init.c.obj
                0x10006e44                __pre_init_runtime_init_per_core_enable_coprocessors
 .preinit_array.ZZZZZ.01000
                0x10006e48        0x4 CMakeFiles/SW_RP2350.dir/C_/Users/vivek/.pico-sdk/sdk/2.0.0/src/rp2_common/hardware_sync_spin_lock/sync_spin_lock.c.obj
                0x10006e48                __pre_init_spinlock_set_extexclall
 .preinit_array.ZZZZZ.01200
                0x10006e4c        0x4 CMakeFiles/SW_RP2350.dir/C_/Users/vivek/.pico-sdk/sdk/2.0.0/src/rp2_common/hardware_irq/irq.c.obj
                0x10006e4c                __pre_init_runtime_init_per_core_irq_priorities
 *(.preinit_array)
                0x10006e50                        PROVIDE (__preinit_array_end = .)
                0x10006e50                        . = ALIGN (0x4)
                0x10006e50                        PROVIDE (__init_array_start = .)
 *(SORT_BY_NAME(.init_array.*))
 *(.init_array)
 .init_array    0x10006e50        0x4 C:/Users/vivek/.pico-sdk/toolchain/13_2_Rel1/bin/../lib/gcc/arm-none-eabi/13.2.1/thumb/v8-m.main+fp/softfp/crtbegin.o
 .init_array    0x10006e54        0x4 CMakeFiles/SW_RP2350.dir/C_/Users/vivek/.pico-sdk/sdk/2.0.0/src/rp2_common/pico_unique_id/unique_id.c.obj
                0x10006e58                        PROVIDE (__init_array_end = .)
                0x10006e58                        . = ALIGN (0x4)
                [!provide]                        PROVIDE (__fini_array_start = .)
 *(SORT_BY_NAME(.fini_array.*))
 *(.fini_array)
                [!provide]                        PROVIDE (__fini_array_end = .)
 *(.eh_frame*)
 .eh_frame      0x10006e58        0x0 C:/Users/vivek/.pico-sdk/toolchain/13_2_Rel1/bin/../lib/gcc/arm-none-eabi/13.2.1/thumb/v8-m.main+fp/softfp/crtbegin.o
                0x10006e58                        . = ALIGN (0x4)

.glue_7         0x10006e58        0x0
 .glue_7        0x10006e58        0x0 linker stubs

.glue_7t        0x10006e58        0x0
 .glue_7t       0x10006e58        0x0 linker stubs

.vfp11_veneer   0x10006e58        0x0
 .vfp11_veneer  0x10006e58        0x0 linker stubs

.v4_bx          0x10006e58        0x0
 .v4_bx         0x10006e58        0x0 linker stubs

.iplt           0x10006e58        0x0
 .iplt          0x10006e58        0x0 C:/Users/vivek/.pico-sdk/toolchain/13_2_Rel1/bin/../lib/gcc/arm-none-eabi/13.2.1/thumb/v8-m.main+fp/softfp/crtbegin.o

.boot2          0x10006e58        0x0
                0x10006e58                        __boot2_start__ = .
 *(.boot2)
                0x10006e58                        __boot2_end__ = .
                0x00000001                        ASSERT (((__boot2_end__ - __boot2_start__) <= 0x100), ERROR: Pico second stage bootloader must be no more than 256 bytes in size)

.rodata         0x10006e58     0x1048
 *(EXCLUDE_FILE(*libm.a: *libc.a:*lib_a-mem*.o *libgcc.a:) .rodata*)
 .rodata.set_sys_clock_khz.str1.4
                0x10006e58      0xa29 CMakeFiles/SW_RP2350.dir/SW_RP2350.cpp.obj
                                 0x32 (size before relaxing)
 .rodata._Z7get_calv.str1.4
                0x10007881       0x14 CMakeFiles/SW_RP2350.dir/SW_RP2350.cpp.obj
 .rodata.main.str1.4
                0x10007881        0x4 CMakeFiles/SW_RP2350.dir/SW_RP2350.cpp.obj
 *fill*         0x10007881        0x3 
 .rodata._ZL19calibration_program
                0x10007884        0x8 CMakeFiles/SW_RP2350.dir/SW_RP2350.cpp.obj
 .rodata._ZL32calibration_program_instructions
                0x1000788c       0x24 CMakeFiles/SW_RP2350.dir/SW_RP2350.cpp.obj
 .rodata._ZL15residue_program
                0x100078b0        0x8 CMakeFiles/SW_RP2350.dir/SW_RP2350.cpp.obj
 .rodata._ZL28residue_program_instructions
                0x100078b8        0xa CMakeFiles/SW_RP2350.dir/SW_RP2350.cpp.obj
 *fill*         0x100078c2        0x2 
 .rodata._ZL10ms_program
                0x100078c4        0x8 CMakeFiles/SW_RP2350.dir/SW_RP2350.cpp.obj
 .rodata._ZL23ms_program_instructions
                0x100078cc       0x34 CMakeFiles/SW_RP2350.dir/SW_RP2350.cpp.obj
 .rodata.panic.str1.4
                0x10007900       0x12 CMakeFiles/SW_RP2350.dir/C_/Users/vivek/.pico-sdk/sdk/2.0.0/src/rp2_common/pico_platform_panic/panic.c.obj
 .rodata.spin_lock_claim_unused.str1.4
                0x10007900       0x1b CMakeFiles/SW_RP2350.dir/C_/Users/vivek/.pico-sdk/sdk/2.0.0/src/rp2_common/hardware_sync/sync.c.obj
 .rodata.resolve_j_16.str1.4
                0x10007900       0x5d CMakeFiles/SW_RP2350.dir/C_/Users/vivek/.pico-sdk/sdk/2.0.0/src/rp2_common/hardware_irq/irq.c.obj
 .rodata.make_j_16.str1.4
                0x10007900       0x30 CMakeFiles/SW_RP2350.dir/C_/Users/vivek/.pico-sdk/sdk/2.0.0/src/rp2_common/hardware_irq/irq.c.obj
 .rodata.irq_set_exclusive_handler.str1.4
                0x10007900       0x36 CMakeFiles/SW_RP2350.dir/C_/Users/vivek/.pico-sdk/sdk/2.0.0/src/rp2_common/hardware_irq/irq.c.obj
 .rodata.irq_add_shared_handler.str1.4
                0x10007900       0xd2 CMakeFiles/SW_RP2350.dir/C_/Users/vivek/.pico-sdk/sdk/2.0.0/src/rp2_common/hardware_irq/irq.c.obj
 .rodata.irq_add_tail_to_free_list.str1.4
                0x10007900       0x3a CMakeFiles/SW_RP2350.dir/C_/Users/vivek/.pico-sdk/sdk/2.0.0/src/rp2_common/hardware_irq/irq.c.obj
 .rodata.user_irq_claim_unused.str1.4
                0x10007900       0x1b CMakeFiles/SW_RP2350.dir/C_/Users/vivek/.pico-sdk/sdk/2.0.0/src/rp2_common/hardware_irq/irq.c.obj
 .rodata.__func__.0
                0x10007900       0x1a CMakeFiles/SW_RP2350.dir/C_/Users/vivek/.pico-sdk/sdk/2.0.0/src/rp2_common/hardware_irq/irq.c.obj
 *fill*         0x1000791a        0x2 
 .rodata.__func__.3
                0x1000791c        0xa CMakeFiles/SW_RP2350.dir/C_/Users/vivek/.pico-sdk/sdk/2.0.0/src/rp2_common/hardware_irq/irq.c.obj
 *fill*         0x10007926        0x2 
 .rodata.__func__.4
                0x10007928        0xd CMakeFiles/SW_RP2350.dir/C_/Users/vivek/.pico-sdk/sdk/2.0.0/src/rp2_common/hardware_irq/irq.c.obj
 *fill*         0x10007935        0x3 
 .rodata.__func__.5
                0x10007938       0x17 CMakeFiles/SW_RP2350.dir/C_/Users/vivek/.pico-sdk/sdk/2.0.0/src/rp2_common/hardware_irq/irq.c.obj
 *fill*         0x1000794f        0x1 
 .rodata.__func__.6
                0x10007950       0x1a CMakeFiles/SW_RP2350.dir/C_/Users/vivek/.pico-sdk/sdk/2.0.0/src/rp2_common/hardware_irq/irq.c.obj
 .rodata.runtime_init_mutex.str1.4
                0x1000796a       0x60 CMakeFiles/SW_RP2350.dir/C_/Users/vivek/.pico-sdk/sdk/2.0.0/src/common/pico_sync/mutex.c.obj
 .rodata.str1.4
                0x1000796a       0x51 CMakeFiles/SW_RP2350.dir/C_/Users/vivek/.pico-sdk/sdk/2.0.0/src/common/pico_sync/mutex.c.obj
 *fill*         0x1000796a        0x2 
 .rodata.__func__.1
                0x1000796c        0xb CMakeFiles/SW_RP2350.dir/C_/Users/vivek/.pico-sdk/sdk/2.0.0/src/common/pico_sync/mutex.c.obj
 *fill*         0x10007977        0x1 
 .rodata.__func__.3
                0x10007978       0x18 CMakeFiles/SW_RP2350.dir/C_/Users/vivek/.pico-sdk/sdk/2.0.0/src/common/pico_sync/mutex.c.obj
 .rodata.__func__.6
                0x10007990       0x13 CMakeFiles/SW_RP2350.dir/C_/Users/vivek/.pico-sdk/sdk/2.0.0/src/common/pico_sync/mutex.c.obj
 .rodata.alarm_pool_irq_handler.str1.4
                0x100079a3       0x6b CMakeFiles/SW_RP2350.dir/C_/Users/vivek/.pico-sdk/sdk/2.0.0/src/common/pico_time/time.c.obj
 .rodata.alarm_pool_get_default.str1.4
                0x100079a3       0x21 CMakeFiles/SW_RP2350.dir/C_/Users/vivek/.pico-sdk/sdk/2.0.0/src/common/pico_time/time.c.obj
 .rodata.sleep_until.str1.4
                0x100079a3       0x4d CMakeFiles/SW_RP2350.dir/C_/Users/vivek/.pico-sdk/sdk/2.0.0/src/common/pico_time/time.c.obj
 *fill*         0x100079a3        0x1 
 .rodata.__func__.1
                0x100079a4       0x17 CMakeFiles/SW_RP2350.dir/C_/Users/vivek/.pico-sdk/sdk/2.0.0/src/common/pico_time/time.c.obj
 *fill*         0x100079bb        0x1 
 .rodata.__func__.2
                0x100079bc       0x17 CMakeFiles/SW_RP2350.dir/C_/Users/vivek/.pico-sdk/sdk/2.0.0/src/common/pico_time/time.c.obj
 .rodata.timer_hardware_alarm_claim.str1.4
                0x100079d3       0x22 CMakeFiles/SW_RP2350.dir/C_/Users/vivek/.pico-sdk/sdk/2.0.0/src/rp2_common/hardware_timer/timer.c.obj
 .rodata.pll_init.str1.4
                0x100079d3      0x11c CMakeFiles/SW_RP2350.dir/C_/Users/vivek/.pico-sdk/sdk/2.0.0/src/rp2_common/hardware_pll/pll.c.obj
 *fill*         0x100079d3        0x1 
 .rodata.__func__.0
                0x100079d4        0x9 CMakeFiles/SW_RP2350.dir/C_/Users/vivek/.pico-sdk/sdk/2.0.0/src/rp2_common/hardware_pll/pll.c.obj
 .rodata.str1.4
                0x100079dd       0x34 CMakeFiles/SW_RP2350.dir/C_/Users/vivek/.pico-sdk/sdk/2.0.0/src/rp2_common/pico_standard_binary_info/standard_binary_info.c.obj
 *fill*         0x100079dd        0x3 
 .rodata.__bi_84
                0x100079e0        0xc CMakeFiles/SW_RP2350.dir/C_/Users/vivek/.pico-sdk/sdk/2.0.0/src/rp2_common/pico_standard_binary_info/standard_binary_info.c.obj
 .rodata.__bi_60
                0x100079ec        0xc CMakeFiles/SW_RP2350.dir/C_/Users/vivek/.pico-sdk/sdk/2.0.0/src/rp2_common/pico_standard_binary_info/standard_binary_info.c.obj
 .rodata.__bi_54
                0x100079f8        0xc CMakeFiles/SW_RP2350.dir/C_/Users/vivek/.pico-sdk/sdk/2.0.0/src/rp2_common/pico_standard_binary_info/standard_binary_info.c.obj
 .rodata.__bi_48
                0x10007a04        0xc CMakeFiles/SW_RP2350.dir/C_/Users/vivek/.pico-sdk/sdk/2.0.0/src/rp2_common/pico_standard_binary_info/standard_binary_info.c.obj
 .rodata.__bi_42
                0x10007a10        0xc CMakeFiles/SW_RP2350.dir/C_/Users/vivek/.pico-sdk/sdk/2.0.0/src/rp2_common/pico_standard_binary_info/standard_binary_info.c.obj
 .rodata.__bi_34
                0x10007a1c        0xc CMakeFiles/SW_RP2350.dir/C_/Users/vivek/.pico-sdk/sdk/2.0.0/src/rp2_common/pico_standard_binary_info/standard_binary_info.c.obj
 .rodata.__bi_26
                0x10007a28        0xc CMakeFiles/SW_RP2350.dir/C_/Users/vivek/.pico-sdk/sdk/2.0.0/src/rp2_common/pico_standard_binary_info/standard_binary_info.c.obj
 .rodata._ftoa.str1.4
                0x10007a34       0x15 CMakeFiles/SW_RP2350.dir/C_/Users/vivek/.pico-sdk/sdk/2.0.0/src/rp2_common/pico_printf/printf.c.obj
 *fill*         0x10007a34        0x4 
 .rodata.pow10.0
                0x10007a38       0x50 CMakeFiles/SW_RP2350.dir/C_/Users/vivek/.pico-sdk/sdk/2.0.0/src/rp2_common/pico_printf/printf.c.obj
 .rodata.__assert_func.str1.4
                0x10007a88       0x43 CMakeFiles/SW_RP2350.dir/C_/Users/vivek/.pico-sdk/sdk/2.0.0/src/rp2_common/pico_clib_interface/newlib_interface.c.obj
 .rodata.crlf_str.0
                0x10007a88        0x2 CMakeFiles/SW_RP2350.dir/C_/Users/vivek/.pico-sdk/sdk/2.0.0/src/rp2_common/pico_stdio/stdio.c.obj
 *fill*         0x10007a8a        0x2 
 .rodata._resetd_driver
                0x10007a8c       0x20 CMakeFiles/SW_RP2350.dir/C_/Users/vivek/.pico-sdk/sdk/2.0.0/src/rp2_common/pico_stdio_usb/reset_interface.c.obj
 .rodata.desc_ms_os_20
                0x10007aac       0xa6 CMakeFiles/SW_RP2350.dir/C_/Users/vivek/.pico-sdk/sdk/2.0.0/src/rp2_common/pico_stdio_usb/reset_interface.c.obj
 *fill*         0x10007b52        0x2 
 .rodata.desc_bos
                0x10007b54       0x21 CMakeFiles/SW_RP2350.dir/C_/Users/vivek/.pico-sdk/sdk/2.0.0/src/rp2_common/pico_stdio_usb/reset_interface.c.obj
                0x10007b54                desc_bos
 .rodata.stdio_usb_init.str1.4
                0x10007b75       0x55 CMakeFiles/SW_RP2350.dir/C_/Users/vivek/.pico-sdk/sdk/2.0.0/src/rp2_common/pico_stdio_usb/stdio_usb.c.obj
 .rodata.str1.4
                0x10007b75       0x13 CMakeFiles/SW_RP2350.dir/C_/Users/vivek/.pico-sdk/sdk/2.0.0/src/rp2_common/pico_stdio_usb/stdio_usb.c.obj
 *fill*         0x10007b75        0x3 
 .rodata.__bi_197.1
                0x10007b78        0xc CMakeFiles/SW_RP2350.dir/C_/Users/vivek/.pico-sdk/sdk/2.0.0/src/rp2_common/pico_stdio_usb/stdio_usb.c.obj
 .rodata.__func__.2
                0x10007b84        0xf CMakeFiles/SW_RP2350.dir/C_/Users/vivek/.pico-sdk/sdk/2.0.0/src/rp2_common/pico_stdio_usb/stdio_usb.c.obj
 .rodata.str1.4
                0x10007b93       0x2a CMakeFiles/SW_RP2350.dir/C_/Users/vivek/.pico-sdk/sdk/2.0.0/src/rp2_common/pico_stdio_usb/stdio_usb_descriptors.c.obj
 *fill*         0x10007b93        0x1 
 .rodata.usbd_desc_str
                0x10007b94       0x18 CMakeFiles/SW_RP2350.dir/C_/Users/vivek/.pico-sdk/sdk/2.0.0/src/rp2_common/pico_stdio_usb/stdio_usb_descriptors.c.obj
 .rodata.usbd_desc_cfg
                0x10007bac       0x54 CMakeFiles/SW_RP2350.dir/C_/Users/vivek/.pico-sdk/sdk/2.0.0/src/rp2_common/pico_stdio_usb/stdio_usb_descriptors.c.obj
 .rodata.usbd_desc_device
                0x10007c00       0x12 CMakeFiles/SW_RP2350.dir/C_/Users/vivek/.pico-sdk/sdk/2.0.0/src/rp2_common/pico_stdio_usb/stdio_usb_descriptors.c.obj
 .rodata._retrieve_unique_id_on_boot.str1.4
                0x10007c12       0x55 CMakeFiles/SW_RP2350.dir/C_/Users/vivek/.pico-sdk/sdk/2.0.0/src/rp2_common/pico_unique_id/unique_id.c.obj
 .rodata.pico_get_unique_board_id_string.str1.4
                0x10007c12        0x8 CMakeFiles/SW_RP2350.dir/C_/Users/vivek/.pico-sdk/sdk/2.0.0/src/rp2_common/pico_unique_id/unique_id.c.obj
 *fill*         0x10007c12        0x2 
 .rodata.__func__.0
                0x10007c14       0x20 CMakeFiles/SW_RP2350.dir/C_/Users/vivek/.pico-sdk/sdk/2.0.0/src/rp2_common/pico_unique_id/unique_id.c.obj
 .rodata.__func__.1
                0x10007c34       0x1c CMakeFiles/SW_RP2350.dir/C_/Users/vivek/.pico-sdk/sdk/2.0.0/src/rp2_common/pico_unique_id/unique_id.c.obj
 .rodata._hw_endpoint_alloc.str1.4
                0x10007c50       0xbd CMakeFiles/SW_RP2350.dir/C_/Users/vivek/.pico-sdk/sdk/2.0.0/lib/tinyusb/src/portable/raspberrypi/rp2040/dcd_rp2040.c.obj
 .rodata.str1.4
                0x10007c50       0x14 CMakeFiles/SW_RP2350.dir/C_/Users/vivek/.pico-sdk/sdk/2.0.0/lib/tinyusb/src/portable/raspberrypi/rp2040/dcd_rp2040.c.obj
 .rodata.dcd_int_enable.str1.4
                0x10007c50        0xc CMakeFiles/SW_RP2350.dir/C_/Users/vivek/.pico-sdk/sdk/2.0.0/lib/tinyusb/src/portable/raspberrypi/rp2040/dcd_rp2040.c.obj
 .rodata.__func__.0
                0x10007c50        0xe CMakeFiles/SW_RP2350.dir/C_/Users/vivek/.pico-sdk/sdk/2.0.0/lib/tinyusb/src/portable/raspberrypi/rp2040/dcd_rp2040.c.obj
 *fill*         0x10007c5e        0x2 
 .rodata.__func__.1
                0x10007c60        0xe CMakeFiles/SW_RP2350.dir/C_/Users/vivek/.pico-sdk/sdk/2.0.0/lib/tinyusb/src/portable/raspberrypi/rp2040/dcd_rp2040.c.obj
 *fill*         0x10007c6e        0x2 
 .rodata.__func__.3
                0x10007c70       0x10 CMakeFiles/SW_RP2350.dir/C_/Users/vivek/.pico-sdk/sdk/2.0.0/lib/tinyusb/src/portable/raspberrypi/rp2040/dcd_rp2040.c.obj
 .rodata.__func__.5
                0x10007c80        0xf CMakeFiles/SW_RP2350.dir/C_/Users/vivek/.pico-sdk/sdk/2.0.0/lib/tinyusb/src/portable/raspberrypi/rp2040/dcd_rp2040.c.obj
 *fill*         0x10007c8f        0x1 
 .rodata.__func__.6
                0x10007c90       0x13 CMakeFiles/SW_RP2350.dir/C_/Users/vivek/.pico-sdk/sdk/2.0.0/lib/tinyusb/src/portable/raspberrypi/rp2040/dcd_rp2040.c.obj
 *fill*         0x10007ca3        0x1 
 .rodata.__func__.7
                0x10007ca4        0x9 CMakeFiles/SW_RP2350.dir/C_/Users/vivek/.pico-sdk/sdk/2.0.0/lib/tinyusb/src/portable/raspberrypi/rp2040/dcd_rp2040.c.obj
 .rodata.str1.4
                0x10007cad       0xe4 CMakeFiles/SW_RP2350.dir/C_/Users/vivek/.pico-sdk/sdk/2.0.0/lib/tinyusb/src/portable/raspberrypi/rp2040/rp2040_usb.c.obj
 .rodata.hw_endpoint_xfer_start.str1.4
                0x10007cad       0x38 CMakeFiles/SW_RP2350.dir/C_/Users/vivek/.pico-sdk/sdk/2.0.0/lib/tinyusb/src/portable/raspberrypi/rp2040/rp2040_usb.c.obj
 *fill*         0x10007cad        0x3 
 .rodata.__func__.0
                0x10007cb0        0xf CMakeFiles/SW_RP2350.dir/C_/Users/vivek/.pico-sdk/sdk/2.0.0/lib/tinyusb/src/portable/raspberrypi/rp2040/rp2040_usb.c.obj
 .rodata.configuration_reset.str1.4
                0x10007cbf       0x17 CMakeFiles/SW_RP2350.dir/C_/Users/vivek/.pico-sdk/sdk/2.0.0/lib/tinyusb/src/device/usbd.c.obj
 *fill*         0x10007cbf        0x1 
 .rodata.__func__.4
                0x10007cc0        0xf CMakeFiles/SW_RP2350.dir/C_/Users/vivek/.pico-sdk/sdk/2.0.0/lib/tinyusb/src/device/usbd.c.obj
 *fill*         0x10007ccf        0x1 
 .rodata.__func__.5
                0x10007cd0        0xf CMakeFiles/SW_RP2350.dir/C_/Users/vivek/.pico-sdk/sdk/2.0.0/lib/tinyusb/src/device/usbd.c.obj
 *fill*         0x10007cdf        0x1 
 .rodata.__func__.6
                0x10007ce0       0x14 CMakeFiles/SW_RP2350.dir/C_/Users/vivek/.pico-sdk/sdk/2.0.0/lib/tinyusb/src/device/usbd.c.obj
 .rodata.__func__.7
                0x10007cf4        0xc CMakeFiles/SW_RP2350.dir/C_/Users/vivek/.pico-sdk/sdk/2.0.0/lib/tinyusb/src/device/usbd.c.obj
 .rodata.__func__.8
                0x10007d00       0x17 CMakeFiles/SW_RP2350.dir/C_/Users/vivek/.pico-sdk/sdk/2.0.0/lib/tinyusb/src/device/usbd.c.obj
 *fill*         0x10007d17        0x1 
 .rodata.__func__.9
                0x10007d18       0x13 CMakeFiles/SW_RP2350.dir/C_/Users/vivek/.pico-sdk/sdk/2.0.0/lib/tinyusb/src/device/usbd.c.obj
 *fill*         0x10007d2b        0x1 
 .rodata.__func__.10
                0x10007d2c       0x18 CMakeFiles/SW_RP2350.dir/C_/Users/vivek/.pico-sdk/sdk/2.0.0/lib/tinyusb/src/device/usbd.c.obj
 .rodata.__func__.11
                0x10007d44       0x14 CMakeFiles/SW_RP2350.dir/C_/Users/vivek/.pico-sdk/sdk/2.0.0/lib/tinyusb/src/device/usbd.c.obj
 .rodata.__func__.12
                0x10007d58        0xd CMakeFiles/SW_RP2350.dir/C_/Users/vivek/.pico-sdk/sdk/2.0.0/lib/tinyusb/src/device/usbd.c.obj
 *fill*         0x10007d65        0x3 
 .rodata.__func__.13
                0x10007d68        0x9 CMakeFiles/SW_RP2350.dir/C_/Users/vivek/.pico-sdk/sdk/2.0.0/lib/tinyusb/src/device/usbd.c.obj
 *fill*         0x10007d71        0x3 
 .rodata._usbd_driver
                0x10007d74       0x40 CMakeFiles/SW_RP2350.dir/C_/Users/vivek/.pico-sdk/sdk/2.0.0/lib/tinyusb/src/device/usbd.c.obj
 .rodata.tud_control_xfer.str1.4
                0x10007db4       0x17 CMakeFiles/SW_RP2350.dir/C_/Users/vivek/.pico-sdk/sdk/2.0.0/lib/tinyusb/src/device/usbd_control.c.obj
 .rodata.__func__.0
                0x10007db4       0x15 CMakeFiles/SW_RP2350.dir/C_/Users/vivek/.pico-sdk/sdk/2.0.0/lib/tinyusb/src/device/usbd_control.c.obj
 *fill*         0x10007dc9        0x3 
 .rodata.__func__.1
                0x10007dcc       0x11 CMakeFiles/SW_RP2350.dir/C_/Users/vivek/.pico-sdk/sdk/2.0.0/lib/tinyusb/src/device/usbd_control.c.obj
 .rodata.tud_cdc_n_write_flush.str1.4
                0x10007ddd       0x17 CMakeFiles/SW_RP2350.dir/C_/Users/vivek/.pico-sdk/sdk/2.0.0/lib/tinyusb/src/class/cdc/cdc_device.c.obj
 *fill*         0x10007ddd        0x3 
 .rodata.__func__.0
                0x10007de0        0xd CMakeFiles/SW_RP2350.dir/C_/Users/vivek/.pico-sdk/sdk/2.0.0/lib/tinyusb/src/class/cdc/cdc_device.c.obj
 *fill*         0x10007ded        0x3 
 .rodata.__func__.1
                0x10007df0        0xa CMakeFiles/SW_RP2350.dir/C_/Users/vivek/.pico-sdk/sdk/2.0.0/lib/tinyusb/src/class/cdc/cdc_device.c.obj
 *fill*         0x10007dfa        0x2 
 .rodata.__func__.3
                0x10007dfc       0x16 CMakeFiles/SW_RP2350.dir/C_/Users/vivek/.pico-sdk/sdk/2.0.0/lib/tinyusb/src/class/cdc/cdc_device.c.obj
 .rodata.tud_vendor_n_write_flush.str1.4
                0x10007e12       0x17 CMakeFiles/SW_RP2350.dir/C_/Users/vivek/.pico-sdk/sdk/2.0.0/lib/tinyusb/src/class/vendor/vendor_device.c.obj
 *fill*         0x10007e12        0x2 
 .rodata.__func__.0
                0x10007e14        0xd CMakeFiles/SW_RP2350.dir/C_/Users/vivek/.pico-sdk/sdk/2.0.0/lib/tinyusb/src/class/vendor/vendor_device.c.obj
 *fill*         0x10007e21        0x3 
 .rodata.__func__.2
                0x10007e24       0x19 CMakeFiles/SW_RP2350.dir/C_/Users/vivek/.pico-sdk/sdk/2.0.0/lib/tinyusb/src/class/vendor/vendor_device.c.obj
 .rodata.tusb_init.str1.4
                0x10007e3d       0x17 CMakeFiles/SW_RP2350.dir/C_/Users/vivek/.pico-sdk/sdk/2.0.0/lib/tinyusb/src/tusb.c.obj
 *fill*         0x10007e3d        0x3 
 .rodata.__func__.3
                0x10007e40       0x11 CMakeFiles/SW_RP2350.dir/C_/Users/vivek/.pico-sdk/sdk/2.0.0/lib/tinyusb/src/tusb.c.obj
 *fill*         0x10007e51        0x3 
 .rodata.__func__.4
                0x10007e54        0xa CMakeFiles/SW_RP2350.dir/C_/Users/vivek/.pico-sdk/sdk/2.0.0/lib/tinyusb/src/tusb.c.obj
 .rodata.find_offset_for_program.str1.4
                0x10007e5e       0x71 CMakeFiles/SW_RP2350.dir/C_/Users/vivek/.pico-sdk/sdk/2.0.0/src/rp2_common/hardware_pio/pio.c.obj
 .rodata.pio_claim_unused_sm.str1.4
                0x10007e5e       0x24 CMakeFiles/SW_RP2350.dir/C_/Users/vivek/.pico-sdk/sdk/2.0.0/src/rp2_common/hardware_pio/pio.c.obj
 .rodata.pio_remove_program.str1.4
                0x10007e5e       0x4d CMakeFiles/SW_RP2350.dir/C_/Users/vivek/.pico-sdk/sdk/2.0.0/src/rp2_common/hardware_pio/pio.c.obj
 *fill*         0x10007e5e        0x2 
 .rodata.__func__.0
                0x10007e60       0x13 CMakeFiles/SW_RP2350.dir/C_/Users/vivek/.pico-sdk/sdk/2.0.0/src/rp2_common/hardware_pio/pio.c.obj
 *fill*         0x10007e73        0x1 
 .rodata.__func__.1
                0x10007e74       0x18 CMakeFiles/SW_RP2350.dir/C_/Users/vivek/.pico-sdk/sdk/2.0.0/src/rp2_common/hardware_pio/pio.c.obj
 .rodata.i2c_set_baudrate.str1.4
                0x10007e8c       0x65 CMakeFiles/SW_RP2350.dir/C_/Users/vivek/.pico-sdk/sdk/2.0.0/src/rp2_common/hardware_i2c/i2c.c.obj
 .rodata.__func__.0
                0x10007e8c       0x11 CMakeFiles/SW_RP2350.dir/C_/Users/vivek/.pico-sdk/sdk/2.0.0/src/rp2_common/hardware_i2c/i2c.c.obj
 *(.srodata*)
                0x10007ef4                        . = ALIGN (0x4)
 *fill*         0x10007e9d        0x3 
 *(SORT_BY_ALIGNMENT(SORT_BY_NAME(.flashdata*)))
                0x10007ea0                        . = ALIGN (0x4)

.ARM.extab
 *(.ARM.extab* .gnu.linkonce.armextab.*)
                0x10007ea0                        __exidx_start = .

.ARM.exidx      0x10007ea0        0x8
 *(.ARM.exidx* .gnu.linkonce.armexidx.*)
 .ARM.exidx     0x10007ea0        0x8 C:/Users/vivek/.pico-sdk/toolchain/13_2_Rel1/bin/../lib/gcc/arm-none-eabi/13.2.1/thumb/v8-m.main+fp/softfp\libg.a(libc_a-memcpy.o)
 .ARM.exidx.text.__udivmoddi4
                0x10007ea8        0x0 C:/Users/vivek/.pico-sdk/toolchain/13_2_Rel1/bin/../lib/gcc/arm-none-eabi/13.2.1/thumb/v8-m.main+fp/softfp\libgcc.a(_udivmoddi4.o)
                                  0x8 (size before relaxing)
                0x10007ea8                        __exidx_end = .
                0x10007ea8                        . = ALIGN (0x4)
                0x10007ea8                        __binary_info_start = .

.binary_info    0x10007ea8       0x20
 *(.binary_info.keep.*)
 .binary_info.keep.__bi_ptr84
                0x10007ea8        0x4 CMakeFiles/SW_RP2350.dir/C_/Users/vivek/.pico-sdk/sdk/2.0.0/src/rp2_common/pico_standard_binary_info/standard_binary_info.c.obj
 .binary_info.keep.__bi_ptr60
                0x10007eac        0x4 CMakeFiles/SW_RP2350.dir/C_/Users/vivek/.pico-sdk/sdk/2.0.0/src/rp2_common/pico_standard_binary_info/standard_binary_info.c.obj
 .binary_info.keep.__bi_ptr54
                0x10007eb0        0x4 CMakeFiles/SW_RP2350.dir/C_/Users/vivek/.pico-sdk/sdk/2.0.0/src/rp2_common/pico_standard_binary_info/standard_binary_info.c.obj
 .binary_info.keep.__bi_ptr48
                0x10007eb4        0x4 CMakeFiles/SW_RP2350.dir/C_/Users/vivek/.pico-sdk/sdk/2.0.0/src/rp2_common/pico_standard_binary_info/standard_binary_info.c.obj
 .binary_info.keep.__bi_ptr42
                0x10007eb8        0x4 CMakeFiles/SW_RP2350.dir/C_/Users/vivek/.pico-sdk/sdk/2.0.0/src/rp2_common/pico_standard_binary_info/standard_binary_info.c.obj
 .binary_info.keep.__bi_ptr34
                0x10007ebc        0x4 CMakeFiles/SW_RP2350.dir/C_/Users/vivek/.pico-sdk/sdk/2.0.0/src/rp2_common/pico_standard_binary_info/standard_binary_info.c.obj
 .binary_info.keep.__bi_ptr26
                0x10007ec0        0x4 CMakeFiles/SW_RP2350.dir/C_/Users/vivek/.pico-sdk/sdk/2.0.0/src/rp2_common/pico_standard_binary_info/standard_binary_info.c.obj
 *(.binary_info.*)
 .binary_info.__bi_ptr197
                0x10007ec4        0x4 CMakeFiles/SW_RP2350.dir/C_/Users/vivek/.pico-sdk/sdk/2.0.0/src/rp2_common/pico_stdio_usb/stdio_usb.c.obj
                0x10007ec8                        __binary_info_end = .
                0x10007ec8                        . = ALIGN (0x4)
