Archive member included to satisfy reference by file (symbol)

c:/progra~1/raspbe~1/picosd~1.1/gcc-ar~1/bin/../lib/gcc/arm-none-eabi/10.3.1/thumb/v6-m/nofp\libgcc.a(_dvmd_tls.o)
                              CMakeFiles/blink.dir/C_/Program_Files/Raspberry_Pi/Pico_SDK_v1.5.1/pico-sdk/src/rp2_common/pico_divider/divider.S.obj (__aeabi_idiv0)
c:/progra~1/raspbe~1/picosd~1.1/gcc-ar~1/bin/../lib/gcc/arm-none-eabi/10.3.1/../../../../arm-none-eabi/lib/thumb/v6-m/nofp\libg.a(lib_a-calloc.o)
                              CMakeFiles/blink.dir/C_/Program_Files/Raspberry_Pi/Pico_SDK_v1.5.1/pico-sdk/src/rp2_common/pico_malloc/pico_malloc.c.obj (calloc)
c:/progra~1/raspbe~1/picosd~1.1/gcc-ar~1/bin/../lib/gcc/arm-none-eabi/10.3.1/../../../../arm-none-eabi/lib/thumb/v6-m/nofp\libg.a(lib_a-callocr.o)
                              c:/progra~1/raspbe~1/picosd~1.1/gcc-ar~1/bin/../lib/gcc/arm-none-eabi/10.3.1/../../../../arm-none-eabi/lib/thumb/v6-m/nofp\libg.a(lib_a-calloc.o) (_calloc_r)
c:/progra~1/raspbe~1/picosd~1.1/gcc-ar~1/bin/../lib/gcc/arm-none-eabi/10.3.1/../../../../arm-none-eabi/lib/thumb/v6-m/nofp\libg.a(lib_a-errno.o)
                              c:/progra~1/raspbe~1/picosd~1.1/gcc-ar~1/bin/../lib/gcc/arm-none-eabi/10.3.1/../../../../arm-none-eabi/lib/thumb/v6-m/nofp\libg.a(lib_a-callocr.o) (__errno)
c:/progra~1/raspbe~1/picosd~1.1/gcc-ar~1/bin/../lib/gcc/arm-none-eabi/10.3.1/../../../../arm-none-eabi/lib/thumb/v6-m/nofp\libg.a(lib_a-impure.o)
                              c:/progra~1/raspbe~1/picosd~1.1/gcc-ar~1/bin/../lib/gcc/arm-none-eabi/10.3.1/../../../../arm-none-eabi/lib/thumb/v6-m/nofp\libg.a(lib_a-calloc.o) (_impure_ptr)
c:/progra~1/raspbe~1/picosd~1.1/gcc-ar~1/bin/../lib/gcc/arm-none-eabi/10.3.1/../../../../arm-none-eabi/lib/thumb/v6-m/nofp\libg.a(lib_a-init.o)
                              c:/progra~1/raspbe~1/picosd~1.1/gcc-ar~1/bin/../lib/gcc/arm-none-eabi/10.3.1/../../../../arm-none-eabi/lib/thumb/v6-m/nofp/crt0.o (__libc_init_array)
c:/progra~1/raspbe~1/picosd~1.1/gcc-ar~1/bin/../lib/gcc/arm-none-eabi/10.3.1/../../../../arm-none-eabi/lib/thumb/v6-m/nofp\libg.a(lib_a-malloc.o)
                              CMakeFiles/blink.dir/C_/Program_Files/Raspberry_Pi/Pico_SDK_v1.5.1/pico-sdk/src/rp2_common/pico_malloc/pico_malloc.c.obj (malloc)
c:/progra~1/raspbe~1/picosd~1.1/gcc-ar~1/bin/../lib/gcc/arm-none-eabi/10.3.1/../../../../arm-none-eabi/lib/thumb/v6-m/nofp\libg.a(lib_a-mallocr.o)
                              c:/progra~1/raspbe~1/picosd~1.1/gcc-ar~1/bin/../lib/gcc/arm-none-eabi/10.3.1/../../../../arm-none-eabi/lib/thumb/v6-m/nofp\libg.a(lib_a-callocr.o) (_malloc_r)
c:/progra~1/raspbe~1/picosd~1.1/gcc-ar~1/bin/../lib/gcc/arm-none-eabi/10.3.1/../../../../arm-none-eabi/lib/thumb/v6-m/nofp\libg.a(lib_a-mlock.o)
                              c:/progra~1/raspbe~1/picosd~1.1/gcc-ar~1/bin/../lib/gcc/arm-none-eabi/10.3.1/../../../../arm-none-eabi/lib/thumb/v6-m/nofp\libg.a(lib_a-mallocr.o) (__malloc_lock)
c:/progra~1/raspbe~1/picosd~1.1/gcc-ar~1/bin/../lib/gcc/arm-none-eabi/10.3.1/../../../../arm-none-eabi/lib/thumb/v6-m/nofp\libg.a(lib_a-realloc.o)
                              CMakeFiles/blink.dir/C_/Program_Files/Raspberry_Pi/Pico_SDK_v1.5.1/pico-sdk/src/rp2_common/pico_malloc/pico_malloc.c.obj (realloc)
c:/progra~1/raspbe~1/picosd~1.1/gcc-ar~1/bin/../lib/gcc/arm-none-eabi/10.3.1/../../../../arm-none-eabi/lib/thumb/v6-m/nofp\libg.a(lib_a-reallocr.o)
                              c:/progra~1/raspbe~1/picosd~1.1/gcc-ar~1/bin/../lib/gcc/arm-none-eabi/10.3.1/../../../../arm-none-eabi/lib/thumb/v6-m/nofp\libg.a(lib_a-realloc.o) (_realloc_r)
c:/progra~1/raspbe~1/picosd~1.1/gcc-ar~1/bin/../lib/gcc/arm-none-eabi/10.3.1/../../../../arm-none-eabi/lib/thumb/v6-m/nofp\libg.a(lib_a-sbrkr.o)
                              c:/progra~1/raspbe~1/picosd~1.1/gcc-ar~1/bin/../lib/gcc/arm-none-eabi/10.3.1/../../../../arm-none-eabi/lib/thumb/v6-m/nofp\libg.a(lib_a-mallocr.o) (_sbrk_r)
c:/progra~1/raspbe~1/picosd~1.1/gcc-ar~1/bin/../lib/gcc/arm-none-eabi/10.3.1/../../../../arm-none-eabi/lib/thumb/v6-m/nofp\libg.a(lib_a-strlen-stub.o)
                              CMakeFiles/blink.dir/C_/Program_Files/Raspberry_Pi/Pico_SDK_v1.5.1/pico-sdk/src/rp2_common/pico_stdio/stdio.c.obj (strlen)
c:/progra~1/raspbe~1/picosd~1.1/gcc-ar~1/bin/../lib/gcc/arm-none-eabi/10.3.1/../../../../arm-none-eabi/lib/thumb/v6-m/nofp\libg.a(lib_a-freer.o)
                              c:/progra~1/raspbe~1/picosd~1.1/gcc-ar~1/bin/../lib/gcc/arm-none-eabi/10.3.1/../../../../arm-none-eabi/lib/thumb/v6-m/nofp\libg.a(lib_a-malloc.o) (_free_r)
c:/progra~1/raspbe~1/picosd~1.1/gcc-ar~1/bin/../lib/gcc/arm-none-eabi/10.3.1/../../../../arm-none-eabi/lib/thumb/v6-m/nofp\libg.a(lib_a-lock.o)
                              c:/progra~1/raspbe~1/picosd~1.1/gcc-ar~1/bin/../lib/gcc/arm-none-eabi/10.3.1/../../../../arm-none-eabi/lib/thumb/v6-m/nofp\libg.a(lib_a-mlock.o) (__retarget_lock_acquire_recursive)
[...]
Memory Configuration

Name             Origin             Length             Attributes
FLASH            0x10000000         0x00200000         xr
RAM              0x20000000         0x00040000         xrw
SCRATCH_X        0x20040000         0x00001000         xrw
SCRATCH_Y        0x20041000         0x00001000         xrw
*default*        0x00000000         0xffffffff

Linker script and memory map

LOAD c:/progra~1/raspbe~1/picosd~1.1/gcc-ar~1/bin/../lib/gcc/arm-none-eabi/10.3.1/thumb/v6-m/nofp/crti.o
LOAD c:/progra~1/raspbe~1/picosd~1.1/gcc-ar~1/bin/../lib/gcc/arm-none-eabi/10.3.1/thumb/v6-m/nofp/crtbegin.o
LOAD c:/progra~1/raspbe~1/picosd~1.1/gcc-ar~1/bin/../lib/gcc/arm-none-eabi/10.3.1/../../../../arm-none-eabi/lib/thumb/v6-m/nofp/crt0.o

.flash_begin    0x10000000        0x0
                0x10000000                __flash_binary_start = .

.boot2          0x10000000      0x100
                0x10000000                __boot2_start__ = .
 *(.boot2)
 .boot2         0x10000000      0x100 C:\Users\vivek\AppData\Local\Temp\cc2LO0Te.o
                0x10000100                __boot2_end__ = .
                0x00000001                ASSERT (((__boot2_end__ - __boot2_start__) == 0x100), ERROR: Pico second stage bootloader must be 256 bytes in size)

.text           0x10000100     0x7e38
                0x10000100                __logical_binary_start = .
 *(.vectors)
 .vectors       0x10000100       0xd4 CMakeFiles/blink.dir/C_/Program_Files/Raspberry_Pi/Pico_SDK_v1.5.1/pico-sdk/src/rp2_common/pico_standard_link/crt0.S.obj
                0x10000100                __VECTOR_TABLE
                0x10000100                __vectors
                0x100001c0                isr_invalid
                0x100001c0                __default_isrs_start
                0x100001c2                isr_nmi
                0x100001c4                isr_hardfault
                0x100001c6                isr_svcall
                0x100001c8                isr_pendsv
                0x100001ca                isr_systick
                0x100001cc                isr_irq23
                0x100001cc                isr_irq18
                0x100001cc                isr_irq11
                0x100001cc                isr_irq28
                0x100001cc                isr_irq19
                0x100001cc                isr_irq0
                0x100001cc                isr_irq6
                0x100001cc                isr_irq5
                0x100001cc                isr_irq12
                0x100001cc                isr_irq22
                0x100001cc                isr_irq31
                0x100001cc                isr_irq17
                0x100001cc                isr_irq27
                0x100001cc                isr_irq30
                0x100001cc                isr_irq2
                0x100001cc                isr_irq10
                0x100001cc                isr_irq8
                0x100001cc                isr_irq24
                0x100001cc                isr_irq1
                0x100001cc                isr_irq7
                0x100001cc                isr_irq21
                0x100001cc                isr_irq20
                0x100001cc                isr_irq15
                0x100001cc                isr_irq25
                0x100001cc                isr_irq13
                0x100001cc                __unhandled_user_irq
                0x100001cc                isr_irq4
                0x100001cc                isr_irq16
                0x100001cc                isr_irq29
                0x100001cc                isr_irq26
                0x100001cc                __default_isrs_end
                0x100001cc                isr_irq3
                0x100001cc                isr_irq14
                0x100001cc                isr_irq9
                0x100001d2                unhandled_user_irq_num_in_r0
 *(.binary_info_header)
 .binary_info_header
                0x100001d4       0x14 CMakeFiles/blink.dir/C_/Program_Files/Raspberry_Pi/Pico_SDK_v1.5.1/pico-sdk/src/rp2_common/pico_standard_link/crt0.S.obj
                0x100001e8                __binary_info_header_end = .
 *(.reset)
 .reset         0x100001e8       0xa0 CMakeFiles/blink.dir/C_/Program_Files/Raspberry_Pi/Pico_SDK_v1.5.1/pico-sdk/src/rp2_common/pico_standard_link/crt0.S.obj
                0x100001e8                _entry_point
 .reset         0x10000288       0x30 CMakeFiles/blink.dir/C_/Program_Files/Raspberry_Pi/Pico_SDK_v1.5.1/pico-sdk/src/rp2_common/pico_standard_link/binary_info.c.obj
 *(.init)
 .init          0x100002b8        0x4 c:/progra~1/raspbe~1/picosd~1.1/gcc-ar~1/bin/../lib/gcc/arm-none-eabi/10.3.1/thumb/v6-m/nofp/crti.o
                0x100002b8                _init
 *(EXCLUDE_FILE(*libm.a: *libc.a:*lib_a-mem*.o *libgcc.a:) .text*)
 .text          0x100002bc       0x48 c:/progra~1/raspbe~1/picosd~1.1/gcc-ar~1/bin/../lib/gcc/arm-none-eabi/10.3.1/thumb/v6-m/nofp/crtbegin.o
 .text._Z15ms_program_initP8pio_hw_tjjjjfj
                0x10000304      0x11c CMakeFiles/blink.dir/main.cpp.obj
                0x10000304                ms_program_init(pio_hw_t*, unsigned int, unsigned int, unsigned int, unsigned int, float, unsigned int)
 .text._Z20residue_program_initP8pio_hw_tjjjf
                0x10000420      0x138 CMakeFiles/blink.dir/main.cpp.obj
                0x10000420                residue_program_init(pio_hw_t*, unsigned int, unsigned int, unsigned int, float)
 .text._Z24calibration_program_initP8pio_hw_tjjjjfj
                0x10000558      0x110 CMakeFiles/blink.dir/main.cpp.obj
                0x10000558                calibration_program_init(pio_hw_t*, unsigned int, unsigned int, unsigned int, unsigned int, float, unsigned int)
 .text._Z11setRegisterPV11registerMaphhh
                0x10000668        0xa CMakeFiles/blink.dir/main.cpp.obj
                0x10000668                setRegister(registerMap volatile*, unsigned char, unsigned char, unsigned char)
 .text._Z11getRegisterPV11registerMaphh
                0x10000672        0xe CMakeFiles/blink.dir/main.cpp.obj
                0x10000672                getRegister(registerMap volatile*, unsigned char, unsigned char)
 .text._Z16i2c0_irq_handlerv
                0x10000680       0xec CMakeFiles/blink.dir/main.cpp.obj
                0x10000680                i2c0_irq_handler()
 .text._Z8i2c_initv
                0x1000076c       0x60 CMakeFiles/blink.dir/main.cpp.obj
                0x1000076c                i2c_init()
 .text._Z11setMuxState8muxState
                0x100007cc       0x44 CMakeFiles/blink.dir/main.cpp.obj
                0x100007cc                setMuxState(muxState)
 .text._Z10get_countsm
                0x10000810      0x154 CMakeFiles/blink.dir/main.cpp.obj
                0x10000810                get_counts(unsigned long)
 .text._Z7get_calv
                0x10000964       0xbc CMakeFiles/blink.dir/main.cpp.obj
                0x10000964                get_cal()
 .text._Z10get_resultv
                0x10000a20       0x84 CMakeFiles/blink.dir/main.cpp.obj
                0x10000a20                get_result()
 .text.main     0x10000aa4      0x308 CMakeFiles/blink.dir/main.cpp.obj
                0x10000aa4                main
 .text.set_sys_clock_pll
                0x10000dac       0x78 CMakeFiles/blink.dir/C_/Program_Files/Raspberry_Pi/Pico_SDK_v1.5.1/pico-sdk/src/rp2_common/pico_stdlib/stdlib.c.obj
                0x10000dac                set_sys_clock_pll
 .text.check_sys_clock_khz
                0x10000e24       0xa4 CMakeFiles/blink.dir/C_/Program_Files/Raspberry_Pi/Pico_SDK_v1.5.1/pico-sdk/src/rp2_common/pico_stdlib/stdlib.c.obj
                0x10000e24                check_sys_clock_khz
 .text.gpio_set_function
                0x10000ec8       0x30 CMakeFiles/blink.dir/C_/Program_Files/Raspberry_Pi/Pico_SDK_v1.5.1/pico-sdk/src/rp2_common/hardware_gpio/gpio.c.obj
                0x10000ec8                gpio_set_function
 .text.gpio_set_pulls
                0x10000ef8       0x34 CMakeFiles/blink.dir/C_/Program_Files/Raspberry_Pi/Pico_SDK_v1.5.1/pico-sdk/src/rp2_common/hardware_gpio/gpio.c.obj
                0x10000ef8                gpio_set_pulls
 .text.gpio_init
                0x10000f2c       0x16 CMakeFiles/blink.dir/C_/Program_Files/Raspberry_Pi/Pico_SDK_v1.5.1/pico-sdk/src/rp2_common/hardware_gpio/gpio.c.obj
                0x10000f2c                gpio_init
 *fill*         0x10000f42        0x2 
 .text.running_on_fpga
                0x10000f44       0x14 CMakeFiles/blink.dir/C_/Program_Files/Raspberry_Pi/Pico_SDK_v1.5.1/pico-sdk/src/rp2_common/pico_platform/platform.c.obj
                0x10000f44                running_on_fpga
 .text.hw_claim_lock
                0x10000f58       0x18 CMakeFiles/blink.dir/C_/Program_Files/Raspberry_Pi/Pico_SDK_v1.5.1/pico-sdk/src/rp2_common/hardware_claim/claim.c.obj
                0x10000f58                hw_claim_lock
 .text.hw_claim_unlock
                0x10000f70       0x14 CMakeFiles/blink.dir/C_/Program_Files/Raspberry_Pi/Pico_SDK_v1.5.1/pico-sdk/src/rp2_common/hardware_claim/claim.c.obj
                0x10000f70                hw_claim_unlock
 .text.hw_claim_or_assert
                0x10000f84       0x32 CMakeFiles/blink.dir/C_/Program_Files/Raspberry_Pi/Pico_SDK_v1.5.1/pico-sdk/src/rp2_common/hardware_claim/claim.c.obj
                0x10000f84                hw_claim_or_assert
 .text.hw_claim_unused_from_range
                0x10000fb6       0x50 CMakeFiles/blink.dir/C_/Program_Files/Raspberry_Pi/Pico_SDK_v1.5.1/pico-sdk/src/rp2_common/hardware_claim/claim.c.obj
                0x10000fb6                hw_claim_unused_from_range
 *fill*         0x10001006        0x2 
 .text.spin_locks_reset
                0x10001008       0x20 CMakeFiles/blink.dir/C_/Program_Files/Raspberry_Pi/Pico_SDK_v1.5.1/pico-sdk/src/rp2_common/hardware_sync/sync.c.obj
                0x10001008                spin_locks_reset
 .text.next_striped_spin_lock_num
                0x10001028       0x1c CMakeFiles/blink.dir/C_/Program_Files/Raspberry_Pi/Pico_SDK_v1.5.1/pico-sdk/src/rp2_common/hardware_sync/sync.c.obj
                0x10001028                next_striped_spin_lock_num
 .text.spin_lock_claim_unused
                0x10001044       0x20 CMakeFiles/blink.dir/C_/Program_Files/Raspberry_Pi/Pico_SDK_v1.5.1/pico-sdk/src/rp2_common/hardware_sync/sync.c.obj
                0x10001044                spin_lock_claim_unused
 .text.set_raw_irq_handler_and_unlock
                0x10001064       0x28 CMakeFiles/blink.dir/C_/Program_Files/Raspberry_Pi/Pico_SDK_v1.5.1/pico-sdk/src/rp2_common/hardware_irq/irq.c.obj
 .text.make_branch
                0x1000108c       0x48 CMakeFiles/blink.dir/C_/Program_Files/Raspberry_Pi/Pico_SDK_v1.5.1/pico-sdk/src/rp2_common/hardware_irq/irq.c.obj
 .text.insert_branch_and_link
                0x100010d4       0x40 CMakeFiles/blink.dir/C_/Program_Files/Raspberry_Pi/Pico_SDK_v1.5.1/pico-sdk/src/rp2_common/hardware_irq/irq.c.obj
 .text.irq_is_enabled
                0x10001114       0x18 CMakeFiles/blink.dir/C_/Program_Files/Raspberry_Pi/Pico_SDK_v1.5.1/pico-sdk/src/rp2_common/hardware_irq/irq.c.obj
                0x10001114                irq_is_enabled
 .text.irq_set_mask_enabled
                0x1000112c       0x20 CMakeFiles/blink.dir/C_/Program_Files/Raspberry_Pi/Pico_SDK_v1.5.1/pico-sdk/src/rp2_common/hardware_irq/irq.c.obj
                0x1000112c                irq_set_mask_enabled
 .text.irq_set_enabled
                0x1000114c        0xe CMakeFiles/blink.dir/C_/Program_Files/Raspberry_Pi/Pico_SDK_v1.5.1/pico-sdk/src/rp2_common/hardware_irq/irq.c.obj
                0x1000114c                irq_set_enabled
 *fill*         0x1000115a        0x2 
 .text.irq_set_pending
                0x1000115c       0x10 CMakeFiles/blink.dir/C_/Program_Files/Raspberry_Pi/Pico_SDK_v1.5.1/pico-sdk/src/rp2_common/hardware_irq/irq.c.obj
                0x1000115c                irq_set_pending
 .text.irq_get_vtable_handler
                0x1000116c       0x10 CMakeFiles/blink.dir/C_/Program_Files/Raspberry_Pi/Pico_SDK_v1.5.1/pico-sdk/src/rp2_common/hardware_irq/irq.c.obj
                0x1000116c                irq_get_vtable_handler
 .text.irq_has_shared_handler
                0x1000117c       0x24 CMakeFiles/blink.dir/C_/Program_Files/Raspberry_Pi/Pico_SDK_v1.5.1/pico-sdk/src/rp2_common/hardware_irq/irq.c.obj
                0x1000117c                irq_has_shared_handler
 .text.irq_set_exclusive_handler
                0x100011a0       0x54 CMakeFiles/blink.dir/C_/Program_Files/Raspberry_Pi/Pico_SDK_v1.5.1/pico-sdk/src/rp2_common/hardware_irq/irq.c.obj
                0x100011a0                irq_set_exclusive_handler
 .text.irq_add_shared_handler
                0x100011f4      0x234 CMakeFiles/blink.dir/C_/Program_Files/Raspberry_Pi/Pico_SDK_v1.5.1/pico-sdk/src/rp2_common/hardware_irq/irq.c.obj
                0x100011f4                irq_add_shared_handler
 .text.irq_remove_handler
                0x10001428      0x1ac CMakeFiles/blink.dir/C_/Program_Files/Raspberry_Pi/Pico_SDK_v1.5.1/pico-sdk/src/rp2_common/hardware_irq/irq.c.obj
                0x10001428                irq_remove_handler
 .text.irq_add_tail_to_free_list
                0x100015d4       0xf0 CMakeFiles/blink.dir/C_/Program_Files/Raspberry_Pi/Pico_SDK_v1.5.1/pico-sdk/src/rp2_common/hardware_irq/irq.c.obj
                0x100015d4                irq_add_tail_to_free_list
 .text.irq_init_priorities
                0x100016c4       0x1c CMakeFiles/blink.dir/C_/Program_Files/Raspberry_Pi/Pico_SDK_v1.5.1/pico-sdk/src/rp2_common/hardware_irq/irq.c.obj
                0x100016c4                irq_init_priorities
 .text.user_irq_claim_unused
                0x100016e0       0x28 CMakeFiles/blink.dir/C_/Program_Files/Raspberry_Pi/Pico_SDK_v1.5.1/pico-sdk/src/rp2_common/hardware_irq/irq.c.obj
                0x100016e0                user_irq_claim_unused
 .text.lock_init
                0x10001708       0x10 CMakeFiles/blink.dir/C_/Program_Files/Raspberry_Pi/Pico_SDK_v1.5.1/pico-sdk/src/common/pico_sync/lock_core.c.obj
                0x10001708                lock_init
 .text.mutex_init
                0x10001718       0x1a CMakeFiles/blink.dir/C_/Program_Files/Raspberry_Pi/Pico_SDK_v1.5.1/pico-sdk/src/common/pico_sync/mutex.c.obj
                0x10001718                mutex_init
 .text.recursive_mutex_init
                0x10001732       0x1e CMakeFiles/blink.dir/C_/Program_Files/Raspberry_Pi/Pico_SDK_v1.5.1/pico-sdk/src/common/pico_sync/mutex.c.obj
                0x10001732                recursive_mutex_init
 .text.critical_section_init_with_lock_num
                0x10001750       0x14 CMakeFiles/blink.dir/C_/Program_Files/Raspberry_Pi/Pico_SDK_v1.5.1/pico-sdk/src/common/pico_sync/critical_section.c.obj
                0x10001750                critical_section_init_with_lock_num
 .text.critical_section_init
                0x10001764       0x14 CMakeFiles/blink.dir/C_/Program_Files/Raspberry_Pi/Pico_SDK_v1.5.1/pico-sdk/src/common/pico_sync/critical_section.c.obj
                0x10001764                critical_section_init
 .text.alarm_pool_post_alloc_init
                0x10001778       0x40 CMakeFiles/blink.dir/C_/Program_Files/Raspberry_Pi/Pico_SDK_v1.5.1/pico-sdk/src/common/pico_time/time.c.obj
 .text.sleep_until_callback
                0x100017b8       0x30 CMakeFiles/blink.dir/C_/Program_Files/Raspberry_Pi/Pico_SDK_v1.5.1/pico-sdk/src/common/pico_time/time.c.obj
 .text.timer_pool_entry_comparator
                0x100017e8       0x7c CMakeFiles/blink.dir/C_/Program_Files/Raspberry_Pi/Pico_SDK_v1.5.1/pico-sdk/src/common/pico_time/time.c.obj
                0x100017e8                timer_pool_entry_comparator
 .text.ph_add_child_node
                0x10001864       0xa4 CMakeFiles/blink.dir/C_/Program_Files/Raspberry_Pi/Pico_SDK_v1.5.1/pico-sdk/src/common/pico_time/time.c.obj
 .text.ph_merge_nodes
                0x10001908       0x3e CMakeFiles/blink.dir/C_/Program_Files/Raspberry_Pi/Pico_SDK_v1.5.1/pico-sdk/src/common/pico_time/time.c.obj
 *fill*         0x10001946        0x2 
 .text.add_alarm_under_lock
                0x10001948      0x174 CMakeFiles/blink.dir/C_/Program_Files/Raspberry_Pi/Pico_SDK_v1.5.1/pico-sdk/src/common/pico_time/time.c.obj
 .text.alarm_pool_alarm_callback
                0x10001abc      0x33c CMakeFiles/blink.dir/C_/Program_Files/Raspberry_Pi/Pico_SDK_v1.5.1/pico-sdk/src/common/pico_time/time.c.obj
 .text.alarm_pool_init_default
                0x10001df8       0x40 CMakeFiles/blink.dir/C_/Program_Files/Raspberry_Pi/Pico_SDK_v1.5.1/pico-sdk/src/common/pico_time/time.c.obj
                0x10001df8                alarm_pool_init_default
 .text.alarm_pool_get_default
                0x10001e38       0x2c CMakeFiles/blink.dir/C_/Program_Files/Raspberry_Pi/Pico_SDK_v1.5.1/pico-sdk/src/common/pico_time/time.c.obj
                0x10001e38                alarm_pool_get_default
 .text.alarm_pool_add_alarm_at
                0x10001e64      0x168 CMakeFiles/blink.dir/C_/Program_Files/Raspberry_Pi/Pico_SDK_v1.5.1/pico-sdk/src/common/pico_time/time.c.obj
                0x10001e64                alarm_pool_add_alarm_at
 .text.alarm_pool_cancel_alarm
                0x10001fcc       0xf8 CMakeFiles/blink.dir/C_/Program_Files/Raspberry_Pi/Pico_SDK_v1.5.1/pico-sdk/src/common/pico_time/time.c.obj
                0x10001fcc                alarm_pool_cancel_alarm
 .text.alarm_pool_core_num
                0x100020c4        0x4 CMakeFiles/blink.dir/C_/Program_Files/Raspberry_Pi/Pico_SDK_v1.5.1/pico-sdk/src/common/pico_time/time.c.obj
                0x100020c4                alarm_pool_core_num
 .text.sleep_until
                0x100020c8       0xfc CMakeFiles/blink.dir/C_/Program_Files/Raspberry_Pi/Pico_SDK_v1.5.1/pico-sdk/src/common/pico_time/time.c.obj
                0x100020c8                sleep_until
 .text.sleep_us
                0x100021c4       0x58 CMakeFiles/blink.dir/C_/Program_Files/Raspberry_Pi/Pico_SDK_v1.5.1/pico-sdk/src/common/pico_time/time.c.obj
                0x100021c4                sleep_us
 .text.sleep_ms
                0x1000221c       0x14 CMakeFiles/blink.dir/C_/Program_Files/Raspberry_Pi/Pico_SDK_v1.5.1/pico-sdk/src/common/pico_time/time.c.obj
                0x1000221c                sleep_ms
 .text.best_effort_wfe_or_timeout
                0x10002230       0xac CMakeFiles/blink.dir/C_/Program_Files/Raspberry_Pi/Pico_SDK_v1.5.1/pico-sdk/src/common/pico_time/time.c.obj
                0x10002230                best_effort_wfe_or_timeout
 .text.hardware_alarm_irq_handler
                0x100022dc       0x90 CMakeFiles/blink.dir/C_/Program_Files/Raspberry_Pi/Pico_SDK_v1.5.1/pico-sdk/src/rp2_common/hardware_timer/timer.c.obj
 .text.hardware_alarm_claim
                0x1000236c       0x18 CMakeFiles/blink.dir/C_/Program_Files/Raspberry_Pi/Pico_SDK_v1.5.1/pico-sdk/src/rp2_common/hardware_timer/timer.c.obj
                0x1000236c                hardware_alarm_claim
 .text.time_us_64
                0x10002384       0x18 CMakeFiles/blink.dir/C_/Program_Files/Raspberry_Pi/Pico_SDK_v1.5.1/pico-sdk/src/rp2_common/hardware_timer/timer.c.obj
                0x10002384                time_us_64
 .text.busy_wait_until
                0x1000239c       0x28 CMakeFiles/blink.dir/C_/Program_Files/Raspberry_Pi/Pico_SDK_v1.5.1/pico-sdk/src/rp2_common/hardware_timer/timer.c.obj
                0x1000239c                busy_wait_until
 .text.hardware_alarm_set_callback
                0x100023c4       0x90 CMakeFiles/blink.dir/C_/Program_Files/Raspberry_Pi/Pico_SDK_v1.5.1/pico-sdk/src/rp2_common/hardware_timer/timer.c.obj
                0x100023c4                hardware_alarm_set_callback
 .text.hardware_alarm_set_target
                0x10002454       0xe8 CMakeFiles/blink.dir/C_/Program_Files/Raspberry_Pi/Pico_SDK_v1.5.1/pico-sdk/src/rp2_common/hardware_timer/timer.c.obj
                0x10002454                hardware_alarm_set_target
 .text.hardware_alarm_cancel
                0x1000253c       0x40 CMakeFiles/blink.dir/C_/Program_Files/Raspberry_Pi/Pico_SDK_v1.5.1/pico-sdk/src/rp2_common/hardware_timer/timer.c.obj
                0x1000253c                hardware_alarm_cancel
 .text.ph_add_child_node
                0x1000257c       0xa4 CMakeFiles/blink.dir/C_/Program_Files/Raspberry_Pi/Pico_SDK_v1.5.1/pico-sdk/src/common/pico_util/pheap.c.obj
 .text.ph_merge_nodes
                0x10002620       0x3e CMakeFiles/blink.dir/C_/Program_Files/Raspberry_Pi/Pico_SDK_v1.5.1/pico-sdk/src/common/pico_util/pheap.c.obj
 *fill*         0x1000265e        0x2 
 .text.ph_clear
                0x10002660       0x70 CMakeFiles/blink.dir/C_/Program_Files/Raspberry_Pi/Pico_SDK_v1.5.1/pico-sdk/src/common/pico_util/pheap.c.obj
                0x10002660                ph_clear
 .text.ph_post_alloc_init
                0x100026d0        0xe CMakeFiles/blink.dir/C_/Program_Files/Raspberry_Pi/Pico_SDK_v1.5.1/pico-sdk/src/common/pico_util/pheap.c.obj
                0x100026d0                ph_post_alloc_init
 *fill*         0x100026de        0x2 
 .text.ph_merge_two_pass
                0x100026e0       0xa8 CMakeFiles/blink.dir/C_/Program_Files/Raspberry_Pi/Pico_SDK_v1.5.1/pico-sdk/src/common/pico_util/pheap.c.obj
                0x100026e0                ph_merge_two_pass
 .text.ph_remove_any_head
                0x10002788      0x128 CMakeFiles/blink.dir/C_/Program_Files/Raspberry_Pi/Pico_SDK_v1.5.1/pico-sdk/src/common/pico_util/pheap.c.obj
 .text.ph_remove_head
                0x100028b0       0x14 CMakeFiles/blink.dir/C_/Program_Files/Raspberry_Pi/Pico_SDK_v1.5.1/pico-sdk/src/common/pico_util/pheap.c.obj
                0x100028b0                ph_remove_head
 .text.ph_remove_and_free_node
                0x100028c4       0xf8 CMakeFiles/blink.dir/C_/Program_Files/Raspberry_Pi/Pico_SDK_v1.5.1/pico-sdk/src/common/pico_util/pheap.c.obj
                0x100028c4                ph_remove_and_free_node
 .text.clock_configure
                0x100029bc      0x108 CMakeFiles/blink.dir/C_/Program_Files/Raspberry_Pi/Pico_SDK_v1.5.1/pico-sdk/src/rp2_common/hardware_clocks/clocks.c.obj
                0x100029bc                clock_configure
 .text.clocks_init
                0x10002ac4      0x100 CMakeFiles/blink.dir/C_/Program_Files/Raspberry_Pi/Pico_SDK_v1.5.1/pico-sdk/src/rp2_common/hardware_clocks/clocks.c.obj
                0x10002ac4                clocks_init
 .text.clock_get_hz
                0x10002bc4        0xc CMakeFiles/blink.dir/C_/Program_Files/Raspberry_Pi/Pico_SDK_v1.5.1/pico-sdk/src/rp2_common/hardware_clocks/clocks.c.obj
                0x10002bc4                clock_get_hz
 .text.pll_init
                0x10002bd0      0x120 CMakeFiles/blink.dir/C_/Program_Files/Raspberry_Pi/Pico_SDK_v1.5.1/pico-sdk/src/rp2_common/hardware_pll/pll.c.obj
                0x10002bd0                pll_init
 .text.watchdog_start_tick
                0x10002cf0       0x10 CMakeFiles/blink.dir/C_/Program_Files/Raspberry_Pi/Pico_SDK_v1.5.1/pico-sdk/src/rp2_common/hardware_watchdog/watchdog.c.obj
                0x10002cf0                watchdog_start_tick
 .text.watchdog_update
                0x10002d00       0x14 CMakeFiles/blink.dir/C_/Program_Files/Raspberry_Pi/Pico_SDK_v1.5.1/pico-sdk/src/rp2_common/hardware_watchdog/watchdog.c.obj
                0x10002d00                watchdog_update
 .text._watchdog_enable
                0x10002d14       0x78 CMakeFiles/blink.dir/C_/Program_Files/Raspberry_Pi/Pico_SDK_v1.5.1/pico-sdk/src/rp2_common/hardware_watchdog/watchdog.c.obj
                0x10002d14                _watchdog_enable
 .text.watchdog_reboot
                0x10002d8c       0x48 CMakeFiles/blink.dir/C_/Program_Files/Raspberry_Pi/Pico_SDK_v1.5.1/pico-sdk/src/rp2_common/hardware_watchdog/watchdog.c.obj
                0x10002d8c                watchdog_reboot
 .text.xosc_init
                0x10002dd4       0x28 CMakeFiles/blink.dir/C_/Program_Files/Raspberry_Pi/Pico_SDK_v1.5.1/pico-sdk/src/rp2_common/hardware_xosc/xosc.c.obj
                0x10002dd4                xosc_init
 .text._exit    0x10002dfc        0x4 CMakeFiles/blink.dir/C_/Program_Files/Raspberry_Pi/Pico_SDK_v1.5.1/pico-sdk/src/rp2_common/pico_runtime/runtime.c.obj
                0x10002dfc                _exit
 .text.exit     0x10002e00        0x6 CMakeFiles/blink.dir/C_/Program_Files/Raspberry_Pi/Pico_SDK_v1.5.1/pico-sdk/src/rp2_common/pico_runtime/runtime.c.obj
                0x10002e00                exit
 *fill*         0x10002e06        0x2 
 .text.__assert_func
                0x10002e08       0x3c CMakeFiles/blink.dir/C_/Program_Files/Raspberry_Pi/Pico_SDK_v1.5.1/pico-sdk/src/rp2_common/pico_runtime/runtime.c.obj
                0x10002e08                __assert_func
 .text.runtime_init
                0x10002e44       0xf8 CMakeFiles/blink.dir/C_/Program_Files/Raspberry_Pi/Pico_SDK_v1.5.1/pico-sdk/src/rp2_common/pico_runtime/runtime.c.obj
                0x10002e44                runtime_init
 .text.panic    0x10002f3c       0x30 CMakeFiles/blink.dir/C_/Program_Files/Raspberry_Pi/Pico_SDK_v1.5.1/pico-sdk/src/rp2_common/pico_runtime/runtime.c.obj
                0x10002f3c                panic
 .text._out_null
                0x10002f6c        0x2 CMakeFiles/blink.dir/C_/Program_Files/Raspberry_Pi/Pico_SDK_v1.5.1/pico-sdk/src/rp2_common/pico_printf/printf.c.obj
 .text._out_fct
                0x10002f6e        0xe CMakeFiles/blink.dir/C_/Program_Files/Raspberry_Pi/Pico_SDK_v1.5.1/pico-sdk/src/rp2_common/pico_printf/printf.c.obj
 .text._atoi    0x10002f7c       0x24 CMakeFiles/blink.dir/C_/Program_Files/Raspberry_Pi/Pico_SDK_v1.5.1/pico-sdk/src/rp2_common/pico_printf/printf.c.obj
 .text._out_rev
                0x10002fa0       0xae CMakeFiles/blink.dir/C_/Program_Files/Raspberry_Pi/Pico_SDK_v1.5.1/pico-sdk/src/rp2_common/pico_printf/printf.c.obj
 .text._ntoa_format
                0x1000304e      0x112 CMakeFiles/blink.dir/C_/Program_Files/Raspberry_Pi/Pico_SDK_v1.5.1/pico-sdk/src/rp2_common/pico_printf/printf.c.obj
 .text._ntoa_long
                0x10003160       0xbc CMakeFiles/blink.dir/C_/Program_Files/Raspberry_Pi/Pico_SDK_v1.5.1/pico-sdk/src/rp2_common/pico_printf/printf.c.obj
 .text._ntoa_long_long
                0x1000321c       0xe2 CMakeFiles/blink.dir/C_/Program_Files/Raspberry_Pi/Pico_SDK_v1.5.1/pico-sdk/src/rp2_common/pico_printf/printf.c.obj
 *fill*         0x100032fe        0x2 
 .text._etoa    0x10003300      0x414 CMakeFiles/blink.dir/C_/Program_Files/Raspberry_Pi/Pico_SDK_v1.5.1/pico-sdk/src/rp2_common/pico_printf/printf.c.obj
 .text._ftoa    0x10003714      0x354 CMakeFiles/blink.dir/C_/Program_Files/Raspberry_Pi/Pico_SDK_v1.5.1/pico-sdk/src/rp2_common/pico_printf/printf.c.obj
 .text._vsnprintf
                0x10003a68      0x624 CMakeFiles/blink.dir/C_/Program_Files/Raspberry_Pi/Pico_SDK_v1.5.1/pico-sdk/src/rp2_common/pico_printf/printf.c.obj
 .text.vfctprintf
                0x1000408c       0x20 CMakeFiles/blink.dir/C_/Program_Files/Raspberry_Pi/Pico_SDK_v1.5.1/pico-sdk/src/rp2_common/pico_printf/printf.c.obj
                0x1000408c                vfctprintf
 .text          0x100040ac       0x10 CMakeFiles/blink.dir/C_/Program_Files/Raspberry_Pi/Pico_SDK_v1.5.1/pico-sdk/src/rp2_common/pico_bit_ops/bit_ops_aeabi.S.obj
 .text.rom_func_lookup
                0x100040bc       0x10 CMakeFiles/blink.dir/C_/Program_Files/Raspberry_Pi/Pico_SDK_v1.5.1/pico-sdk/src/rp2_common/pico_bootrom/bootrom.c.obj
                0x100040bc                rom_func_lookup
 .text.rom_data_lookup
                0x100040cc       0x10 CMakeFiles/blink.dir/C_/Program_Files/Raspberry_Pi/Pico_SDK_v1.5.1/pico-sdk/src/rp2_common/pico_bootrom/bootrom.c.obj
                0x100040cc                rom_data_lookup
 .text.rom_funcs_lookup
                0x100040dc       0x36 CMakeFiles/blink.dir/C_/Program_Files/Raspberry_Pi/Pico_SDK_v1.5.1/pico-sdk/src/rp2_common/pico_bootrom/bootrom.c.obj
                0x100040dc                rom_funcs_lookup
 *fill*         0x10004112        0x2 
 .text.__wrap___aeabi_idiv
                0x10004114       0x50 CMakeFiles/blink.dir/C_/Program_Files/Raspberry_Pi/Pico_SDK_v1.5.1/pico-sdk/src/rp2_common/pico_divider/divider.S.obj
                0x10004114                __wrap___aeabi_idivmod
                0x10004114                divmod_s32s32
                0x10004114                div_s32s32
                0x10004114                __wrap___aeabi_idiv
                0x1000411c                divmod_s32s32_unsafe
                0x10004148                divmod_s32s32_savestate
 .text.__wrap___aeabi_uidiv
                0x10004164       0x4c CMakeFiles/blink.dir/C_/Program_Files/Raspberry_Pi/Pico_SDK_v1.5.1/pico-sdk/src/rp2_common/pico_divider/divider.S.obj
                0x10004164                __wrap___aeabi_uidiv
                0x10004164                __wrap___aeabi_uidivmod
                0x10004164                div_u32u32
                0x10004164                divmod_u32u32
                0x1000416c                divmod_u32u32_unsafe
                0x10004194                divmod_u32u32_savestate
 .text.__wrap___aeabi_ldiv
                0x100041b0      0x424 CMakeFiles/blink.dir/C_/Program_Files/Raspberry_Pi/Pico_SDK_v1.5.1/pico-sdk/src/rp2_common/pico_divider/divider.S.obj
                0x100041b0                div_s64s64
                0x100041b0                divmod_s64s64
                0x100041b0                __wrap___aeabi_ldivmod
                0x100041e0                divmod_u64u64
                0x100041e0                div_u64u64
                0x100041e0                __wrap___aeabi_uldivmod
                0x100041f0                divmod_u64u64_savestate
                0x10004210                divmod_s64s64_unsafe
                0x10004298                divmod_u64u64_unsafe
 .text.__wrap___aeabi_darithmetic
                0x100045d4       0x80 CMakeFiles/blink.dir/C_/Program_Files/Raspberry_Pi/Pico_SDK_v1.5.1/pico-sdk/src/rp2_common/pico_double/double_aeabi.S.obj
                0x100045d4                __wrap___aeabi_drsub
                0x100045da                __wrap___aeabi_dsub
                0x100045ec                __wrap___aeabi_dadd
                0x100045fe                __wrap___aeabi_ddiv
                0x1000463a                __wrap___aeabi_dmul
 .text.__wrap___aeabi_cdcmple
                0x10004654       0x6c CMakeFiles/blink.dir/C_/Program_Files/Raspberry_Pi/Pico_SDK_v1.5.1/pico-sdk/src/rp2_common/pico_double/double_aeabi.S.obj
                0x10004654                __wrap___aeabi_cdrcmple
                0x10004664                __wrap___aeabi_cdcmpeq
                0x10004664                __wrap___aeabi_cdcmple
 .text.__wrap___aeabi_dcmplt
                0x100046c0        0xc CMakeFiles/blink.dir/C_/Program_Files/Raspberry_Pi/Pico_SDK_v1.5.1/pico-sdk/src/rp2_common/pico_double/double_aeabi.S.obj
                0x100046c0                __wrap___aeabi_dcmplt
 .text.__wrap___aeabi_dcmple
                0x100046cc       0x10 CMakeFiles/blink.dir/C_/Program_Files/Raspberry_Pi/Pico_SDK_v1.5.1/pico-sdk/src/rp2_common/pico_double/double_aeabi.S.obj
                0x100046cc                __wrap___aeabi_dcmple
 .text.__wrap___aeabi_dcmpge
                0x100046dc       0x10 CMakeFiles/blink.dir/C_/Program_Files/Raspberry_Pi/Pico_SDK_v1.5.1/pico-sdk/src/rp2_common/pico_double/double_aeabi.S.obj
                0x100046dc                __wrap___aeabi_dcmpge
 .text.__wrap___aeabi_dcmpgt
                0x100046ec        0xa CMakeFiles/blink.dir/C_/Program_Files/Raspberry_Pi/Pico_SDK_v1.5.1/pico-sdk/src/rp2_common/pico_double/double_aeabi.S.obj
                0x100046ec                __wrap___aeabi_dcmpgt
 .text.__wrap___aeabi_dcmpun
                0x100046f6       0x1c CMakeFiles/blink.dir/C_/Program_Files/Raspberry_Pi/Pico_SDK_v1.5.1/pico-sdk/src/rp2_common/pico_double/double_aeabi.S.obj
                0x100046f6                __wrap___aeabi_dcmpun
 *fill*         0x10004712        0x2 
 .text.__wrap___aeabi_i2d
                0x10004714       0x38 CMakeFiles/blink.dir/C_/Program_Files/Raspberry_Pi/Pico_SDK_v1.5.1/pico-sdk/src/rp2_common/pico_double/double_aeabi.S.obj
                0x10004714                __wrap___aeabi_ui2d
                0x1000471c                __wrap___aeabi_i2d
 .text.__wrap___aeabi_d2iz
                0x1000474c       0x48 CMakeFiles/blink.dir/C_/Program_Files/Raspberry_Pi/Pico_SDK_v1.5.1/pico-sdk/src/rp2_common/pico_double/double_aeabi.S.obj
                0x1000474c                double2int_z
                0x1000474c                __wrap___aeabi_d2iz
 .text.__wrap___aeabi_d2uiz
                0x10004794       0x18 CMakeFiles/blink.dir/C_/Program_Files/Raspberry_Pi/Pico_SDK_v1.5.1/pico-sdk/src/rp2_common/pico_double/double_aeabi.S.obj
                0x10004794                __wrap___aeabi_d2uiz
                0x10004794                double2uint
 .text.__aeabi_double_init
                0x100047ac       0xc8 CMakeFiles/blink.dir/C_/Program_Files/Raspberry_Pi/Pico_SDK_v1.5.1/pico-sdk/src/rp2_common/pico_double/double_init_rom.c.obj
                0x100047ac                __aeabi_double_init
 .text.double_table_shim_on_use_helper
                0x10004874       0x34 CMakeFiles/blink.dir/C_/Program_Files/Raspberry_Pi/Pico_SDK_v1.5.1/pico-sdk/src/rp2_common/pico_double/double_v1_rom_shim.S.obj
                0x10004874                double_table_shim_on_use_helper
 .text.__wrap___aeabi_dsub
                0x100048a8       0x10 CMakeFiles/blink.dir/C_/Program_Files/Raspberry_Pi/Pico_SDK_v1.5.1/pico-sdk/src/rp2_common/pico_double/double_v1_rom_shim.S.obj
                0x100048a8                drsub_shim
                0x100048ae                dsub_shim
 .text.dadd_shim
                0x100048b8      0x15c CMakeFiles/blink.dir/C_/Program_Files/Raspberry_Pi/Pico_SDK_v1.5.1/pico-sdk/src/rp2_common/pico_double/double_v1_rom_shim.S.obj
                0x100048b8                dadd_shim
 .text.dmul_shim
                0x10004a14      0x15c CMakeFiles/blink.dir/C_/Program_Files/Raspberry_Pi/Pico_SDK_v1.5.1/pico-sdk/src/rp2_common/pico_double/double_v1_rom_shim.S.obj
                0x10004a14                dmul_shim
 .text.ddiv_shim
                0x10004b70      0x1b0 CMakeFiles/blink.dir/C_/Program_Files/Raspberry_Pi/Pico_SDK_v1.5.1/pico-sdk/src/rp2_common/pico_double/double_v1_rom_shim.S.obj
                0x10004b70                ddiv_shim
 .text.double2uint_shim
                0x10004d20        0xe CMakeFiles/blink.dir/C_/Program_Files/Raspberry_Pi/Pico_SDK_v1.5.1/pico-sdk/src/rp2_common/pico_double/double_v1_rom_shim.S.obj
                0x10004d20                double2uint_shim
                0x10004d22                double2ufix_shim
 *fill*         0x10004d2e        0x2 
 .text.double2uint64_shim
                0x10004d30       0x70 CMakeFiles/blink.dir/C_/Program_Files/Raspberry_Pi/Pico_SDK_v1.5.1/pico-sdk/src/rp2_common/pico_double/double_v1_rom_shim.S.obj
                0x10004d30                double2uint64_shim
                0x10004d32                double2ufix64_shim
                0x10004d52                d2fix_a
 .text.dunpacks
                0x10004da0       0x3c CMakeFiles/blink.dir/C_/Program_Files/Raspberry_Pi/Pico_SDK_v1.5.1/pico-sdk/src/rp2_common/pico_double/double_v1_rom_shim.S.obj
                0x10004da0                dunpacks
 .text.__aeabi_lmul
                0x10004ddc       0x32 CMakeFiles/blink.dir/C_/Program_Files/Raspberry_Pi/Pico_SDK_v1.5.1/pico-sdk/src/rp2_common/pico_int64_ops/pico_int64_ops_aeabi.S.obj
                0x10004ddc                __wrap___aeabi_lmul
 *fill*         0x10004e0e        0x2 
 .text.__wrap___aeabi_farithmetic
                0x10004e10       0x58 CMakeFiles/blink.dir/C_/Program_Files/Raspberry_Pi/Pico_SDK_v1.5.1/pico-sdk/src/rp2_common/pico_float/float_aeabi.S.obj
                0x10004e10                __wrap___aeabi_frsub
                0x10004e16                __wrap___aeabi_fsub
                0x10004e20                __wrap___aeabi_fadd
                0x10004e2a                __wrap___aeabi_fdiv
                0x10004e56                __wrap___aeabi_fmul
 .text.__wrap___aeabi_ui2f
                0x10004e68        0xa CMakeFiles/blink.dir/C_/Program_Files/Raspberry_Pi/Pico_SDK_v1.5.1/pico-sdk/src/rp2_common/pico_float/float_aeabi.S.obj
                0x10004e68                __wrap___aeabi_ui2f
 *fill*         0x10004e72        0x2 
 .text.__wrap___aeabi_i2f
                0x10004e74       0x44 CMakeFiles/blink.dir/C_/Program_Files/Raspberry_Pi/Pico_SDK_v1.5.1/pico-sdk/src/rp2_common/pico_float/float_aeabi.S.obj
                0x10004e74                __wrap___aeabi_i2f
 .text.__wrap___aeabi_f2uiz
                0x10004eb8       0x10 CMakeFiles/blink.dir/C_/Program_Files/Raspberry_Pi/Pico_SDK_v1.5.1/pico-sdk/src/rp2_common/pico_float/float_aeabi.S.obj
                0x10004eb8                __wrap___aeabi_f2uiz
 .text.__aeabi_float_init
                0x10004ec8       0xfc CMakeFiles/blink.dir/C_/Program_Files/Raspberry_Pi/Pico_SDK_v1.5.1/pico-sdk/src/rp2_common/pico_float/float_init_rom.c.obj
                0x10004ec8                __aeabi_float_init
 .text.float_table_shim_on_use_helper
                0x10004fc4       0x34 CMakeFiles/blink.dir/C_/Program_Files/Raspberry_Pi/Pico_SDK_v1.5.1/pico-sdk/src/rp2_common/pico_float/float_v1_rom_shim.S.obj
                0x10004fc4                float_table_shim_on_use_helper
 .text          0x10004ff8       0x10 CMakeFiles/blink.dir/C_/Program_Files/Raspberry_Pi/Pico_SDK_v1.5.1/pico-sdk/src/rp2_common/pico_mem_ops/mem_ops_aeabi.S.obj
                0x10004ff8                __aeabi_mem_init
 .text.memset   0x10005008        0xc CMakeFiles/blink.dir/C_/Program_Files/Raspberry_Pi/Pico_SDK_v1.5.1/pico-sdk/src/rp2_common/pico_mem_ops/mem_ops_aeabi.S.obj
                0x10005008                __wrap_memset
 .text.memcpy   0x10005014        0xc CMakeFiles/blink.dir/C_/Program_Files/Raspberry_Pi/Pico_SDK_v1.5.1/pico-sdk/src/rp2_common/pico_mem_ops/mem_ops_aeabi.S.obj
                0x10005014                __wrap_memcpy
                0x10005014                __wrap___aeabi_memcpy
 .text.stdio_out_chars_no_crlf
                0x10005020        0xe CMakeFiles/blink.dir/C_/Program_Files/Raspberry_Pi/Pico_SDK_v1.5.1/pico-sdk/src/rp2_common/pico_stdio/stdio.c.obj
 *fill*         0x1000502e        0x2 
 .text.stdio_out_chars_crlf
                0x10005030       0x80 CMakeFiles/blink.dir/C_/Program_Files/Raspberry_Pi/Pico_SDK_v1.5.1/pico-sdk/src/rp2_common/pico_stdio/stdio.c.obj
 .text.stdio_stack_buffer_flush
                0x100050b0       0x44 CMakeFiles/blink.dir/C_/Program_Files/Raspberry_Pi/Pico_SDK_v1.5.1/pico-sdk/src/rp2_common/pico_stdio/stdio.c.obj
 .text.stdio_buffered_printer
                0x100050f4       0x20 CMakeFiles/blink.dir/C_/Program_Files/Raspberry_Pi/Pico_SDK_v1.5.1/pico-sdk/src/rp2_common/pico_stdio/stdio.c.obj
 .text.stdout_serialize_begin
                0x10005114       0x5c CMakeFiles/blink.dir/C_/Program_Files/Raspberry_Pi/Pico_SDK_v1.5.1/pico-sdk/src/rp2_common/pico_stdio/stdio.c.obj
                0x10005114                stdout_serialize_begin
 .text.stdout_serialize_end
                0x10005170       0x10 CMakeFiles/blink.dir/C_/Program_Files/Raspberry_Pi/Pico_SDK_v1.5.1/pico-sdk/src/rp2_common/pico_stdio/stdio.c.obj
                0x10005170                stdout_serialize_end
 .text.stdio_put_string
                0x10005180       0x98 CMakeFiles/blink.dir/C_/Program_Files/Raspberry_Pi/Pico_SDK_v1.5.1/pico-sdk/src/rp2_common/pico_stdio/stdio.c.obj
 .text.stdio_set_driver_enabled
                0x10005218       0x2c CMakeFiles/blink.dir/C_/Program_Files/Raspberry_Pi/Pico_SDK_v1.5.1/pico-sdk/src/rp2_common/pico_stdio/stdio.c.obj
                0x10005218                stdio_set_driver_enabled
 .text.stdio_flush
                0x10005244       0x20 CMakeFiles/blink.dir/C_/Program_Files/Raspberry_Pi/Pico_SDK_v1.5.1/pico-sdk/src/rp2_common/pico_stdio/stdio.c.obj
                0x10005244                stdio_flush
 .text.__wrap_puts
                0x10005264       0x1e CMakeFiles/blink.dir/C_/Program_Files/Raspberry_Pi/Pico_SDK_v1.5.1/pico-sdk/src/rp2_common/pico_stdio/stdio.c.obj
                0x10005264                __wrap_puts
 *fill*         0x10005282        0x2 
 .text.__wrap_vprintf
                0x10005284       0x40 CMakeFiles/blink.dir/C_/Program_Files/Raspberry_Pi/Pico_SDK_v1.5.1/pico-sdk/src/rp2_common/pico_stdio/stdio.c.obj
                0x10005284                __wrap_vprintf
 .text.__wrap_printf
                0x100052c4       0x18 CMakeFiles/blink.dir/C_/Program_Files/Raspberry_Pi/Pico_SDK_v1.5.1/pico-sdk/src/rp2_common/pico_stdio/stdio.c.obj
                0x100052c4                __wrap_printf
 .text.stdio_init_all
                0x100052dc        0x8 CMakeFiles/blink.dir/C_/Program_Files/Raspberry_Pi/Pico_SDK_v1.5.1/pico-sdk/src/rp2_common/pico_stdio/stdio.c.obj
                0x100052dc                stdio_init_all
 .text.resetd_init
                0x100052e4        0x2 CMakeFiles/blink.dir/C_/Program_Files/Raspberry_Pi/Pico_SDK_v1.5.1/pico-sdk/src/rp2_common/pico_stdio_usb/reset_interface.c.obj
 *fill*         0x100052e6        0x2 
 .text.resetd_reset
                0x100052e8        0xc CMakeFiles/blink.dir/C_/Program_Files/Raspberry_Pi/Pico_SDK_v1.5.1/pico-sdk/src/rp2_common/pico_stdio_usb/reset_interface.c.obj
 .text.resetd_open
                0x100052f4       0x34 CMakeFiles/blink.dir/C_/Program_Files/Raspberry_Pi/Pico_SDK_v1.5.1/pico-sdk/src/rp2_common/pico_stdio_usb/reset_interface.c.obj
 .text.resetd_xfer_cb
                0x10005328        0x4 CMakeFiles/blink.dir/C_/Program_Files/Raspberry_Pi/Pico_SDK_v1.5.1/pico-sdk/src/rp2_common/pico_stdio_usb/reset_interface.c.obj
 .text.reset_usb_boot
                0x1000532c       0x18 CMakeFiles/blink.dir/C_/Program_Files/Raspberry_Pi/Pico_SDK_v1.5.1/pico-sdk/src/rp2_common/pico_stdio_usb/reset_interface.c.obj
 .text.resetd_control_xfer_cb
                0x10005344       0x5c CMakeFiles/blink.dir/C_/Program_Files/Raspberry_Pi/Pico_SDK_v1.5.1/pico-sdk/src/rp2_common/pico_stdio_usb/reset_interface.c.obj
 .text.usbd_app_driver_get_cb
                0x100053a0        0xc CMakeFiles/blink.dir/C_/Program_Files/Raspberry_Pi/Pico_SDK_v1.5.1/pico-sdk/src/rp2_common/pico_stdio_usb/reset_interface.c.obj
                0x100053a0                usbd_app_driver_get_cb
 .text.tud_cdc_line_coding_cb
                0x100053ac       0x28 CMakeFiles/blink.dir/C_/Program_Files/Raspberry_Pi/Pico_SDK_v1.5.1/pico-sdk/src/rp2_common/pico_stdio_usb/reset_interface.c.obj
                0x100053ac                tud_cdc_line_coding_cb
 .text.stdio_usb_set_chars_available_callback
                0x100053d4       0x14 CMakeFiles/blink.dir/C_/Program_Files/Raspberry_Pi/Pico_SDK_v1.5.1/pico-sdk/src/rp2_common/pico_stdio_usb/stdio_usb.c.obj
                0x100053d4                stdio_usb_set_chars_available_callback
 .text.usb_irq  0x100053e8       0x10 CMakeFiles/blink.dir/C_/Program_Files/Raspberry_Pi/Pico_SDK_v1.5.1/pico-sdk/src/rp2_common/pico_stdio_usb/stdio_usb.c.obj
 .text.timer_task
                0x100053f8       0x5c CMakeFiles/blink.dir/C_/Program_Files/Raspberry_Pi/Pico_SDK_v1.5.1/pico-sdk/src/rp2_common/pico_stdio_usb/stdio_usb.c.obj
 .text.low_priority_worker_irq
                0x10005454       0xdc CMakeFiles/blink.dir/C_/Program_Files/Raspberry_Pi/Pico_SDK_v1.5.1/pico-sdk/src/rp2_common/pico_stdio_usb/stdio_usb.c.obj
 .text.tud_cdc_rx_cb
                0x10005530       0x20 CMakeFiles/blink.dir/C_/Program_Files/Raspberry_Pi/Pico_SDK_v1.5.1/pico-sdk/src/rp2_common/pico_stdio_usb/stdio_usb.c.obj
                0x10005530                tud_cdc_rx_cb
 .text.stdio_usb_init
                0x10005550      0x11c CMakeFiles/blink.dir/C_/Program_Files/Raspberry_Pi/Pico_SDK_v1.5.1/pico-sdk/src/rp2_common/pico_stdio_usb/stdio_usb.c.obj
                0x10005550                stdio_usb_init
 .text.stdio_usb_connected
                0x1000566c        0xa CMakeFiles/blink.dir/C_/Program_Files/Raspberry_Pi/Pico_SDK_v1.5.1/pico-sdk/src/rp2_common/pico_stdio_usb/stdio_usb.c.obj
                0x1000566c                stdio_usb_connected
 *fill*         0x10005676        0x2 
 .text.stdio_usb_in_chars
                0x10005678       0xc4 CMakeFiles/blink.dir/C_/Program_Files/Raspberry_Pi/Pico_SDK_v1.5.1/pico-sdk/src/rp2_common/pico_stdio_usb/stdio_usb.c.obj
                0x10005678                stdio_usb_in_chars
 .text.stdio_usb_out_chars
                0x1000573c      0x114 CMakeFiles/blink.dir/C_/Program_Files/Raspberry_Pi/Pico_SDK_v1.5.1/pico-sdk/src/rp2_common/pico_stdio_usb/stdio_usb.c.obj
 .text.tud_descriptor_device_cb
                0x10005850        0x8 CMakeFiles/blink.dir/C_/Program_Files/Raspberry_Pi/Pico_SDK_v1.5.1/pico-sdk/src/rp2_common/pico_stdio_usb/stdio_usb_descriptors.c.obj
                0x10005850                tud_descriptor_device_cb
 .text.tud_descriptor_configuration_cb
                0x10005858        0x8 CMakeFiles/blink.dir/C_/Program_Files/Raspberry_Pi/Pico_SDK_v1.5.1/pico-sdk/src/rp2_common/pico_stdio_usb/stdio_usb_descriptors.c.obj
                0x10005858                tud_descriptor_configuration_cb
 .text.tud_descriptor_string_cb
                0x10005860       0x6c CMakeFiles/blink.dir/C_/Program_Files/Raspberry_Pi/Pico_SDK_v1.5.1/pico-sdk/src/rp2_common/pico_stdio_usb/stdio_usb_descriptors.c.obj
                0x10005860                tud_descriptor_string_cb
 .text._retrieve_unique_id_on_boot
                0x100058cc       0x10 CMakeFiles/blink.dir/C_/Program_Files/Raspberry_Pi/Pico_SDK_v1.5.1/pico-sdk/src/rp2_common/pico_unique_id/unique_id.c.obj
 .text.pico_get_unique_board_id_string
                0x100058dc       0x60 CMakeFiles/blink.dir/C_/Program_Files/Raspberry_Pi/Pico_SDK_v1.5.1/pico-sdk/src/rp2_common/pico_unique_id/unique_id.c.obj
                0x100058dc                pico_get_unique_board_id_string
 .text.flash_get_unique_id
                0x1000593c       0x46 CMakeFiles/blink.dir/C_/Program_Files/Raspberry_Pi/Pico_SDK_v1.5.1/pico-sdk/src/rp2_common/hardware_flash/flash.c.obj
                0x1000593c                flash_get_unique_id
 *fill*         0x10005982        0x2 
 .text.hw_endpoint_get_by_addr
                0x10005984       0x18 CMakeFiles/blink.dir/C_/Program_Files/Raspberry_Pi/Pico_SDK_v1.5.1/pico-sdk/lib/tinyusb/src/portable/raspberrypi/rp2040/dcd_rp2040.c.obj
 .text._hw_endpoint_alloc
                0x1000599c       0x70 CMakeFiles/blink.dir/C_/Program_Files/Raspberry_Pi/Pico_SDK_v1.5.1/pico-sdk/lib/tinyusb/src/portable/raspberrypi/rp2040/dcd_rp2040.c.obj
 .text.hw_endpoint_init
                0x10005a0c       0x88 CMakeFiles/blink.dir/C_/Program_Files/Raspberry_Pi/Pico_SDK_v1.5.1/pico-sdk/lib/tinyusb/src/portable/raspberrypi/rp2040/dcd_rp2040.c.obj
 .text.hw_endpoint_xfer
                0x10005a94       0x14 CMakeFiles/blink.dir/C_/Program_Files/Raspberry_Pi/Pico_SDK_v1.5.1/pico-sdk/lib/tinyusb/src/portable/raspberrypi/rp2040/dcd_rp2040.c.obj
 .text.dcd_int_enable
                0x10005aa8       0x2c CMakeFiles/blink.dir/C_/Program_Files/Raspberry_Pi/Pico_SDK_v1.5.1/pico-sdk/lib/tinyusb/src/portable/raspberrypi/rp2040/dcd_rp2040.c.obj
                0x10005aa8                dcd_int_enable
 .text.dcd_set_address
                0x10005ad4       0x2c CMakeFiles/blink.dir/C_/Program_Files/Raspberry_Pi/Pico_SDK_v1.5.1/pico-sdk/lib/tinyusb/src/portable/raspberrypi/rp2040/dcd_rp2040.c.obj
                0x10005ad4                dcd_set_address
 .text.dcd_connect
                0x10005b00       0x10 CMakeFiles/blink.dir/C_/Program_Files/Raspberry_Pi/Pico_SDK_v1.5.1/pico-sdk/lib/tinyusb/src/portable/raspberrypi/rp2040/dcd_rp2040.c.obj
                0x10005b00                dcd_connect
 .text.dcd_init
                0x10005b10       0x80 CMakeFiles/blink.dir/C_/Program_Files/Raspberry_Pi/Pico_SDK_v1.5.1/pico-sdk/lib/tinyusb/src/portable/raspberrypi/rp2040/dcd_rp2040.c.obj
                0x10005b10                dcd_init
 .text.dcd_edpt0_status_complete
                0x10005b90       0x1c CMakeFiles/blink.dir/C_/Program_Files/Raspberry_Pi/Pico_SDK_v1.5.1/pico-sdk/lib/tinyusb/src/portable/raspberrypi/rp2040/dcd_rp2040.c.obj
                0x10005b90                dcd_edpt0_status_complete
 .text.dcd_edpt_open
                0x10005bac       0x40 CMakeFiles/blink.dir/C_/Program_Files/Raspberry_Pi/Pico_SDK_v1.5.1/pico-sdk/lib/tinyusb/src/portable/raspberrypi/rp2040/dcd_rp2040.c.obj
                0x10005bac                dcd_edpt_open
 .text.dcd_edpt_close_all
                0x10005bec        0x8 CMakeFiles/blink.dir/C_/Program_Files/Raspberry_Pi/Pico_SDK_v1.5.1/pico-sdk/lib/tinyusb/src/portable/raspberrypi/rp2040/dcd_rp2040.c.obj
                0x10005bec                dcd_edpt_close_all
 .text.dcd_edpt_xfer
                0x10005bf4       0x34 CMakeFiles/blink.dir/C_/Program_Files/Raspberry_Pi/Pico_SDK_v1.5.1/pico-sdk/lib/tinyusb/src/portable/raspberrypi/rp2040/dcd_rp2040.c.obj
                0x10005bf4                dcd_edpt_xfer
 .text.dcd_edpt_stall
                0x10005c28       0x2c CMakeFiles/blink.dir/C_/Program_Files/Raspberry_Pi/Pico_SDK_v1.5.1/pico-sdk/lib/tinyusb/src/portable/raspberrypi/rp2040/dcd_rp2040.c.obj
                0x10005c28                dcd_edpt_stall
 .text.dcd_edpt_clear_stall
                0x10005c54       0x20 CMakeFiles/blink.dir/C_/Program_Files/Raspberry_Pi/Pico_SDK_v1.5.1/pico-sdk/lib/tinyusb/src/portable/raspberrypi/rp2040/dcd_rp2040.c.obj
                0x10005c54                dcd_edpt_clear_stall
 .text.rp2040_usb_init
                0x10005c74       0x4c CMakeFiles/blink.dir/C_/Program_Files/Raspberry_Pi/Pico_SDK_v1.5.1/pico-sdk/lib/tinyusb/src/portable/raspberrypi/rp2040/rp2040_usb.c.obj
                0x10005c74                rp2040_usb_init
 .text.hw_endpoint_xfer_start
                0x10005cc0       0x50 CMakeFiles/blink.dir/C_/Program_Files/Raspberry_Pi/Pico_SDK_v1.5.1/pico-sdk/lib/tinyusb/src/portable/raspberrypi/rp2040/rp2040_usb.c.obj
                0x10005cc0                hw_endpoint_xfer_start
 .text.configuration_reset
                0x10005d10       0x84 CMakeFiles/blink.dir/C_/Program_Files/Raspberry_Pi/Pico_SDK_v1.5.1/pico-sdk/lib/tinyusb/src/device/usbd.c.obj
 .text.usbd_reset
                0x10005d94        0xc CMakeFiles/blink.dir/C_/Program_Files/Raspberry_Pi/Pico_SDK_v1.5.1/pico-sdk/lib/tinyusb/src/device/usbd.c.obj
 .text.invoke_class_control
                0x10005da0       0x1a CMakeFiles/blink.dir/C_/Program_Files/Raspberry_Pi/Pico_SDK_v1.5.1/pico-sdk/lib/tinyusb/src/device/usbd.c.obj
 *fill*         0x10005dba        0x2 
 .text.process_set_config
                0x10005dbc      0x178 CMakeFiles/blink.dir/C_/Program_Files/Raspberry_Pi/Pico_SDK_v1.5.1/pico-sdk/lib/tinyusb/src/device/usbd.c.obj
 .text.process_get_descriptor
                0x10005f34       0xdc CMakeFiles/blink.dir/C_/Program_Files/Raspberry_Pi/Pico_SDK_v1.5.1/pico-sdk/lib/tinyusb/src/device/usbd.c.obj
 .text.tud_mounted
                0x10006010       0x10 CMakeFiles/blink.dir/C_/Program_Files/Raspberry_Pi/Pico_SDK_v1.5.1/pico-sdk/lib/tinyusb/src/device/usbd.c.obj
                0x10006010                tud_mounted
 .text.tud_suspended
                0x10006020       0x10 CMakeFiles/blink.dir/C_/Program_Files/Raspberry_Pi/Pico_SDK_v1.5.1/pico-sdk/lib/tinyusb/src/device/usbd.c.obj
                0x10006020                tud_suspended
 .text.tud_inited
                0x10006030       0x14 CMakeFiles/blink.dir/C_/Program_Files/Raspberry_Pi/Pico_SDK_v1.5.1/pico-sdk/lib/tinyusb/src/device/usbd.c.obj
                0x10006030                tud_inited
 .text.tud_init
                0x10006044       0xcc CMakeFiles/blink.dir/C_/Program_Files/Raspberry_Pi/Pico_SDK_v1.5.1/pico-sdk/lib/tinyusb/src/device/usbd.c.obj
                0x10006044                tud_init
 .text.usbd_defer_func
                0x10006110       0x2a CMakeFiles/blink.dir/C_/Program_Files/Raspberry_Pi/Pico_SDK_v1.5.1/pico-sdk/lib/tinyusb/src/device/usbd.c.obj
                0x10006110                usbd_defer_func
 *fill*         0x1000613a        0x2 
 .text.usbd_edpt_open
                0x1000613c       0x34 CMakeFiles/blink.dir/C_/Program_Files/Raspberry_Pi/Pico_SDK_v1.5.1/pico-sdk/lib/tinyusb/src/device/usbd.c.obj
                0x1000613c                usbd_edpt_open
 .text.usbd_open_edpt_pair
                0x10006170       0x62 CMakeFiles/blink.dir/C_/Program_Files/Raspberry_Pi/Pico_SDK_v1.5.1/pico-sdk/lib/tinyusb/src/device/usbd.c.obj
                0x10006170                usbd_open_edpt_pair
 *fill*         0x100061d2        0x2 
 .text.usbd_edpt_claim
                0x100061d4       0x28 CMakeFiles/blink.dir/C_/Program_Files/Raspberry_Pi/Pico_SDK_v1.5.1/pico-sdk/lib/tinyusb/src/device/usbd.c.obj
                0x100061d4                usbd_edpt_claim
 .text.usbd_edpt_release
                0x100061fc       0x28 CMakeFiles/blink.dir/C_/Program_Files/Raspberry_Pi/Pico_SDK_v1.5.1/pico-sdk/lib/tinyusb/src/device/usbd.c.obj
                0x100061fc                usbd_edpt_release
 .text.usbd_edpt_xfer
                0x10006224       0x78 CMakeFiles/blink.dir/C_/Program_Files/Raspberry_Pi/Pico_SDK_v1.5.1/pico-sdk/lib/tinyusb/src/device/usbd.c.obj
                0x10006224                usbd_edpt_xfer
 .text.usbd_edpt_stall
                0x1000629c       0x48 CMakeFiles/blink.dir/C_/Program_Files/Raspberry_Pi/Pico_SDK_v1.5.1/pico-sdk/lib/tinyusb/src/device/usbd.c.obj
                0x1000629c                usbd_edpt_stall
 .text.usbd_edpt_clear_stall
                0x100062e4       0x48 CMakeFiles/blink.dir/C_/Program_Files/Raspberry_Pi/Pico_SDK_v1.5.1/pico-sdk/lib/tinyusb/src/device/usbd.c.obj
                0x100062e4                usbd_edpt_clear_stall
 .text.usbd_edpt_stalled
                0x1000632c       0x1c CMakeFiles/blink.dir/C_/Program_Files/Raspberry_Pi/Pico_SDK_v1.5.1/pico-sdk/lib/tinyusb/src/device/usbd.c.obj
                0x1000632c                usbd_edpt_stalled
 .text.process_control_request
                0x10006348      0x37c CMakeFiles/blink.dir/C_/Program_Files/Raspberry_Pi/Pico_SDK_v1.5.1/pico-sdk/lib/tinyusb/src/device/usbd.c.obj
 .text.tud_task_ext
                0x100066c4      0x1b8 CMakeFiles/blink.dir/C_/Program_Files/Raspberry_Pi/Pico_SDK_v1.5.1/pico-sdk/lib/tinyusb/src/device/usbd.c.obj
                0x100066c4                tud_task_ext
 .text._data_stage_xact
                0x1000687c       0x58 CMakeFiles/blink.dir/C_/Program_Files/Raspberry_Pi/Pico_SDK_v1.5.1/pico-sdk/lib/tinyusb/src/device/usbd_control.c.obj
 .text.tud_control_status
                0x100068d4       0x38 CMakeFiles/blink.dir/C_/Program_Files/Raspberry_Pi/Pico_SDK_v1.5.1/pico-sdk/lib/tinyusb/src/device/usbd_control.c.obj
                0x100068d4                tud_control_status
 .text.tud_control_xfer
                0x1000690c       0x74 CMakeFiles/blink.dir/C_/Program_Files/Raspberry_Pi/Pico_SDK_v1.5.1/pico-sdk/lib/tinyusb/src/device/usbd_control.c.obj
                0x1000690c                tud_control_xfer
 .text.usbd_control_reset
                0x10006980       0x14 CMakeFiles/blink.dir/C_/Program_Files/Raspberry_Pi/Pico_SDK_v1.5.1/pico-sdk/lib/tinyusb/src/device/usbd_control.c.obj
                0x10006980                usbd_control_reset
 .text.usbd_control_set_complete_callback
                0x10006994        0xc CMakeFiles/blink.dir/C_/Program_Files/Raspberry_Pi/Pico_SDK_v1.5.1/pico-sdk/lib/tinyusb/src/device/usbd_control.c.obj
                0x10006994                usbd_control_set_complete_callback
 .text.usbd_control_set_request
                0x100069a0       0x1c CMakeFiles/blink.dir/C_/Program_Files/Raspberry_Pi/Pico_SDK_v1.5.1/pico-sdk/lib/tinyusb/src/device/usbd_control.c.obj
                0x100069a0                usbd_control_set_request
 .text.usbd_control_xfer_cb
                0x100069bc       0xcc CMakeFiles/blink.dir/C_/Program_Files/Raspberry_Pi/Pico_SDK_v1.5.1/pico-sdk/lib/tinyusb/src/device/usbd_control.c.obj
                0x100069bc                usbd_control_xfer_cb
 .text._prep_out_transaction
                0x10006a88       0x4a CMakeFiles/blink.dir/C_/Program_Files/Raspberry_Pi/Pico_SDK_v1.5.1/pico-sdk/lib/tinyusb/src/class/cdc/cdc_device.c.obj
 *fill*         0x10006ad2        0x2 
 .text.tud_cdc_n_connected
                0x10006ad4       0x44 CMakeFiles/blink.dir/C_/Program_Files/Raspberry_Pi/Pico_SDK_v1.5.1/pico-sdk/lib/tinyusb/src/class/cdc/cdc_device.c.obj
                0x10006ad4                tud_cdc_n_connected
 .text.tud_cdc_n_available
                0x10006b18       0x18 CMakeFiles/blink.dir/C_/Program_Files/Raspberry_Pi/Pico_SDK_v1.5.1/pico-sdk/lib/tinyusb/src/class/cdc/cdc_device.c.obj
                0x10006b18                tud_cdc_n_available
 .text.tud_cdc_n_read
                0x10006b30       0x28 CMakeFiles/blink.dir/C_/Program_Files/Raspberry_Pi/Pico_SDK_v1.5.1/pico-sdk/lib/tinyusb/src/class/cdc/cdc_device.c.obj
                0x10006b30                tud_cdc_n_read
 .text.tud_cdc_n_write_flush
                0x10006b58       0xb8 CMakeFiles/blink.dir/C_/Program_Files/Raspberry_Pi/Pico_SDK_v1.5.1/pico-sdk/lib/tinyusb/src/class/cdc/cdc_device.c.obj
                0x10006b58                tud_cdc_n_write_flush
 .text.tud_cdc_n_write
                0x10006c10       0x38 CMakeFiles/blink.dir/C_/Program_Files/Raspberry_Pi/Pico_SDK_v1.5.1/pico-sdk/lib/tinyusb/src/class/cdc/cdc_device.c.obj
                0x10006c10                tud_cdc_n_write
 .text.tud_cdc_n_write_available
                0x10006c48       0x1c CMakeFiles/blink.dir/C_/Program_Files/Raspberry_Pi/Pico_SDK_v1.5.1/pico-sdk/lib/tinyusb/src/class/cdc/cdc_device.c.obj
                0x10006c48                tud_cdc_n_write_available
 .text.cdcd_init
                0x10006c64       0xbc CMakeFiles/blink.dir/C_/Program_Files/Raspberry_Pi/Pico_SDK_v1.5.1/pico-sdk/lib/tinyusb/src/class/cdc/cdc_device.c.obj
                0x10006c64                cdcd_init
 .text.cdcd_reset
                0x10006d20       0x44 CMakeFiles/blink.dir/C_/Program_Files/Raspberry_Pi/Pico_SDK_v1.5.1/pico-sdk/lib/tinyusb/src/class/cdc/cdc_device.c.obj
                0x10006d20                cdcd_reset
 .text.cdcd_open
                0x10006d64       0xcc CMakeFiles/blink.dir/C_/Program_Files/Raspberry_Pi/Pico_SDK_v1.5.1/pico-sdk/lib/tinyusb/src/class/cdc/cdc_device.c.obj
                0x10006d64                cdcd_open
 .text.cdcd_control_xfer_cb
                0x10006e30      0x134 CMakeFiles/blink.dir/C_/Program_Files/Raspberry_Pi/Pico_SDK_v1.5.1/pico-sdk/lib/tinyusb/src/class/cdc/cdc_device.c.obj
                0x10006e30                cdcd_control_xfer_cb
 .text.cdcd_xfer_cb
                0x10006f64      0x130 CMakeFiles/blink.dir/C_/Program_Files/Raspberry_Pi/Pico_SDK_v1.5.1/pico-sdk/lib/tinyusb/src/class/cdc/cdc_device.c.obj
                0x10006f64                cdcd_xfer_cb
 .text.tusb_init
                0x10007094        0xa CMakeFiles/blink.dir/C_/Program_Files/Raspberry_Pi/Pico_SDK_v1.5.1/pico-sdk/lib/tinyusb/src/tusb.c.obj
                0x10007094                tusb_init
 .text.tusb_inited
                0x1000709e        0xe CMakeFiles/blink.dir/C_/Program_Files/Raspberry_Pi/Pico_SDK_v1.5.1/pico-sdk/lib/tinyusb/src/tusb.c.obj
                0x1000709e                tusb_inited
 .text.tu_edpt_claim
                0x100070ac       0x50 CMakeFiles/blink.dir/C_/Program_Files/Raspberry_Pi/Pico_SDK_v1.5.1/pico-sdk/lib/tinyusb/src/tusb.c.obj
                0x100070ac                tu_edpt_claim
 .text.tu_edpt_release
                0x100070fc       0x3c CMakeFiles/blink.dir/C_/Program_Files/Raspberry_Pi/Pico_SDK_v1.5.1/pico-sdk/lib/tinyusb/src/tusb.c.obj
                0x100070fc                tu_edpt_release
 .text.tu_edpt_validate
                0x10007138       0x78 CMakeFiles/blink.dir/C_/Program_Files/Raspberry_Pi/Pico_SDK_v1.5.1/pico-sdk/lib/tinyusb/src/tusb.c.obj
                0x10007138                tu_edpt_validate
 .text.tu_edpt_bind_driver
                0x100071b0       0x26 CMakeFiles/blink.dir/C_/Program_Files/Raspberry_Pi/Pico_SDK_v1.5.1/pico-sdk/lib/tinyusb/src/tusb.c.obj
                0x100071b0                tu_edpt_bind_driver
 .text.advance_index
                0x100071d6       0x1a CMakeFiles/blink.dir/C_/Program_Files/Raspberry_Pi/Pico_SDK_v1.5.1/pico-sdk/lib/tinyusb/src/common/tusb_fifo.c.obj
 .text._tu_fifo_peek
                0x100071f0       0x56 CMakeFiles/blink.dir/C_/Program_Files/Raspberry_Pi/Pico_SDK_v1.5.1/pico-sdk/lib/tinyusb/src/common/tusb_fifo.c.obj
 .text._ff_pull_const_addr
                0x10007246       0x4c CMakeFiles/blink.dir/C_/Program_Files/Raspberry_Pi/Pico_SDK_v1.5.1/pico-sdk/lib/tinyusb/src/common/tusb_fifo.c.obj
 .text._ff_pull_n
                0x10007292      0x110 CMakeFiles/blink.dir/C_/Program_Files/Raspberry_Pi/Pico_SDK_v1.5.1/pico-sdk/lib/tinyusb/src/common/tusb_fifo.c.obj
 .text._tu_fifo_peek_n
                0x100073a2       0x6a CMakeFiles/blink.dir/C_/Program_Files/Raspberry_Pi/Pico_SDK_v1.5.1/pico-sdk/lib/tinyusb/src/common/tusb_fifo.c.obj
 .text._tu_fifo_read_n
                0x1000740c       0x4e CMakeFiles/blink.dir/C_/Program_Files/Raspberry_Pi/Pico_SDK_v1.5.1/pico-sdk/lib/tinyusb/src/common/tusb_fifo.c.obj
 .text._ff_push_const_addr
                0x1000745a       0x40 CMakeFiles/blink.dir/C_/Program_Files/Raspberry_Pi/Pico_SDK_v1.5.1/pico-sdk/lib/tinyusb/src/common/tusb_fifo.c.obj
 .text._ff_push_n
                0x1000749a      0x10c CMakeFiles/blink.dir/C_/Program_Files/Raspberry_Pi/Pico_SDK_v1.5.1/pico-sdk/lib/tinyusb/src/common/tusb_fifo.c.obj
 .text._tu_fifo_write_n
                0x100075a6       0xf0 CMakeFiles/blink.dir/C_/Program_Files/Raspberry_Pi/Pico_SDK_v1.5.1/pico-sdk/lib/tinyusb/src/common/tusb_fifo.c.obj
 .text.tu_fifo_config
                0x10007696       0x7c CMakeFiles/blink.dir/C_/Program_Files/Raspberry_Pi/Pico_SDK_v1.5.1/pico-sdk/lib/tinyusb/src/common/tusb_fifo.c.obj
                0x10007696                tu_fifo_config
 .text.tu_fifo_count
                0x10007712       0x2a CMakeFiles/blink.dir/C_/Program_Files/Raspberry_Pi/Pico_SDK_v1.5.1/pico-sdk/lib/tinyusb/src/common/tusb_fifo.c.obj
                0x10007712                tu_fifo_count
 .text.tu_fifo_empty
                0x1000773c       0x10 CMakeFiles/blink.dir/C_/Program_Files/Raspberry_Pi/Pico_SDK_v1.5.1/pico-sdk/lib/tinyusb/src/common/tusb_fifo.c.obj
                0x1000773c                tu_fifo_empty
 .text.tu_fifo_full
                0x1000774c       0x28 CMakeFiles/blink.dir/C_/Program_Files/Raspberry_Pi/Pico_SDK_v1.5.1/pico-sdk/lib/tinyusb/src/common/tusb_fifo.c.obj
                0x1000774c                tu_fifo_full
 .text.tu_fifo_remaining
                0x10007774       0x2c CMakeFiles/blink.dir/C_/Program_Files/Raspberry_Pi/Pico_SDK_v1.5.1/pico-sdk/lib/tinyusb/src/common/tusb_fifo.c.obj
                0x10007774                tu_fifo_remaining
 .text.tu_fifo_read
                0x100077a0       0x42 CMakeFiles/blink.dir/C_/Program_Files/Raspberry_Pi/Pico_SDK_v1.5.1/pico-sdk/lib/tinyusb/src/common/tusb_fifo.c.obj
                0x100077a0                tu_fifo_read
 .text.tu_fifo_read_n
                0x100077e2        0xa CMakeFiles/blink.dir/C_/Program_Files/Raspberry_Pi/Pico_SDK_v1.5.1/pico-sdk/lib/tinyusb/src/common/tusb_fifo.c.obj
                0x100077e2                tu_fifo_read_n
 .text.tu_fifo_write
                0x100077ec       0x64 CMakeFiles/blink.dir/C_/Program_Files/Raspberry_Pi/Pico_SDK_v1.5.1/pico-sdk/lib/tinyusb/src/common/tusb_fifo.c.obj
                0x100077ec                tu_fifo_write
 .text.tu_fifo_write_n
                0x10007850        0xa CMakeFiles/blink.dir/C_/Program_Files/Raspberry_Pi/Pico_SDK_v1.5.1/pico-sdk/lib/tinyusb/src/common/tusb_fifo.c.obj
                0x10007850                tu_fifo_write_n
 .text.tu_fifo_clear
                0x1000785a       0x3e CMakeFiles/blink.dir/C_/Program_Files/Raspberry_Pi/Pico_SDK_v1.5.1/pico-sdk/lib/tinyusb/src/common/tusb_fifo.c.obj
                0x1000785a                tu_fifo_clear
 .text.tu_fifo_set_overwritable
                0x10007898       0x46 CMakeFiles/blink.dir/C_/Program_Files/Raspberry_Pi/Pico_SDK_v1.5.1/pico-sdk/lib/tinyusb/src/common/tusb_fifo.c.obj
                0x10007898                tu_fifo_set_overwritable
 *fill*         0x100078de        0x2 
 .text._pio_can_add_program_at_offset
                0x100078e0       0x3c CMakeFiles/blink.dir/C_/Program_Files/Raspberry_Pi/Pico_SDK_v1.5.1/pico-sdk/src/rp2_common/hardware_pio/pio.c.obj
 .text._pio_find_offset_for_program
                0x1000791c       0x7c CMakeFiles/blink.dir/C_/Program_Files/Raspberry_Pi/Pico_SDK_v1.5.1/pico-sdk/src/rp2_common/hardware_pio/pio.c.obj
 .text._pio_add_program_at_offset
                0x10007998       0x78 CMakeFiles/blink.dir/C_/Program_Files/Raspberry_Pi/Pico_SDK_v1.5.1/pico-sdk/src/rp2_common/hardware_pio/pio.c.obj
 .text.pio_claim_unused_sm
                0x10007a10       0x3c CMakeFiles/blink.dir/C_/Program_Files/Raspberry_Pi/Pico_SDK_v1.5.1/pico-sdk/src/rp2_common/hardware_pio/pio.c.obj
                0x10007a10                pio_claim_unused_sm
 .text.pio_add_program
                0x10007a4c       0x38 CMakeFiles/blink.dir/C_/Program_Files/Raspberry_Pi/Pico_SDK_v1.5.1/pico-sdk/src/rp2_common/hardware_pio/pio.c.obj
                0x10007a4c                pio_add_program
 .text.pio_remove_program
                0x10007a84       0x58 CMakeFiles/blink.dir/C_/Program_Files/Raspberry_Pi/Pico_SDK_v1.5.1/pico-sdk/src/rp2_common/hardware_pio/pio.c.obj
                0x10007a84                pio_remove_program
 .text.pio_sm_set_consecutive_pindirs
                0x10007adc       0xa4 CMakeFiles/blink.dir/C_/Program_Files/Raspberry_Pi/Pico_SDK_v1.5.1/pico-sdk/src/rp2_common/hardware_pio/pio.c.obj
                0x10007adc                pio_sm_set_consecutive_pindirs
 .text.pio_sm_init
                0x10007b80       0xe4 CMakeFiles/blink.dir/C_/Program_Files/Raspberry_Pi/Pico_SDK_v1.5.1/pico-sdk/src/rp2_common/hardware_pio/pio.c.obj
                0x10007b80                pio_sm_init
 .text.i2c_set_baudrate
                0x10007c64       0xf0 CMakeFiles/blink.dir/C_/Program_Files/Raspberry_Pi/Pico_SDK_v1.5.1/pico-sdk/src/rp2_common/hardware_i2c/i2c.c.obj
                0x10007c64                i2c_set_baudrate
 .text.i2c_init
                0x10007d54       0x58 CMakeFiles/blink.dir/C_/Program_Files/Raspberry_Pi/Pico_SDK_v1.5.1/pico-sdk/src/rp2_common/hardware_i2c/i2c.c.obj
                0x10007d54                i2c_init
 .text.i2c_set_slave_mode
                0x10007dac       0x48 CMakeFiles/blink.dir/C_/Program_Files/Raspberry_Pi/Pico_SDK_v1.5.1/pico-sdk/src/rp2_common/hardware_i2c/i2c.c.obj
                0x10007dac                i2c_set_slave_mode
 .text.strlen   0x10007df4       0x5c c:/progra~1/raspbe~1/picosd~1.1/gcc-ar~1/bin/../lib/gcc/arm-none-eabi/10.3.1/../../../../arm-none-eabi/lib/thumb/v6-m/nofp\libg.a(lib_a-strlen-stub.o)
                0x10007df4                strlen
 *(.fini)
 .fini          0x10007e50        0x4 c:/progra~1/raspbe~1/picosd~1.1/gcc-ar~1/bin/../lib/gcc/arm-none-eabi/10.3.1/thumb/v6-m/nofp/crti.o
                0x10007e50                _fini
 *fill*         0x10007e54        0x4 
 .fini.__stub   0x10007e58       0xe0 linker stubs
 *crtbegin.o(.ctors)
 *crtbegin?.o(.ctors)
 *(EXCLUDE_FILE(*crtend.o *crtend?.o) .ctors)
 *(SORT_BY_NAME(.ctors.*))
 *(.ctors)
 *crtbegin.o(.dtors)
 *crtbegin?.o(.dtors)
 *(EXCLUDE_FILE(*crtend.o *crtend?.o) .dtors)
 *(SORT_BY_NAME(.dtors.*))
 *(.dtors)
 *(.eh_frame*)
 .eh_frame      0x10007f38        0x0 c:/progra~1/raspbe~1/picosd~1.1/gcc-ar~1/bin/../lib/gcc/arm-none-eabi/10.3.1/thumb/v6-m/nofp/crtbegin.o
                0x10007f38                . = ALIGN (0x4)

.glue_7         0x10007f38        0x0
 .glue_7        0x10007f38        0x0 linker stubs

.glue_7t        0x10007f38        0x0
 .glue_7t       0x10007f38        0x0 linker stubs

.vfp11_veneer   0x10007f38        0x0
 .vfp11_veneer  0x10007f38        0x0 linker stubs

.v4_bx          0x10007f38        0x0
 .v4_bx         0x10007f38        0x0 linker stubs

.iplt           0x10007f38        0x0
 .iplt          0x10007f38        0x0 c:/progra~1/raspbe~1/picosd~1.1/gcc-ar~1/bin/../lib/gcc/arm-none-eabi/10.3.1/thumb/v6-m/nofp/crtbegin.o

.rodata         0x10007f38     0x19bc
 *(EXCLUDE_FILE(*libm.a: *libc.a:*lib_a-mem*.o *libgcc.a:) .rodata*)
 .rodata.main.str1.4
                0x10007f38       0x32 CMakeFiles/blink.dir/main.cpp.obj
 *fill*         0x10007f6a        0x2 
 .rodata._ZL10ms_program
                0x10007f6c        0x6 CMakeFiles/blink.dir/main.cpp.obj
 *fill*         0x10007f72        0x2 
 .rodata._ZL15residue_program
                0x10007f74        0x6 CMakeFiles/blink.dir/main.cpp.obj
 *fill*         0x10007f7a        0x2 
 .rodata._ZL19calibration_program
                0x10007f7c        0x6 CMakeFiles/blink.dir/main.cpp.obj
 *fill*         0x10007f82        0x2 
 .rodata._ZL23ms_program_instructions
                0x10007f84       0x36 CMakeFiles/blink.dir/main.cpp.obj
 *fill*         0x10007fba        0x2 
 .rodata._ZL28residue_program_instructions
                0x10007fbc        0xa CMakeFiles/blink.dir/main.cpp.obj
 *fill*         0x10007fc6        0x2 
 .rodata._ZL32calibration_program_instructions
                0x10007fc8       0x24 CMakeFiles/blink.dir/main.cpp.obj
 .rodata.spin_lock_claim_unused.str1.4
                0x10007fec       0x1b CMakeFiles/blink.dir/C_/Program_Files/Raspberry_Pi/Pico_SDK_v1.5.1/pico-sdk/src/rp2_common/hardware_sync/sync.c.obj
 *fill*         0x10008007        0x1 
 .rodata.make_branch.str1.4
                0x10008008       0x89 CMakeFiles/blink.dir/C_/Program_Files/Raspberry_Pi/Pico_SDK_v1.5.1/pico-sdk/src/rp2_common/hardware_irq/irq.c.obj
 *fill*         0x10008091        0x3 
 .rodata.insert_branch_and_link.str1.4
                0x10008094       0x10 CMakeFiles/blink.dir/C_/Program_Files/Raspberry_Pi/Pico_SDK_v1.5.1/pico-sdk/src/rp2_common/hardware_irq/irq.c.obj
 .rodata.irq_set_exclusive_handler.str1.4
                0x100080a4       0x36 CMakeFiles/blink.dir/C_/Program_Files/Raspberry_Pi/Pico_SDK_v1.5.1/pico-sdk/src/rp2_common/hardware_irq/irq.c.obj
 *fill*         0x100080da        0x2 
 .rodata.irq_add_shared_handler.str1.4
                0x100080dc       0xd9 CMakeFiles/blink.dir/C_/Program_Files/Raspberry_Pi/Pico_SDK_v1.5.1/pico-sdk/src/rp2_common/hardware_irq/irq.c.obj
 *fill*         0x100081b5        0x3 
 .rodata.irq_remove_handler.str1.4
                0x100081b8       0x3a CMakeFiles/blink.dir/C_/Program_Files/Raspberry_Pi/Pico_SDK_v1.5.1/pico-sdk/src/rp2_common/hardware_irq/irq.c.obj
 *fill*         0x100081f2        0x2 
 .rodata.irq_add_tail_to_free_list.str1.4
                0x100081f4       0x3a CMakeFiles/blink.dir/C_/Program_Files/Raspberry_Pi/Pico_SDK_v1.5.1/pico-sdk/src/rp2_common/hardware_irq/irq.c.obj
 *fill*         0x1000822e        0x2 
 .rodata.user_irq_claim_unused.str1.4
                0x10008230       0x1b CMakeFiles/blink.dir/C_/Program_Files/Raspberry_Pi/Pico_SDK_v1.5.1/pico-sdk/src/rp2_common/hardware_irq/irq.c.obj
 *fill*         0x1000824b        0x1 
 .rodata.__func__.0
                0x1000824c       0x1a CMakeFiles/blink.dir/C_/Program_Files/Raspberry_Pi/Pico_SDK_v1.5.1/pico-sdk/src/rp2_common/hardware_irq/irq.c.obj
 *fill*         0x10008266        0x2 
 .rodata.__func__.1
                0x10008268       0x17 CMakeFiles/blink.dir/C_/Program_Files/Raspberry_Pi/Pico_SDK_v1.5.1/pico-sdk/src/rp2_common/hardware_irq/irq.c.obj
 *fill*         0x1000827f        0x1 
 .rodata.__func__.2
                0x10008280       0x13 CMakeFiles/blink.dir/C_/Program_Files/Raspberry_Pi/Pico_SDK_v1.5.1/pico-sdk/src/rp2_common/hardware_irq/irq.c.obj
 *fill*         0x10008293        0x1 
 .rodata.__func__.3
                0x10008294        0xc CMakeFiles/blink.dir/C_/Program_Files/Raspberry_Pi/Pico_SDK_v1.5.1/pico-sdk/src/rp2_common/hardware_irq/irq.c.obj
 .rodata.__func__.4
                0x100082a0        0xf CMakeFiles/blink.dir/C_/Program_Files/Raspberry_Pi/Pico_SDK_v1.5.1/pico-sdk/src/rp2_common/hardware_irq/irq.c.obj
 *fill*         0x100082af        0x1 
 .rodata.__func__.5
                0x100082b0       0x17 CMakeFiles/blink.dir/C_/Program_Files/Raspberry_Pi/Pico_SDK_v1.5.1/pico-sdk/src/rp2_common/hardware_irq/irq.c.obj
 *fill*         0x100082c7        0x1 
 .rodata.__func__.6
                0x100082c8       0x1a CMakeFiles/blink.dir/C_/Program_Files/Raspberry_Pi/Pico_SDK_v1.5.1/pico-sdk/src/rp2_common/hardware_irq/irq.c.obj
 *fill*         0x100082e2        0x2 
 .rodata.str1.4
                0x100082e4      0x125 CMakeFiles/blink.dir/C_/Program_Files/Raspberry_Pi/Pico_SDK_v1.5.1/pico-sdk/src/common/pico_sync/mutex.c.obj
 *fill*         0x10008409        0x3 
 .rodata.__func__.1
                0x1000840c        0xb CMakeFiles/blink.dir/C_/Program_Files/Raspberry_Pi/Pico_SDK_v1.5.1/pico-sdk/src/common/pico_sync/mutex.c.obj
 *fill*         0x10008417        0x1 
 .rodata.__func__.3
                0x10008418       0x18 CMakeFiles/blink.dir/C_/Program_Files/Raspberry_Pi/Pico_SDK_v1.5.1/pico-sdk/src/common/pico_sync/mutex.c.obj
 .rodata.__func__.4
                0x10008430       0x15 CMakeFiles/blink.dir/C_/Program_Files/Raspberry_Pi/Pico_SDK_v1.5.1/pico-sdk/src/common/pico_sync/mutex.c.obj
 *fill*         0x10008445        0x3 
 .rodata.repeating_timer_callback.str1.4
                0x10008448       0x67 CMakeFiles/blink.dir/C_/Program_Files/Raspberry_Pi/Pico_SDK_v1.5.1/pico-sdk/src/common/pico_time/time.c.obj
 *fill*         0x100084af        0x1 
 .rodata.timer_pool_entry_comparator.str1.4
                0x100084b0       0x22 CMakeFiles/blink.dir/C_/Program_Files/Raspberry_Pi/Pico_SDK_v1.5.1/pico-sdk/src/common/pico_time/time.c.obj
 *fill*         0x100084d2        0x2 
 .rodata.ph_add_child_node.str1.4
                0x100084d4       0xb2 CMakeFiles/blink.dir/C_/Program_Files/Raspberry_Pi/Pico_SDK_v1.5.1/pico-sdk/src/common/pico_time/time.c.obj
 *fill*         0x10008586        0x2 
 .rodata.add_alarm_under_lock.str1.4
                0x10008588       0x28 CMakeFiles/blink.dir/C_/Program_Files/Raspberry_Pi/Pico_SDK_v1.5.1/pico-sdk/src/common/pico_time/time.c.obj
                                 0x2b (size before relaxing)
 .rodata.alarm_pool_alarm_callback.str1.4
                0x100085b0       0x98 CMakeFiles/blink.dir/C_/Program_Files/Raspberry_Pi/Pico_SDK_v1.5.1/pico-sdk/src/common/pico_time/time.c.obj
                                0x118 (size before relaxing)
 .rodata.alarm_pool_get_default.str1.4
                0x10008648       0x21 CMakeFiles/blink.dir/C_/Program_Files/Raspberry_Pi/Pico_SDK_v1.5.1/pico-sdk/src/common/pico_time/time.c.obj
 *fill*         0x10008669        0x3 
 .rodata.alarm_pool_cancel_alarm.str1.4
                0x1000866c       0x27 CMakeFiles/blink.dir/C_/Program_Files/Raspberry_Pi/Pico_SDK_v1.5.1/pico-sdk/src/common/pico_time/time.c.obj
 *fill*         0x10008693        0x1 
 .rodata.sleep_until.str1.4
                0x10008694       0x4d CMakeFiles/blink.dir/C_/Program_Files/Raspberry_Pi/Pico_SDK_v1.5.1/pico-sdk/src/common/pico_time/time.c.obj
 *fill*         0x100086e1        0x3 
 .rodata.__func__.1
                0x100086e4       0x18 CMakeFiles/blink.dir/C_/Program_Files/Raspberry_Pi/Pico_SDK_v1.5.1/pico-sdk/src/common/pico_time/time.c.obj
 .rodata.__func__.10
                0x100086fc       0x15 CMakeFiles/blink.dir/C_/Program_Files/Raspberry_Pi/Pico_SDK_v1.5.1/pico-sdk/src/common/pico_time/time.c.obj
 *fill*         0x10008711        0x3 
 .rodata.__func__.11
                0x10008714       0x1a CMakeFiles/blink.dir/C_/Program_Files/Raspberry_Pi/Pico_SDK_v1.5.1/pico-sdk/src/common/pico_time/time.c.obj
 *fill*         0x1000872e        0x2 
 .rodata.__func__.12
                0x10008730        0xa CMakeFiles/blink.dir/C_/Program_Files/Raspberry_Pi/Pico_SDK_v1.5.1/pico-sdk/src/common/pico_time/time.c.obj
 *fill*         0x1000873a        0x2 
 .rodata.__func__.3
                0x1000873c       0x17 CMakeFiles/blink.dir/C_/Program_Files/Raspberry_Pi/Pico_SDK_v1.5.1/pico-sdk/src/common/pico_time/time.c.obj
 *fill*         0x10008753        0x1 
 .rodata.__func__.4
                0x10008754       0x12 CMakeFiles/blink.dir/C_/Program_Files/Raspberry_Pi/Pico_SDK_v1.5.1/pico-sdk/src/common/pico_time/time.c.obj
 *fill*         0x10008766        0x2 
 .rodata.__func__.5
                0x10008768        0xd CMakeFiles/blink.dir/C_/Program_Files/Raspberry_Pi/Pico_SDK_v1.5.1/pico-sdk/src/common/pico_time/time.c.obj
 *fill*         0x10008775        0x3 
 .rodata.__func__.6
                0x10008778       0x12 CMakeFiles/blink.dir/C_/Program_Files/Raspberry_Pi/Pico_SDK_v1.5.1/pico-sdk/src/common/pico_time/time.c.obj
 *fill*         0x1000878a        0x2 
 .rodata.__func__.7
                0x1000878c        0xf CMakeFiles/blink.dir/C_/Program_Files/Raspberry_Pi/Pico_SDK_v1.5.1/pico-sdk/src/common/pico_time/time.c.obj
 *fill*         0x1000879b        0x1 
 .rodata.__func__.8
                0x1000879c        0xc CMakeFiles/blink.dir/C_/Program_Files/Raspberry_Pi/Pico_SDK_v1.5.1/pico-sdk/src/common/pico_time/time.c.obj
 .rodata.__func__.9
                0x100087a8       0x15 CMakeFiles/blink.dir/C_/Program_Files/Raspberry_Pi/Pico_SDK_v1.5.1/pico-sdk/src/common/pico_time/time.c.obj
 *fill*         0x100087bd        0x3 
 .rodata.hardware_alarm_claim.str1.4
                0x100087c0       0x22 CMakeFiles/blink.dir/C_/Program_Files/Raspberry_Pi/Pico_SDK_v1.5.1/pico-sdk/src/rp2_common/hardware_timer/timer.c.obj
 *fill*         0x100087e2        0x2 
 .rodata.hardware_alarm_set_target.str1.4
                0x100087e4       0x81 CMakeFiles/blink.dir/C_/Program_Files/Raspberry_Pi/Pico_SDK_v1.5.1/pico-sdk/src/rp2_common/hardware_timer/timer.c.obj
 *fill*         0x10008865        0x3 
 .rodata.__func__.0
                0x10008868       0x1a CMakeFiles/blink.dir/C_/Program_Files/Raspberry_Pi/Pico_SDK_v1.5.1/pico-sdk/src/rp2_common/hardware_timer/timer.c.obj
 .rodata.ph_add_child_node.str1.4
                0x10008882       0xb2 CMakeFiles/blink.dir/C_/Program_Files/Raspberry_Pi/Pico_SDK_v1.5.1/pico-sdk/src/common/pico_util/pheap.c.obj
 *fill*         0x10008882        0x2 
 .rodata.ph_remove_any_head.str1.4
                0x10008884       0xa8 CMakeFiles/blink.dir/C_/Program_Files/Raspberry_Pi/Pico_SDK_v1.5.1/pico-sdk/src/common/pico_util/pheap.c.obj
                                 0xbc (size before relaxing)
 .rodata.ph_remove_and_free_node.str1.4
                0x1000892c       0x1e CMakeFiles/blink.dir/C_/Program_Files/Raspberry_Pi/Pico_SDK_v1.5.1/pico-sdk/src/common/pico_util/pheap.c.obj
                                 0x26 (size before relaxing)
 *fill*         0x1000894a        0x2 
 .rodata.__func__.0
                0x1000894c       0x18 CMakeFiles/blink.dir/C_/Program_Files/Raspberry_Pi/Pico_SDK_v1.5.1/pico-sdk/src/common/pico_util/pheap.c.obj
 .rodata.__func__.1
                0x10008964       0x13 CMakeFiles/blink.dir/C_/Program_Files/Raspberry_Pi/Pico_SDK_v1.5.1/pico-sdk/src/common/pico_util/pheap.c.obj
 *fill*         0x10008977        0x1 
 .rodata.__func__.2
                0x10008978       0x12 CMakeFiles/blink.dir/C_/Program_Files/Raspberry_Pi/Pico_SDK_v1.5.1/pico-sdk/src/common/pico_util/pheap.c.obj
 *fill*         0x1000898a        0x2 
 .rodata.__func__.3
                0x1000898c        0xc CMakeFiles/blink.dir/C_/Program_Files/Raspberry_Pi/Pico_SDK_v1.5.1/pico-sdk/src/common/pico_util/pheap.c.obj
 .rodata.clock_configure.str1.4
                0x10008998       0x73 CMakeFiles/blink.dir/C_/Program_Files/Raspberry_Pi/Pico_SDK_v1.5.1/pico-sdk/src/rp2_common/hardware_clocks/clocks.c.obj
 *fill*         0x10008a0b        0x1 
 .rodata.__func__.1
                0x10008a0c       0x10 CMakeFiles/blink.dir/C_/Program_Files/Raspberry_Pi/Pico_SDK_v1.5.1/pico-sdk/src/rp2_common/hardware_clocks/clocks.c.obj
 .rodata.pll_init.str1.4
                0x10008a1c      0x140 CMakeFiles/blink.dir/C_/Program_Files/Raspberry_Pi/Pico_SDK_v1.5.1/pico-sdk/src/rp2_common/hardware_pll/pll.c.obj
 .rodata.__func__.0
                0x10008b5c        0x9 CMakeFiles/blink.dir/C_/Program_Files/Raspberry_Pi/Pico_SDK_v1.5.1/pico-sdk/src/rp2_common/hardware_pll/pll.c.obj
 *fill*         0x10008b65        0x3 
 .rodata.__assert_func.str1.4
                0x10008b68       0x3f CMakeFiles/blink.dir/C_/Program_Files/Raspberry_Pi/Pico_SDK_v1.5.1/pico-sdk/src/rp2_common/pico_runtime/runtime.c.obj
                                 0x43 (size before relaxing)
 *fill*         0x10008ba7        0x1 
 .rodata.runtime_init.str1.4
                0x10008ba8       0x7d CMakeFiles/blink.dir/C_/Program_Files/Raspberry_Pi/Pico_SDK_v1.5.1/pico-sdk/src/rp2_common/pico_runtime/runtime.c.obj
 *fill*         0x10008c25        0x3 
 .rodata.panic.str1.4
                0x10008c28       0x12 CMakeFiles/blink.dir/C_/Program_Files/Raspberry_Pi/Pico_SDK_v1.5.1/pico-sdk/src/rp2_common/pico_runtime/runtime.c.obj
 *fill*         0x10008c3a        0x2 
 .rodata.__func__.2
                0x10008c3c        0xd CMakeFiles/blink.dir/C_/Program_Files/Raspberry_Pi/Pico_SDK_v1.5.1/pico-sdk/src/rp2_common/pico_runtime/runtime.c.obj
 *fill*         0x10008c49        0x3 
 .rodata._ftoa.str1.4
                0x10008c4c       0x15 CMakeFiles/blink.dir/C_/Program_Files/Raspberry_Pi/Pico_SDK_v1.5.1/pico-sdk/src/rp2_common/pico_printf/printf.c.obj
 *fill*         0x10008c61        0x3 
 .rodata._vsnprintf
                0x10008c64      0x1e0 CMakeFiles/blink.dir/C_/Program_Files/Raspberry_Pi/Pico_SDK_v1.5.1/pico-sdk/src/rp2_common/pico_printf/printf.c.obj
 *fill*         0x10008e44        0x4 
 .rodata.pow10.0
                0x10008e48       0x50 CMakeFiles/blink.dir/C_/Program_Files/Raspberry_Pi/Pico_SDK_v1.5.1/pico-sdk/src/rp2_common/pico_printf/printf.c.obj
 .rodata.__aeabi_double_init.str1.4
                0x10008e98       0xb8 CMakeFiles/blink.dir/C_/Program_Files/Raspberry_Pi/Pico_SDK_v1.5.1/pico-sdk/src/rp2_common/pico_double/double_init_rom.c.obj
 .rodata.__func__.0
                0x10008f50       0x14 CMakeFiles/blink.dir/C_/Program_Files/Raspberry_Pi/Pico_SDK_v1.5.1/pico-sdk/src/rp2_common/pico_double/double_init_rom.c.obj
 .rodata.__aeabi_float_init.str1.4
                0x10008f64       0x96 CMakeFiles/blink.dir/C_/Program_Files/Raspberry_Pi/Pico_SDK_v1.5.1/pico-sdk/src/rp2_common/pico_float/float_init_rom.c.obj
                                 0x9a (size before relaxing)
 *fill*         0x10008ffa        0x2 
 .rodata.__func__.0
                0x10008ffc       0x13 CMakeFiles/blink.dir/C_/Program_Files/Raspberry_Pi/Pico_SDK_v1.5.1/pico-sdk/src/rp2_common/pico_float/float_init_rom.c.obj
 *fill*         0x1000900f        0x1 
 .rodata.str1.4
                0x10009010       0x40 CMakeFiles/blink.dir/C_/Program_Files/Raspberry_Pi/Pico_SDK_v1.5.1/pico-sdk/src/rp2_common/pico_standard_link/binary_info.c.obj
 .rodata.__bi_44
                0x10009050        0xc CMakeFiles/blink.dir/C_/Program_Files/Raspberry_Pi/Pico_SDK_v1.5.1/pico-sdk/src/rp2_common/pico_standard_link/binary_info.c.obj
 .rodata.__bi_75
                0x1000905c        0xc CMakeFiles/blink.dir/C_/Program_Files/Raspberry_Pi/Pico_SDK_v1.5.1/pico-sdk/src/rp2_common/pico_standard_link/binary_info.c.obj
 .rodata.__bi_81
                0x10009068        0xc CMakeFiles/blink.dir/C_/Program_Files/Raspberry_Pi/Pico_SDK_v1.5.1/pico-sdk/src/rp2_common/pico_standard_link/binary_info.c.obj
 .rodata.stdout_serialize_begin.str1.4
                0x10009074       0x7d CMakeFiles/blink.dir/C_/Program_Files/Raspberry_Pi/Pico_SDK_v1.5.1/pico-sdk/src/rp2_common/pico_stdio/stdio.c.obj
 .rodata.__func__.3
                0x10009074       0x15 CMakeFiles/blink.dir/C_/Program_Files/Raspberry_Pi/Pico_SDK_v1.5.1/pico-sdk/src/rp2_common/pico_stdio/stdio.c.obj
 *fill*         0x10009089        0x3 
 .rodata.crlf_str.2
                0x1000908c        0x2 CMakeFiles/blink.dir/C_/Program_Files/Raspberry_Pi/Pico_SDK_v1.5.1/pico-sdk/src/rp2_common/pico_stdio/stdio.c.obj
 *fill*         0x1000908e        0x2 
 .rodata._resetd_driver
                0x10009090       0x18 CMakeFiles/blink.dir/C_/Program_Files/Raspberry_Pi/Pico_SDK_v1.5.1/pico-sdk/src/rp2_common/pico_stdio_usb/reset_interface.c.obj
 .rodata.low_priority_worker_irq.str1.4
                0x100090a8       0x7d CMakeFiles/blink.dir/C_/Program_Files/Raspberry_Pi/Pico_SDK_v1.5.1/pico-sdk/src/rp2_common/pico_stdio_usb/stdio_usb.c.obj
 .rodata.stdio_usb_init.str1.4
                0x100090a8       0x61 CMakeFiles/blink.dir/C_/Program_Files/Raspberry_Pi/Pico_SDK_v1.5.1/pico-sdk/src/rp2_common/pico_stdio_usb/stdio_usb.c.obj
                                 0x69 (size before relaxing)
 *fill*         0x10009109        0x3 
 .rodata.str1.4
                0x1000910c       0x13 CMakeFiles/blink.dir/C_/Program_Files/Raspberry_Pi/Pico_SDK_v1.5.1/pico-sdk/src/rp2_common/pico_stdio_usb/stdio_usb.c.obj
 *fill*         0x1000911f        0x1 
 .rodata.__bi_182.0
                0x10009120        0xc CMakeFiles/blink.dir/C_/Program_Files/Raspberry_Pi/Pico_SDK_v1.5.1/pico-sdk/src/rp2_common/pico_stdio_usb/stdio_usb.c.obj
 .rodata.__func__.1
                0x1000912c        0xf CMakeFiles/blink.dir/C_/Program_Files/Raspberry_Pi/Pico_SDK_v1.5.1/pico-sdk/src/rp2_common/pico_stdio_usb/stdio_usb.c.obj
 *fill*         0x1000913b        0x1 
 .rodata.__func__.3
                0x1000913c       0x15 CMakeFiles/blink.dir/C_/Program_Files/Raspberry_Pi/Pico_SDK_v1.5.1/pico-sdk/src/rp2_common/pico_stdio_usb/stdio_usb.c.obj
 *fill*         0x10009151        0x3 
 .rodata.str1.4
                0x10009154       0x2a CMakeFiles/blink.dir/C_/Program_Files/Raspberry_Pi/Pico_SDK_v1.5.1/pico-sdk/src/rp2_common/pico_stdio_usb/stdio_usb_descriptors.c.obj
 *fill*         0x1000917e        0x2 
 .rodata.usbd_desc_cfg
                0x10009180       0x54 CMakeFiles/blink.dir/C_/Program_Files/Raspberry_Pi/Pico_SDK_v1.5.1/pico-sdk/src/rp2_common/pico_stdio_usb/stdio_usb_descriptors.c.obj
 .rodata.usbd_desc_device
                0x100091d4       0x12 CMakeFiles/blink.dir/C_/Program_Files/Raspberry_Pi/Pico_SDK_v1.5.1/pico-sdk/src/rp2_common/pico_stdio_usb/stdio_usb_descriptors.c.obj
 *fill*         0x100091e6        0x2 
 .rodata.usbd_desc_str
                0x100091e8       0x18 CMakeFiles/blink.dir/C_/Program_Files/Raspberry_Pi/Pico_SDK_v1.5.1/pico-sdk/src/rp2_common/pico_stdio_usb/stdio_usb_descriptors.c.obj
 .rodata.pico_get_unique_board_id_string.str1.4
                0x10009200       0x69 CMakeFiles/blink.dir/C_/Program_Files/Raspberry_Pi/Pico_SDK_v1.5.1/pico-sdk/src/rp2_common/pico_unique_id/unique_id.c.obj
 *fill*         0x10009269        0x3 
 .rodata.__func__.0
                0x1000926c       0x20 CMakeFiles/blink.dir/C_/Program_Files/Raspberry_Pi/Pico_SDK_v1.5.1/pico-sdk/src/rp2_common/pico_unique_id/unique_id.c.obj
 .rodata.str1.4
                0x1000928c      0x176 CMakeFiles/blink.dir/C_/Program_Files/Raspberry_Pi/Pico_SDK_v1.5.1/pico-sdk/src/rp2_common/hardware_flash/flash.c.obj
 *fill*         0x10009402        0x2 
 .rodata.__func__.0
                0x10009404        0xd CMakeFiles/blink.dir/C_/Program_Files/Raspberry_Pi/Pico_SDK_v1.5.1/pico-sdk/src/rp2_common/hardware_flash/flash.c.obj
 *fill*         0x10009411        0x3 
 .rodata._hw_endpoint_alloc.str1.4
                0x10009414       0xd1 CMakeFiles/blink.dir/C_/Program_Files/Raspberry_Pi/Pico_SDK_v1.5.1/pico-sdk/lib/tinyusb/src/portable/raspberrypi/rp2040/dcd_rp2040.c.obj
 *fill*         0x100094e5        0x3 
 .rodata.str1.4
                0x100094e8       0x14 CMakeFiles/blink.dir/C_/Program_Files/Raspberry_Pi/Pico_SDK_v1.5.1/pico-sdk/lib/tinyusb/src/portable/raspberrypi/rp2040/dcd_rp2040.c.obj
 .rodata.dcd_int_enable.str1.4
                0x100094fc        0xc CMakeFiles/blink.dir/C_/Program_Files/Raspberry_Pi/Pico_SDK_v1.5.1/pico-sdk/lib/tinyusb/src/portable/raspberrypi/rp2040/dcd_rp2040.c.obj
 .rodata.__func__.0
                0x10009508        0xe CMakeFiles/blink.dir/C_/Program_Files/Raspberry_Pi/Pico_SDK_v1.5.1/pico-sdk/lib/tinyusb/src/portable/raspberrypi/rp2040/dcd_rp2040.c.obj
 *fill*         0x10009516        0x2 
 .rodata.__func__.1
                0x10009518        0xe CMakeFiles/blink.dir/C_/Program_Files/Raspberry_Pi/Pico_SDK_v1.5.1/pico-sdk/lib/tinyusb/src/portable/raspberrypi/rp2040/dcd_rp2040.c.obj
 *fill*         0x10009526        0x2 
 .rodata.__func__.3
                0x10009528       0x10 CMakeFiles/blink.dir/C_/Program_Files/Raspberry_Pi/Pico_SDK_v1.5.1/pico-sdk/lib/tinyusb/src/portable/raspberrypi/rp2040/dcd_rp2040.c.obj
 .rodata.__func__.5
                0x10009538        0xf CMakeFiles/blink.dir/C_/Program_Files/Raspberry_Pi/Pico_SDK_v1.5.1/pico-sdk/lib/tinyusb/src/portable/raspberrypi/rp2040/dcd_rp2040.c.obj
 *fill*         0x10009547        0x1 
 .rodata.__func__.6
                0x10009548       0x13 CMakeFiles/blink.dir/C_/Program_Files/Raspberry_Pi/Pico_SDK_v1.5.1/pico-sdk/lib/tinyusb/src/portable/raspberrypi/rp2040/dcd_rp2040.c.obj
 *fill*         0x1000955b        0x1 
 .rodata.__func__.7
                0x1000955c        0x9 CMakeFiles/blink.dir/C_/Program_Files/Raspberry_Pi/Pico_SDK_v1.5.1/pico-sdk/lib/tinyusb/src/portable/raspberrypi/rp2040/dcd_rp2040.c.obj
 *fill*         0x10009565        0x3 
 .rodata.str1.4
                0x10009568      0x103 CMakeFiles/blink.dir/C_/Program_Files/Raspberry_Pi/Pico_SDK_v1.5.1/pico-sdk/lib/tinyusb/src/portable/raspberrypi/rp2040/rp2040_usb.c.obj
 *fill*         0x1000966b        0x1 
 .rodata.__func__.0
                0x1000966c        0xf CMakeFiles/blink.dir/C_/Program_Files/Raspberry_Pi/Pico_SDK_v1.5.1/pico-sdk/lib/tinyusb/src/portable/raspberrypi/rp2040/rp2040_usb.c.obj
 *fill*         0x1000967b        0x1 
 .rodata.process_get_descriptor
                0x1000967c       0x40 CMakeFiles/blink.dir/C_/Program_Files/Raspberry_Pi/Pico_SDK_v1.5.1/pico-sdk/lib/tinyusb/src/device/usbd.c.obj
 .rodata.process_control_request
                0x100096bc       0x28 CMakeFiles/blink.dir/C_/Program_Files/Raspberry_Pi/Pico_SDK_v1.5.1/pico-sdk/lib/tinyusb/src/device/usbd.c.obj
 .rodata.tud_task_ext
                0x100096e4       0x24 CMakeFiles/blink.dir/C_/Program_Files/Raspberry_Pi/Pico_SDK_v1.5.1/pico-sdk/lib/tinyusb/src/device/usbd.c.obj
 .rodata._usbd_driver
                0x10009708       0x18 CMakeFiles/blink.dir/C_/Program_Files/Raspberry_Pi/Pico_SDK_v1.5.1/pico-sdk/lib/tinyusb/src/device/usbd.c.obj
 .rodata._pio_find_offset_for_program.str1.4
                0x10009720       0x85 CMakeFiles/blink.dir/C_/Program_Files/Raspberry_Pi/Pico_SDK_v1.5.1/pico-sdk/src/rp2_common/hardware_pio/pio.c.obj
 *fill*         0x100097a5        0x3 
 .rodata._pio_add_program_at_offset.str1.4
                0x100097a8       0x11 CMakeFiles/blink.dir/C_/Program_Files/Raspberry_Pi/Pico_SDK_v1.5.1/pico-sdk/src/rp2_common/hardware_pio/pio.c.obj
 *fill*         0x100097b9        0x3 
 .rodata.pio_claim_unused_sm.str1.4
                0x100097bc       0x24 CMakeFiles/blink.dir/C_/Program_Files/Raspberry_Pi/Pico_SDK_v1.5.1/pico-sdk/src/rp2_common/hardware_pio/pio.c.obj
 .rodata.pio_remove_program.str1.4
                0x100097e0       0x4d CMakeFiles/blink.dir/C_/Program_Files/Raspberry_Pi/Pico_SDK_v1.5.1/pico-sdk/src/rp2_common/hardware_pio/pio.c.obj
 *fill*         0x1000982d        0x3 
 .rodata.__func__.0
                0x10009830       0x13 CMakeFiles/blink.dir/C_/Program_Files/Raspberry_Pi/Pico_SDK_v1.5.1/pico-sdk/src/rp2_common/hardware_pio/pio.c.obj
 *fill*         0x10009843        0x1 
 .rodata.__func__.1
                0x10009844       0x1d CMakeFiles/blink.dir/C_/Program_Files/Raspberry_Pi/Pico_SDK_v1.5.1/pico-sdk/src/rp2_common/hardware_pio/pio.c.obj
 *fill*         0x10009861        0x3 
 .rodata.i2c_set_baudrate.str1.4
                0x10009864       0x79 CMakeFiles/blink.dir/C_/Program_Files/Raspberry_Pi/Pico_SDK_v1.5.1/pico-sdk/src/rp2_common/hardware_i2c/i2c.c.obj
 *fill*         0x100098dd        0x3 
 .rodata.__func__.0
                0x100098e0       0x11 CMakeFiles/blink.dir/C_/Program_Files/Raspberry_Pi/Pico_SDK_v1.5.1/pico-sdk/src/rp2_common/hardware_i2c/i2c.c.obj
                0x100098f4                . = ALIGN (0x4)
 *fill*         0x100098f1        0x3 
 *(SORT_BY_ALIGNMENT(SORT_BY_NAME(.flashdata*)))
                0x100098f4                . = ALIGN (0x4)

.ARM.extab
 *(.ARM.extab* .gnu.linkonce.armextab.*)
                0x100098f4                __exidx_start = .

.ARM.exidx
 *(.ARM.exidx* .gnu.linkonce.armexidx.*)
                0x100098f4                __exidx_end = .
                0x100098f4                . = ALIGN (0x4)
                0x100098f4                __binary_info_start = .

.binary_info    0x100098f4       0x20
 *(.binary_info.keep.*)
 .binary_info.keep.__bi_ptr22
                0x100098f4        0x4 CMakeFiles/blink.dir/C_/Program_Files/Raspberry_Pi/Pico_SDK_v1.5.1/pico-sdk/src/rp2_common/pico_standard_link/binary_info.c.obj
 .binary_info.keep.__bi_ptr30
                0x100098f8        0x4 CMakeFiles/blink.dir/C_/Program_Files/Raspberry_Pi/Pico_SDK_v1.5.1/pico-sdk/src/rp2_common/pico_standard_link/binary_info.c.obj
 .binary_info.keep.__bi_ptr38
                0x100098fc        0x4 CMakeFiles/blink.dir/C_/Program_Files/Raspberry_Pi/Pico_SDK_v1.5.1/pico-sdk/src/rp2_common/pico_standard_link/binary_info.c.obj
 .binary_info.keep.__bi_ptr44
                0x10009900        0x4 CMakeFiles/blink.dir/C_/Program_Files/Raspberry_Pi/Pico_SDK_v1.5.1/pico-sdk/src/rp2_common/pico_standard_link/binary_info.c.obj
 .binary_info.keep.__bi_ptr50
                0x10009904        0x4 CMakeFiles/blink.dir/C_/Program_Files/Raspberry_Pi/Pico_SDK_v1.5.1/pico-sdk/src/rp2_common/pico_standard_link/binary_info.c.obj
 .binary_info.keep.__bi_ptr75
                0x10009908        0x4 CMakeFiles/blink.dir/C_/Program_Files/Raspberry_Pi/Pico_SDK_v1.5.1/pico-sdk/src/rp2_common/pico_standard_link/binary_info.c.obj
 .binary_info.keep.__bi_ptr81
                0x1000990c        0x4 CMakeFiles/blink.dir/C_/Program_Files/Raspberry_Pi/Pico_SDK_v1.5.1/pico-sdk/src/rp2_common/pico_standard_link/binary_info.c.obj
 *(.binary_info.*)
 .binary_info.__bi_ptr182
                0x10009910        0x4 CMakeFiles/blink.dir/C_/Program_Files/Raspberry_Pi/Pico_SDK_v1.5.1/pico-sdk/src/rp2_common/pico_stdio_usb/stdio_usb.c.obj
                0x10009914                __binary_info_end = .

.rel.dyn        0x10009914        0x0