
Memory Configuration

Name             Origin             Length             Attributes
SRAM             0x20041f00         0x000000fc         xr
*default*        0x00000000         0xffffffff

Linker script and memory map

                0x20041f00                . = ORIGIN (SRAM)

.text           0x20041f00       0xf0
 *(.entry)
 *(.text)
 .text          0x20041f00       0xf0 CMakeFiles/slower_boot2.dir/C_/Program_Files/Raspberry_Pi/Pico_SDK_v1.5.1/pico-sdk/src/rp2_common/boot_stage2/compile_time_choice.S.obj
                0x20041f00                _stage2_boot
                0x20041fbc                read_flash_sreg
                0x20041fcc                literals
LOAD CMakeFiles/slower_boot2.dir/C_/Program_Files/Raspberry_Pi/Pico_SDK_v1.5.1/pico-sdk/src/rp2_common/boot_stage2/compile_time_choice.S.obj
START GROUP
LOAD c:/progra~1/raspbe~1/picosd~1.1/gcc-ar~1/bin/../lib/gcc/arm-none-eabi/10.3.1/thumb/v6-m/nofp\libgcc.a
LOAD c:/progra~1/raspbe~1/picosd~1.1/gcc-ar~1/bin/../lib/gcc/arm-none-eabi/10.3.1/../../../../arm-none-eabi/lib/thumb/v6-m/nofp\libg.a
LOAD c:/progra~1/raspbe~1/picosd~1.1/gcc-ar~1/bin/../lib/gcc/arm-none-eabi/10.3.1/../../../../arm-none-eabi/lib/thumb/v6-m/nofp\libc.a
END GROUP
START GROUP
LOAD c:/progra~1/raspbe~1/picosd~1.1/gcc-ar~1/bin/../lib/gcc/arm-none-eabi/10.3.1/thumb/v6-m/nofp\libgcc.a
LOAD c:/progra~1/raspbe~1/picosd~1.1/gcc-ar~1/bin/../lib/gcc/arm-none-eabi/10.3.1/../../../../arm-none-eabi/lib/thumb/v6-m/nofp\libc.a
LOAD c:/progra~1/raspbe~1/picosd~1.1/gcc-ar~1/bin/../lib/gcc/arm-none-eabi/10.3.1/../../../../arm-none-eabi/lib/thumb/v6-m/nofp\libnosys.a
END GROUP
OUTPUT(slower_boot2.elf elf32-littlearm)
LOAD linker stubs

.data           0x20041ff0        0x0
 .data          0x20041ff0        0x0 CMakeFiles/slower_boot2.dir/C_/Program_Files/Raspberry_Pi/Pico_SDK_v1.5.1/pico-sdk/src/rp2_common/boot_stage2/compile_time_choice.S.obj

.igot.plt       0x20041ff0        0x0
 .igot.plt      0x20041ff0        0x0 CMakeFiles/slower_boot2.dir/C_/Program_Files/Raspberry_Pi/Pico_SDK_v1.5.1/pico-sdk/src/rp2_common/boot_stage2/compile_time_choice.S.obj

.glue_7         0x20041ff0        0x0
 .glue_7        0x20041ff0        0x0 linker stubs

.glue_7t        0x20041ff0        0x0
 .glue_7t       0x20041ff0        0x0 linker stubs

.vfp11_veneer   0x20041ff0        0x0
 .vfp11_veneer  0x20041ff0        0x0 linker stubs

.v4_bx          0x20041ff0        0x0
 .v4_bx         0x20041ff0        0x0 linker stubs

.iplt           0x20041ff0        0x0
 .iplt          0x20041ff0        0x0 CMakeFiles/slower_boot2.dir/C_/Program_Files/Raspberry_Pi/Pico_SDK_v1.5.1/pico-sdk/src/rp2_common/boot_stage2/compile_time_choice.S.obj

.rel.dyn        0x20041ff0        0x0
 .rel.iplt      0x20041ff0        0x0 CMakeFiles/slower_boot2.dir/C_/Program_Files/Raspberry_Pi/Pico_SDK_v1.5.1/pico-sdk/src/rp2_common/boot_stage2/compile_time_choice.S.obj

.bss            0x20041ff0        0x0
 .bss           0x20041ff0        0x0 CMakeFiles/slower_boot2.dir/C_/Program_Files/Raspberry_Pi/Pico_SDK_v1.5.1/pico-sdk/src/rp2_common/boot_stage2/compile_time_choice.S.obj

.ARM.attributes
                0x00000000       0x22
 .ARM.attributes
                0x00000000       0x22 CMakeFiles/slower_boot2.dir/C_/Program_Files/Raspberry_Pi/Pico_SDK_v1.5.1/pico-sdk/src/rp2_common/boot_stage2/compile_time_choice.S.obj

.debug_line     0x00000000      0x1cb
 .debug_line    0x00000000      0x1cb CMakeFiles/slower_boot2.dir/C_/Program_Files/Raspberry_Pi/Pico_SDK_v1.5.1/pico-sdk/src/rp2_common/boot_stage2/compile_time_choice.S.obj

.debug_info     0x00000000       0x26
 .debug_info    0x00000000       0x26 CMakeFiles/slower_boot2.dir/C_/Program_Files/Raspberry_Pi/Pico_SDK_v1.5.1/pico-sdk/src/rp2_common/boot_stage2/compile_time_choice.S.obj

.debug_abbrev   0x00000000       0x14
 .debug_abbrev  0x00000000       0x14 CMakeFiles/slower_boot2.dir/C_/Program_Files/Raspberry_Pi/Pico_SDK_v1.5.1/pico-sdk/src/rp2_common/boot_stage2/compile_time_choice.S.obj

.debug_aranges  0x00000000       0x20
 .debug_aranges
                0x00000000       0x20 CMakeFiles/slower_boot2.dir/C_/Program_Files/Raspberry_Pi/Pico_SDK_v1.5.1/pico-sdk/src/rp2_common/boot_stage2/compile_time_choice.S.obj

.debug_str      0x00000000       0xa7
 .debug_str     0x00000000       0xa7 CMakeFiles/slower_boot2.dir/C_/Program_Files/Raspberry_Pi/Pico_SDK_v1.5.1/pico-sdk/src/rp2_common/boot_stage2/compile_time_choice.S.obj
